<?xml version="1.0"?>
<link_info>
   <banner>TI ARM Linker Unix v16.9.1.LTS</banner>
   <copyright>Copyright (c) 1996-2015 Texas Instruments Incorporated</copyright>
   <link_time>0x590078d1</link_time>
   <link_errors>0x0</link_errors>
   <output_file>watchdog.out</output_file>
   <entry_point>
      <name>_c_int00</name>
      <address>0x20004ff5</address>
   </entry_point>
   <input_file_list>
      <input_file id="fl-2">
         <path>./</path>
         <kind>object</kind>
         <file>gpio_if.obj</file>
         <name>gpio_if.obj</name>
      </input_file>
      <input_file id="fl-3">
         <path>./</path>
         <kind>object</kind>
         <file>main.obj</file>
         <name>main.obj</name>
      </input_file>
      <input_file id="fl-4">
         <path>./</path>
         <kind>object</kind>
         <file>pinmux.obj</file>
         <name>pinmux.obj</name>
      </input_file>
      <input_file id="fl-5">
         <path>./</path>
         <kind>object</kind>
         <file>startup_ccs.obj</file>
         <name>startup_ccs.obj</name>
      </input_file>
      <input_file id="fl-6">
         <path>./</path>
         <kind>object</kind>
         <file>uart_if.obj</file>
         <name>uart_if.obj</name>
      </input_file>
      <input_file id="fl-7">
         <path>./</path>
         <kind>object</kind>
         <file>wdt_if.obj</file>
         <name>wdt_if.obj</name>
      </input_file>
      <input_file id="fl-c2">
         <path>/home/waqar/ti/ccsv7/tools/compiler/ti-cgt-arm_16.9.1.LTS/lib/</path>
         <kind>archive</kind>
         <file>rtsv7M4_T_le_eabi.lib</file>
         <name>boot.obj</name>
      </input_file>
      <input_file id="fl-c3">
         <path>/home/waqar/ti/ccsv7/tools/compiler/ti-cgt-arm_16.9.1.LTS/lib/</path>
         <kind>archive</kind>
         <file>rtsv7M4_T_le_eabi.lib</file>
         <name>copy_decompress_lzss.obj</name>
      </input_file>
      <input_file id="fl-c4">
         <path>/home/waqar/ti/ccsv7/tools/compiler/ti-cgt-arm_16.9.1.LTS/lib/</path>
         <kind>archive</kind>
         <file>rtsv7M4_T_le_eabi.lib</file>
         <name>copy_decompress_none.obj</name>
      </input_file>
      <input_file id="fl-c5">
         <path>/home/waqar/ti/ccsv7/tools/compiler/ti-cgt-arm_16.9.1.LTS/lib/</path>
         <kind>archive</kind>
         <file>rtsv7M4_T_le_eabi.lib</file>
         <name>copy_zero_init.obj</name>
      </input_file>
      <input_file id="fl-c6">
         <path>/home/waqar/ti/ccsv7/tools/compiler/ti-cgt-arm_16.9.1.LTS/lib/</path>
         <kind>archive</kind>
         <file>rtsv7M4_T_le_eabi.lib</file>
         <name>exit.obj</name>
      </input_file>
      <input_file id="fl-c7">
         <path>/home/waqar/ti/ccsv7/tools/compiler/ti-cgt-arm_16.9.1.LTS/lib/</path>
         <kind>archive</kind>
         <file>rtsv7M4_T_le_eabi.lib</file>
         <name>memcpy_t2.obj</name>
      </input_file>
      <input_file id="fl-c8">
         <path>/home/waqar/ti/ccsv7/tools/compiler/ti-cgt-arm_16.9.1.LTS/lib/</path>
         <kind>archive</kind>
         <file>rtsv7M4_T_le_eabi.lib</file>
         <name>memmov.obj</name>
      </input_file>
      <input_file id="fl-c9">
         <path>/home/waqar/ti/ccsv7/tools/compiler/ti-cgt-arm_16.9.1.LTS/lib/</path>
         <kind>archive</kind>
         <file>rtsv7M4_T_le_eabi.lib</file>
         <name>memory.obj</name>
      </input_file>
      <input_file id="fl-ca">
         <path>/home/waqar/ti/ccsv7/tools/compiler/ti-cgt-arm_16.9.1.LTS/lib/</path>
         <kind>archive</kind>
         <file>rtsv7M4_T_le_eabi.lib</file>
         <name>memset_t2.obj</name>
      </input_file>
      <input_file id="fl-cb">
         <path>/home/waqar/ti/ccsv7/tools/compiler/ti-cgt-arm_16.9.1.LTS/lib/</path>
         <kind>archive</kind>
         <file>rtsv7M4_T_le_eabi.lib</file>
         <name>mpu_init.obj</name>
      </input_file>
      <input_file id="fl-cc">
         <path>/home/waqar/ti/ccsv7/tools/compiler/ti-cgt-arm_16.9.1.LTS/lib/</path>
         <kind>archive</kind>
         <file>rtsv7M4_T_le_eabi.lib</file>
         <name>pre_init.obj</name>
      </input_file>
      <input_file id="fl-cd">
         <path>/home/waqar/ti/ccsv7/tools/compiler/ti-cgt-arm_16.9.1.LTS/lib/</path>
         <kind>archive</kind>
         <file>rtsv7M4_T_le_eabi.lib</file>
         <name>stkdepth_vars.obj</name>
      </input_file>
      <input_file id="fl-ce">
         <path>/home/waqar/ti/ccsv7/tools/compiler/ti-cgt-arm_16.9.1.LTS/lib/</path>
         <kind>archive</kind>
         <file>rtsv7M4_T_le_eabi.lib</file>
         <name>strlen.obj</name>
      </input_file>
      <input_file id="fl-cf">
         <path>/home/waqar/ti/ccsv7/tools/compiler/ti-cgt-arm_16.9.1.LTS/lib/</path>
         <kind>archive</kind>
         <file>rtsv7M4_T_le_eabi.lib</file>
         <name>vsnprintf.obj</name>
      </input_file>
      <input_file id="fl-d0">
         <path>/home/waqar/ti/ccsv7/tools/compiler/ti-cgt-arm_16.9.1.LTS/lib/</path>
         <kind>archive</kind>
         <file>rtsv7M4_T_le_eabi.lib</file>
         <name>_lock.obj</name>
      </input_file>
      <input_file id="fl-d1">
         <path>/home/waqar/ti/ccsv7/tools/compiler/ti-cgt-arm_16.9.1.LTS/lib/</path>
         <kind>archive</kind>
         <file>rtsv7M4_T_le_eabi.lib</file>
         <name>_printfi.obj</name>
      </input_file>
      <input_file id="fl-d2">
         <path>/home/waqar/ti/ccsv7/tools/compiler/ti-cgt-arm_16.9.1.LTS/lib/</path>
         <kind>archive</kind>
         <file>rtsv7M4_T_le_eabi.lib</file>
         <name>args_main.obj</name>
      </input_file>
      <input_file id="fl-d3">
         <path>/home/waqar/ti/ccsv7/tools/compiler/ti-cgt-arm_16.9.1.LTS/lib/</path>
         <kind>archive</kind>
         <file>rtsv7M4_T_le_eabi.lib</file>
         <name>atoi.obj</name>
      </input_file>
      <input_file id="fl-d4">
         <path>/home/waqar/ti/ccsv7/tools/compiler/ti-cgt-arm_16.9.1.LTS/lib/</path>
         <kind>archive</kind>
         <file>rtsv7M4_T_le_eabi.lib</file>
         <name>autoinit.obj</name>
      </input_file>
      <input_file id="fl-d5">
         <path>/home/waqar/ti/ccsv7/tools/compiler/ti-cgt-arm_16.9.1.LTS/lib/</path>
         <kind>archive</kind>
         <file>rtsv7M4_T_le_eabi.lib</file>
         <name>cpy_tbl.obj</name>
      </input_file>
      <input_file id="fl-d6">
         <path>/home/waqar/ti/ccsv7/tools/compiler/ti-cgt-arm_16.9.1.LTS/lib/</path>
         <kind>archive</kind>
         <file>rtsv7M4_T_le_eabi.lib</file>
         <name>ctype.obj</name>
      </input_file>
      <input_file id="fl-d7">
         <path>/home/waqar/ti/ccsv7/tools/compiler/ti-cgt-arm_16.9.1.LTS/lib/</path>
         <kind>archive</kind>
         <file>rtsv7M4_T_le_eabi.lib</file>
         <name>fd_add_t2.obj</name>
      </input_file>
      <input_file id="fl-d8">
         <path>/home/waqar/ti/ccsv7/tools/compiler/ti-cgt-arm_16.9.1.LTS/lib/</path>
         <kind>archive</kind>
         <file>rtsv7M4_T_le_eabi.lib</file>
         <name>fd_cmp_t2.obj</name>
      </input_file>
      <input_file id="fl-d9">
         <path>/home/waqar/ti/ccsv7/tools/compiler/ti-cgt-arm_16.9.1.LTS/lib/</path>
         <kind>archive</kind>
         <file>rtsv7M4_T_le_eabi.lib</file>
         <name>fd_div_t2.obj</name>
      </input_file>
      <input_file id="fl-da">
         <path>/home/waqar/ti/ccsv7/tools/compiler/ti-cgt-arm_16.9.1.LTS/lib/</path>
         <kind>archive</kind>
         <file>rtsv7M4_T_le_eabi.lib</file>
         <name>fd_mul_t2.obj</name>
      </input_file>
      <input_file id="fl-db">
         <path>/home/waqar/ti/ccsv7/tools/compiler/ti-cgt-arm_16.9.1.LTS/lib/</path>
         <kind>archive</kind>
         <file>rtsv7M4_T_le_eabi.lib</file>
         <name>fd_toi_t2.obj</name>
      </input_file>
      <input_file id="fl-dc">
         <path>/home/waqar/ti/ccsv7/tools/compiler/ti-cgt-arm_16.9.1.LTS/lib/</path>
         <kind>archive</kind>
         <file>rtsv7M4_T_le_eabi.lib</file>
         <name>i_tofd_t2.obj</name>
      </input_file>
      <input_file id="fl-dd">
         <path>/home/waqar/ti/ccsv7/tools/compiler/ti-cgt-arm_16.9.1.LTS/lib/</path>
         <kind>archive</kind>
         <file>rtsv7M4_T_le_eabi.lib</file>
         <name>ltoa.obj</name>
      </input_file>
      <input_file id="fl-de">
         <path>/home/waqar/ti/ccsv7/tools/compiler/ti-cgt-arm_16.9.1.LTS/lib/</path>
         <kind>archive</kind>
         <file>rtsv7M4_T_le_eabi.lib</file>
         <name>memccpy.obj</name>
      </input_file>
      <input_file id="fl-df">
         <path>/home/waqar/ti/ccsv7/tools/compiler/ti-cgt-arm_16.9.1.LTS/lib/</path>
         <kind>archive</kind>
         <file>rtsv7M4_T_le_eabi.lib</file>
         <name>s_frexp.obj</name>
      </input_file>
      <input_file id="fl-e0">
         <path>/home/waqar/ti/ccsv7/tools/compiler/ti-cgt-arm_16.9.1.LTS/lib/</path>
         <kind>archive</kind>
         <file>rtsv7M4_T_le_eabi.lib</file>
         <name>s_scalbn.obj</name>
      </input_file>
      <input_file id="fl-e1">
         <path>/home/waqar/ti/ccsv7/tools/compiler/ti-cgt-arm_16.9.1.LTS/lib/</path>
         <kind>archive</kind>
         <file>rtsv7M4_T_le_eabi.lib</file>
         <name>startup.obj</name>
      </input_file>
      <input_file id="fl-e2">
         <path>/home/waqar/ti/ccsv7/tools/compiler/ti-cgt-arm_16.9.1.LTS/lib/</path>
         <kind>archive</kind>
         <file>rtsv7M4_T_le_eabi.lib</file>
         <name>strchr.obj</name>
      </input_file>
      <input_file id="fl-e3">
         <path>/home/waqar/ti/ccsv7/tools/compiler/ti-cgt-arm_16.9.1.LTS/lib/</path>
         <kind>archive</kind>
         <file>rtsv7M4_T_le_eabi.lib</file>
         <name>ull_div_t2.obj</name>
      </input_file>
      <input_file id="fl-e4">
         <path>/home/waqar/ti/ccsv7/tools/compiler/ti-cgt-arm_16.9.1.LTS/lib/</path>
         <kind>archive</kind>
         <file>rtsv7M4_T_le_eabi.lib</file>
         <name>errno.obj</name>
      </input_file>
      <input_file id="fl-e5">
         <path>/home/waqar/ti/ccsv7/tools/compiler/ti-cgt-arm_16.9.1.LTS/lib/</path>
         <kind>archive</kind>
         <file>rtsv7M4_T_le_eabi.lib</file>
         <name>s_copysign.obj</name>
      </input_file>
      <input_file id="fl-e6">
         <path>/home/waqar/ti/CC3200SDK_1.1.0/cc3200-sdk/driverlib/ccs/Release/</path>
         <kind>archive</kind>
         <file>driverlib.a</file>
         <name>gpio.obj</name>
      </input_file>
      <input_file id="fl-e7">
         <path>/home/waqar/ti/CC3200SDK_1.1.0/cc3200-sdk/driverlib/ccs/Release/</path>
         <kind>archive</kind>
         <file>driverlib.a</file>
         <name>interrupt.obj</name>
      </input_file>
      <input_file id="fl-e8">
         <path>/home/waqar/ti/CC3200SDK_1.1.0/cc3200-sdk/driverlib/ccs/Release/</path>
         <kind>archive</kind>
         <file>driverlib.a</file>
         <name>pin.obj</name>
      </input_file>
      <input_file id="fl-e9">
         <path>/home/waqar/ti/CC3200SDK_1.1.0/cc3200-sdk/driverlib/ccs/Release/</path>
         <kind>archive</kind>
         <file>driverlib.a</file>
         <name>prcm.obj</name>
      </input_file>
      <input_file id="fl-ea">
         <path>/home/waqar/ti/CC3200SDK_1.1.0/cc3200-sdk/driverlib/ccs/Release/</path>
         <kind>archive</kind>
         <file>driverlib.a</file>
         <name>uart.obj</name>
      </input_file>
      <input_file id="fl-eb">
         <path>/home/waqar/ti/CC3200SDK_1.1.0/cc3200-sdk/driverlib/ccs/Release/</path>
         <kind>archive</kind>
         <file>driverlib.a</file>
         <name>utils.obj</name>
      </input_file>
      <input_file id="fl-ec">
         <path>/home/waqar/ti/CC3200SDK_1.1.0/cc3200-sdk/driverlib/ccs/Release/</path>
         <kind>archive</kind>
         <file>driverlib.a</file>
         <name>wdt.obj</name>
      </input_file>
      <input_file id="fl-ed">
         <path>/home/waqar/ti/CC3200SDK_1.1.0/cc3200-sdk/driverlib/ccs/Release/</path>
         <kind>archive</kind>
         <file>driverlib.a</file>
         <name>cpu.obj</name>
      </input_file>
      <input_file id="fl-ee">
         <path>/home/waqar/ti/CC3200SDK_1.1.0/cc3200-sdk/driverlib/ccs/Release/</path>
         <kind>archive</kind>
         <file>driverlib.a</file>
         <name>flash.obj</name>
      </input_file>
      <input_file id="fl-ef">
         <path>/home/waqar/ti/ccsv7/tools/compiler/ti-cgt-arm_16.9.1.LTS/lib/</path>
         <kind>archive</kind>
         <file>rtsv7M4_T_le_eabi.lib</file>
         <name>ll_lsr_t2.obj</name>
      </input_file>
   </input_file_list>
   <object_component_list>
      <object_component id="oc-f">
         <name>.intvecs</name>
         <load_address>0x20004000</load_address>
         <run_address>0x20004000</run_address>
         <size>0x400</size>
         <input_file_ref idref="fl-5"/>
      </object_component>
      <object_component id="oc-d8">
         <name>.text</name>
         <load_address>0x20004400</load_address>
         <run_address>0x20004400</run_address>
         <size>0x398</size>
         <input_file_ref idref="fl-2"/>
      </object_component>
      <object_component id="oc-f7">
         <name>.text:PRCMCC3200MCUInit</name>
         <load_address>0x20004798</load_address>
         <run_address>0x20004798</run_address>
         <size>0x134</size>
         <input_file_ref idref="fl-e9"/>
      </object_component>
      <object_component id="oc-222">
         <name>.text:IntDisable</name>
         <load_address>0x200048cc</load_address>
         <run_address>0x200048cc</run_address>
         <size>0xa8</size>
         <input_file_ref idref="fl-e7"/>
      </object_component>
      <object_component id="oc-f1">
         <name>.text:IntEnable</name>
         <load_address>0x20004974</load_address>
         <run_address>0x20004974</run_address>
         <size>0xa8</size>
         <input_file_ref idref="fl-e7"/>
      </object_component>
      <object_component id="oc-a8">
         <name>.text</name>
         <load_address>0x20004a1c</load_address>
         <run_address>0x20004a1c</run_address>
         <size>0xa8</size>
         <input_file_ref idref="fl-3"/>
      </object_component>
      <object_component id="oc-41">
         <name>.text</name>
         <load_address>0x20004ac4</load_address>
         <run_address>0x20004ac4</run_address>
         <size>0x9c</size>
         <input_file_ref idref="fl-c7"/>
      </object_component>
      <object_component id="oc-20e">
         <name>.text:PinConfigSet</name>
         <load_address>0x20004b60</load_address>
         <run_address>0x20004b60</run_address>
         <size>0x88</size>
         <input_file_ref idref="fl-e8"/>
      </object_component>
      <object_component id="oc-13c">
         <name>.text:GPIOIntTypeSet</name>
         <load_address>0x20004be8</load_address>
         <run_address>0x20004be8</run_address>
         <size>0x82</size>
         <input_file_ref idref="fl-e6"/>
      </object_component>
      <object_component id="oc-4d">
         <name>.text</name>
         <load_address>0x20004c6a</load_address>
         <run_address>0x20004c6a</run_address>
         <size>0x7a</size>
         <input_file_ref idref="fl-ca"/>
      </object_component>
      <object_component id="oc-65">
         <name>.text</name>
         <load_address>0x20004ce4</load_address>
         <run_address>0x20004ce4</run_address>
         <size>0x70</size>
         <input_file_ref idref="fl-d4"/>
      </object_component>
      <object_component id="oc-12">
         <name>.text:decompress:lzss</name>
         <load_address>0x20004d54</load_address>
         <run_address>0x20004d54</run_address>
         <size>0x68</size>
         <input_file_ref idref="fl-c3"/>
      </object_component>
      <object_component id="oc-103">
         <name>.text</name>
         <load_address>0x20004dbc</load_address>
         <run_address>0x20004dbc</run_address>
         <size>0x64</size>
         <input_file_ref idref="fl-7"/>
      </object_component>
      <object_component id="oc-191">
         <name>.text:PRCMPeripheralReset</name>
         <load_address>0x20004e20</load_address>
         <run_address>0x20004e20</run_address>
         <size>0x58</size>
         <input_file_ref idref="fl-e9"/>
      </object_component>
      <object_component id="oc-142">
         <name>.text:IntPrioritySet</name>
         <load_address>0x20004e78</load_address>
         <run_address>0x20004e78</run_address>
         <size>0x54</size>
         <input_file_ref idref="fl-e7"/>
      </object_component>
      <object_component id="oc-71">
         <name>.text</name>
         <load_address>0x20004ecc</load_address>
         <run_address>0x20004ecc</run_address>
         <size>0x54</size>
         <input_file_ref idref="fl-c6"/>
      </object_component>
      <object_component id="oc-9a">
         <name>.text</name>
         <load_address>0x20004f20</load_address>
         <run_address>0x20004f20</run_address>
         <size>0x4c</size>
         <input_file_ref idref="fl-d5"/>
      </object_component>
      <object_component id="oc-1e8">
         <name>.text:GPIOGetIntNumber</name>
         <load_address>0x20004f6c</load_address>
         <run_address>0x20004f6c</run_address>
         <size>0x48</size>
         <input_file_ref idref="fl-e6"/>
      </object_component>
      <object_component id="oc-214">
         <name>.text:PinModeSet</name>
         <load_address>0x20004fb4</load_address>
         <run_address>0x20004fb4</run_address>
         <size>0x40</size>
         <input_file_ref idref="fl-e8"/>
      </object_component>
      <object_component id="oc-24">
         <name>.text</name>
         <load_address>0x20004ff4</load_address>
         <run_address>0x20004ff4</run_address>
         <size>0x40</size>
         <input_file_ref idref="fl-c2"/>
      </object_component>
      <object_component id="oc-18b">
         <name>.text:PRCMPeripheralClkEnable</name>
         <load_address>0x20005034</load_address>
         <run_address>0x20005034</run_address>
         <size>0x3c</size>
         <input_file_ref idref="fl-e9"/>
      </object_component>
      <object_component id="oc-1aa">
         <name>.text:GPIODirModeSet</name>
         <load_address>0x20005070</load_address>
         <run_address>0x20005070</run_address>
         <size>0x36</size>
         <input_file_ref idref="fl-e6"/>
      </object_component>
      <object_component id="oc-1a4">
         <name>.text:PinTypeGPIO</name>
         <load_address>0x200050a6</load_address>
         <run_address>0x200050a6</run_address>
         <size>0x30</size>
         <input_file_ref idref="fl-e8"/>
      </object_component>
      <object_component id="oc-248">
         <name>.text:IntDefaultHandler</name>
         <load_address>0x200050d6</load_address>
         <run_address>0x200050d6</run_address>
         <size>0x2</size>
         <input_file_ref idref="fl-e7"/>
      </object_component>
      <object_component id="oc-19d">
         <name>.text:PRCMSysResetCauseGet</name>
         <load_address>0x200050d8</load_address>
         <run_address>0x200050d8</run_address>
         <size>0x2c</size>
         <input_file_ref idref="fl-e9"/>
      </object_component>
      <object_component id="oc-197">
         <name>.text:PRCMPeripheralClkDisable</name>
         <load_address>0x20005104</load_address>
         <run_address>0x20005104</run_address>
         <size>0x28</size>
         <input_file_ref idref="fl-e9"/>
      </object_component>
      <object_component id="oc-228">
         <name>.text:IntUnregister</name>
         <load_address>0x2000512c</load_address>
         <run_address>0x2000512c</run_address>
         <size>0x24</size>
         <input_file_ref idref="fl-e7"/>
      </object_component>
      <object_component id="oc-fd">
         <name>.text</name>
         <load_address>0x20005150</load_address>
         <run_address>0x20005150</run_address>
         <size>0x24</size>
         <input_file_ref idref="fl-4"/>
      </object_component>
      <object_component id="oc-15a">
         <name>.text:GPIOPinWrite</name>
         <load_address>0x20005174</load_address>
         <run_address>0x20005174</run_address>
         <size>0x20</size>
         <input_file_ref idref="fl-e6"/>
      </object_component>
      <object_component id="oc-1ee">
         <name>.text:IntRegister</name>
         <load_address>0x20005194</load_address>
         <run_address>0x20005194</run_address>
         <size>0x20</size>
         <input_file_ref idref="fl-e7"/>
      </object_component>
      <object_component id="oc-148">
         <name>.text:GPIOIntRegister</name>
         <load_address>0x200051b4</load_address>
         <run_address>0x200051b4</run_address>
         <size>0x1e</size>
         <input_file_ref idref="fl-e6"/>
      </object_component>
      <object_component id="oc-154">
         <name>.text:GPIOIntEnable</name>
         <load_address>0x200051d2</load_address>
         <run_address>0x200051d2</run_address>
         <size>0x1a</size>
         <input_file_ref idref="fl-e6"/>
      </object_component>
      <object_component id="oc-166">
         <name>.text:GPIOPinRead</name>
         <load_address>0x200051ec</load_address>
         <run_address>0x200051ec</run_address>
         <size>0x18</size>
         <input_file_ref idref="fl-e6"/>
      </object_component>
      <object_component id="oc-1c9">
         <name>.text:WatchdogStallDisable</name>
         <load_address>0x20005204</load_address>
         <run_address>0x20005204</run_address>
         <size>0x18</size>
         <input_file_ref idref="fl-ec"/>
      </object_component>
      <object_component id="oc-1b1">
         <name>.text:WatchdogUnlock</name>
         <load_address>0x2000521c</load_address>
         <run_address>0x2000521c</run_address>
         <size>0x18</size>
         <input_file_ref idref="fl-ec"/>
      </object_component>
      <object_component id="oc-6b">
         <name>.text</name>
         <load_address>0x20005234</load_address>
         <run_address>0x20005234</run_address>
         <size>0x18</size>
         <input_file_ref idref="fl-d2"/>
      </object_component>
      <object_component id="oc-17f">
         <name>.text:PRCMHIBRegRead</name>
         <load_address>0x2000524c</load_address>
         <run_address>0x2000524c</run_address>
         <size>0x16</size>
         <input_file_ref idref="fl-e9"/>
      </object_component>
      <object_component id="oc-185">
         <name>.text:PRCMHIBRegWrite</name>
         <load_address>0x20005262</load_address>
         <run_address>0x20005262</run_address>
         <size>0x16</size>
         <input_file_ref idref="fl-e9"/>
      </object_component>
      <object_component id="oc-1c3">
         <name>.text:WatchdogEnable</name>
         <load_address>0x20005278</load_address>
         <run_address>0x20005278</run_address>
         <size>0x16</size>
         <input_file_ref idref="fl-ec"/>
      </object_component>
      <object_component id="oc-1b7">
         <name>.text:WatchdogIntRegister</name>
         <load_address>0x2000528e</load_address>
         <run_address>0x2000528e</run_address>
         <size>0x16</size>
         <input_file_ref idref="fl-ec"/>
      </object_component>
      <object_component id="oc-174">
         <name>.text:CPUcpsie</name>
         <load_address>0x200052a4</load_address>
         <run_address>0x200052a4</run_address>
         <size>0x14</size>
         <input_file_ref idref="fl-ed"/>
      </object_component>
      <object_component id="oc-14e">
         <name>.text:GPIOIntClear</name>
         <load_address>0x200052b8</load_address>
         <run_address>0x200052b8</run_address>
         <size>0x14</size>
         <input_file_ref idref="fl-e6"/>
      </object_component>
      <object_component id="oc-e5">
         <name>.text:IntVTableBaseSet</name>
         <load_address>0x200052cc</load_address>
         <run_address>0x200052cc</run_address>
         <size>0x14</size>
         <input_file_ref idref="fl-e7"/>
      </object_component>
      <object_component id="oc-124">
         <name>.text</name>
         <load_address>0x200052e0</load_address>
         <run_address>0x200052e0</run_address>
         <size>0x14</size>
         <input_file_ref idref="fl-d0"/>
      </object_component>
      <object_component id="oc-1cf">
         <name>.text:WatchdogIntUnregister</name>
         <load_address>0x200052f4</load_address>
         <run_address>0x200052f4</run_address>
         <size>0x12</size>
         <input_file_ref idref="fl-ec"/>
      </object_component>
      <object_component id="oc-1bd">
         <name>.text:WatchdogReloadSet</name>
         <load_address>0x20005306</load_address>
         <run_address>0x20005306</run_address>
         <size>0x12</size>
         <input_file_ref idref="fl-ec"/>
      </object_component>
      <object_component id="oc-109">
         <name>.text:WatchdogRunning</name>
         <load_address>0x20005318</load_address>
         <run_address>0x20005318</run_address>
         <size>0x12</size>
         <input_file_ref idref="fl-ec"/>
      </object_component>
      <object_component id="oc-df">
         <name>.text:WatchdogIntClear</name>
         <load_address>0x2000532a</load_address>
         <run_address>0x2000532a</run_address>
         <size>0x10</size>
         <input_file_ref idref="fl-ec"/>
      </object_component>
      <object_component id="oc-18">
         <name>.text:decompress:none</name>
         <load_address>0x2000533a</load_address>
         <run_address>0x2000533a</run_address>
         <size>0xe</size>
         <input_file_ref idref="fl-c4"/>
      </object_component>
      <object_component id="oc-2d">
         <name>.text</name>
         <load_address>0x20005348</load_address>
         <run_address>0x20005348</run_address>
         <size>0xe</size>
         <input_file_ref idref="fl-5"/>
      </object_component>
      <object_component id="oc-1e">
         <name>.text:decompress:ZI</name>
         <load_address>0x20005356</load_address>
         <run_address>0x20005356</run_address>
         <size>0xc</size>
         <input_file_ref idref="fl-c5"/>
      </object_component>
      <object_component id="oc-eb">
         <name>.text:IntMasterEnable</name>
         <load_address>0x20005362</load_address>
         <run_address>0x20005362</run_address>
         <size>0xa</size>
         <input_file_ref idref="fl-e7"/>
      </object_component>
      <object_component id="oc-de">
         <name>.text:UtilsDelay</name>
         <load_address>0x2000536c</load_address>
         <run_address>0x2000536c</run_address>
         <size>0x6</size>
         <input_file_ref idref="fl-eb"/>
      </object_component>
      <object_component id="oc-5f">
         <name>.text</name>
         <load_address>0x20005372</load_address>
         <run_address>0x20005372</run_address>
         <size>0x4</size>
         <input_file_ref idref="fl-cc"/>
      </object_component>
      <object_component id="oc-59">
         <name>.text</name>
         <load_address>0x20005376</load_address>
         <run_address>0x20005376</run_address>
         <size>0x2</size>
         <input_file_ref idref="fl-cb"/>
      </object_component>
      <object_component id="oc-a0">
         <name>.text</name>
         <load_address>0x20005378</load_address>
         <run_address>0x20005378</run_address>
         <size>0x2</size>
         <input_file_ref idref="fl-e1"/>
      </object_component>
      <object_component id="oc-240">
         <name>.const:g_ulPinToPadMap</name>
         <load_address>0x2000537c</load_address>
         <run_address>0x2000537c</run_address>
         <size>0x100</size>
         <input_file_ref idref="fl-e8"/>
      </object_component>
      <object_component id="oc-1e4">
         <name>.const:g_pulRegs</name>
         <load_address>0x2000547c</load_address>
         <run_address>0x2000547c</run_address>
         <size>0xd4</size>
         <input_file_ref idref="fl-e7"/>
      </object_component>
      <object_component id="oc-206">
         <name>.const:PRCM_PeriphRegsList</name>
         <load_address>0x20005550</load_address>
         <run_address>0x20005550</run_address>
         <size>0xa8</size>
         <input_file_ref idref="fl-e9"/>
      </object_component>
      <object_component id="oc-17b">
         <name>.const</name>
         <load_address>0x200055f8</load_address>
         <run_address>0x200055f8</run_address>
         <size>0x80</size>
         <input_file_ref idref="fl-e7"/>
      </object_component>
      <object_component id="oc-276">
         <name>.cinit..data.load</name>
         <load_address>0x20005678</load_address>
         <run_address>0x20005678</run_address>
         <size>0x25</size>
      </object_component>
      <object_component id="oc-274">
         <name>__TI_handler_table</name>
         <load_address>0x200056a0</load_address>
         <run_address>0x200056a0</run_address>
         <size>0xc</size>
      </object_component>
      <object_component id="oc-277">
         <name>.cinit..bss.load</name>
         <load_address>0x200056b0</load_address>
         <run_address>0x200056b0</run_address>
         <size>0x8</size>
      </object_component>
      <object_component id="oc-275">
         <name>__TI_cinit_table</name>
         <load_address>0x200056b8</load_address>
         <run_address>0x200056b8</run_address>
         <size>0x10</size>
      </object_component>
      <object_component id="oc-16e">
         <name>.data:ulReg</name>
         <load_address>0x20017800</load_address>
         <run_address>0x20017800</run_address>
         <size>0x14</size>
         <input_file_ref idref="fl-2"/>
      </object_component>
      <object_component id="oc-160">
         <name>.data</name>
         <load_address>0x20017820</load_address>
         <run_address>0x20017820</run_address>
         <size>0xc</size>
         <input_file_ref idref="fl-2"/>
      </object_component>
      <object_component id="oc-10f">
         <name>.data</name>
         <load_address>0x20017838</load_address>
         <run_address>0x20017838</run_address>
         <size>0x1</size>
         <input_file_ref idref="fl-3"/>
      </object_component>
      <object_component id="oc-b0">
         <name>.data:$O1$$</name>
         <load_address>0x20017814</load_address>
         <run_address>0x20017814</run_address>
         <size>0xc</size>
         <input_file_ref idref="fl-c6"/>
      </object_component>
      <object_component id="oc-77">
         <name>.data</name>
         <load_address>0x20017834</load_address>
         <run_address>0x20017834</run_address>
         <size>0x4</size>
         <input_file_ref idref="fl-cd"/>
      </object_component>
      <object_component id="oc-b3">
         <name>.data:$O1$$</name>
         <load_address>0x2001782c</load_address>
         <run_address>0x2001782c</run_address>
         <size>0x8</size>
         <input_file_ref idref="fl-d0"/>
      </object_component>
      <object_component id="oc-163">
         <name>.common:g_ucLED1Pin</name>
         <uninitialized>true</uninitialized>
         <run_address>0x20017840</run_address>
         <size>0x1</size>
      </object_component>
      <object_component id="oc-16c">
         <name>.common:g_ucLED2Pin</name>
         <uninitialized>true</uninitialized>
         <run_address>0x20017841</run_address>
         <size>0x1</size>
      </object_component>
      <object_component id="oc-16d">
         <name>.common:g_ucLED3Pin</name>
         <uninitialized>true</uninitialized>
         <run_address>0x20017842</run_address>
         <size>0x1</size>
      </object_component>
      <object_component id="oc-112">
         <name>.common:g_ulWatchdogCycles</name>
         <uninitialized>true</uninitialized>
         <run_address>0x2001783c</run_address>
         <size>0x4</size>
      </object_component>
      <object_component id="oc-2a">
         <name>.sysmem</name>
         <uninitialized>true</uninitialized>
         <run_address>0x20017000</run_address>
         <size>0x8</size>
         <input_file_ref idref="fl-c9"/>
      </object_component>
      <object_component id="oc-279">
         <name>.sysmem</name>
         <uninitialized>true</uninitialized>
         <run_address>0x20017000</run_address>
         <size>0x0</size>
      </object_component>
      <object_component id="oc-29">
         <name>.stack</name>
         <uninitialized>true</uninitialized>
         <run_address>0x2002f800</run_address>
         <size>0x0</size>
         <input_file_ref idref="fl-c2"/>
      </object_component>
      <object_component id="oc-278">
         <name>.stack</name>
         <uninitialized>true</uninitialized>
         <run_address>0x2002f800</run_address>
         <size>0x0</size>
      </object_component>
      <object_component id="oc-164">
         <name>.debug_info</name>
         <load_address>0x0</load_address>
         <run_address>0x0</run_address>
         <size>0x2e4</size>
         <input_file_ref idref="fl-2"/>
      </object_component>
      <object_component id="oc-16f">
         <name>.debug_info</name>
         <load_address>0x2e4</load_address>
         <run_address>0x2e4</run_address>
         <size>0xfc</size>
         <input_file_ref idref="fl-2"/>
      </object_component>
      <object_component id="oc-161">
         <name>.debug_info</name>
         <load_address>0x3e0</load_address>
         <run_address>0x3e0</run_address>
         <size>0x15d</size>
         <input_file_ref idref="fl-2"/>
      </object_component>
      <object_component id="oc-d9">
         <name>.debug_info</name>
         <load_address>0x53d</load_address>
         <run_address>0x53d</run_address>
         <size>0xfb5</size>
         <input_file_ref idref="fl-2"/>
      </object_component>
      <object_component id="oc-23b">
         <name>.debug_info</name>
         <load_address>0x14f2</load_address>
         <run_address>0x14f2</run_address>
         <size>0x62</size>
         <input_file_ref idref="fl-2"/>
      </object_component>
      <object_component id="oc-3c">
         <name>.debug_info</name>
         <load_address>0x1554</load_address>
         <run_address>0x1554</run_address>
         <size>0x84</size>
         <input_file_ref idref="fl-2"/>
      </object_component>
      <object_component id="oc-116">
         <name>.debug_info</name>
         <load_address>0x15d8</load_address>
         <run_address>0x15d8</run_address>
         <size>0x2c</size>
         <input_file_ref idref="fl-2"/>
      </object_component>
      <object_component id="oc-113">
         <name>.debug_info</name>
         <load_address>0x1604</load_address>
         <run_address>0x1604</run_address>
         <size>0x399</size>
         <input_file_ref idref="fl-3"/>
      </object_component>
      <object_component id="oc-110">
         <name>.debug_info</name>
         <load_address>0x199d</load_address>
         <run_address>0x199d</run_address>
         <size>0xd8</size>
         <input_file_ref idref="fl-3"/>
      </object_component>
      <object_component id="oc-a9">
         <name>.debug_info</name>
         <load_address>0x1a75</load_address>
         <run_address>0x1a75</run_address>
         <size>0x2f5</size>
         <input_file_ref idref="fl-3"/>
      </object_component>
      <object_component id="oc-1d6">
         <name>.debug_info</name>
         <load_address>0x1d6a</load_address>
         <run_address>0x1d6a</run_address>
         <size>0x2c</size>
         <input_file_ref idref="fl-3"/>
      </object_component>
      <object_component id="oc-fe">
         <name>.debug_info</name>
         <load_address>0x1d96</load_address>
         <run_address>0x1d96</run_address>
         <size>0x147</size>
         <input_file_ref idref="fl-4"/>
      </object_component>
      <object_component id="oc-35">
         <name>.debug_info</name>
         <load_address>0x1edd</load_address>
         <run_address>0x1edd</run_address>
         <size>0x124</size>
         <input_file_ref idref="fl-5"/>
      </object_component>
      <object_component id="oc-10">
         <name>.debug_info</name>
         <load_address>0x2001</load_address>
         <run_address>0x2001</run_address>
         <size>0x10f</size>
         <input_file_ref idref="fl-5"/>
      </object_component>
      <object_component id="oc-2e">
         <name>.debug_info</name>
         <load_address>0x2110</load_address>
         <run_address>0x2110</run_address>
         <size>0x48a</size>
         <input_file_ref idref="fl-5"/>
      </object_component>
      <object_component id="oc-104">
         <name>.debug_info</name>
         <load_address>0x259a</load_address>
         <run_address>0x259a</run_address>
         <size>0x3cb</size>
         <input_file_ref idref="fl-7"/>
      </object_component>
      <object_component id="oc-26">
         <name>.debug_info</name>
         <load_address>0x2965</load_address>
         <run_address>0x2965</run_address>
         <size>0x160</size>
         <input_file_ref idref="fl-c2"/>
      </object_component>
      <object_component id="oc-87">
         <name>.debug_info</name>
         <load_address>0x2ac5</load_address>
         <run_address>0x2ac5</run_address>
         <size>0xf9</size>
         <input_file_ref idref="fl-c3"/>
      </object_component>
      <object_component id="oc-14">
         <name>.debug_info</name>
         <load_address>0x2bbe</load_address>
         <run_address>0x2bbe</run_address>
         <size>0x245</size>
         <input_file_ref idref="fl-c3"/>
      </object_component>
      <object_component id="oc-37">
         <name>.debug_info</name>
         <load_address>0x2e03</load_address>
         <run_address>0x2e03</run_address>
         <size>0x60</size>
         <input_file_ref idref="fl-c3"/>
      </object_component>
      <object_component id="oc-82">
         <name>.debug_info</name>
         <load_address>0x2e63</load_address>
         <run_address>0x2e63</run_address>
         <size>0x46</size>
         <input_file_ref idref="fl-c3"/>
      </object_component>
      <object_component id="oc-4c">
         <name>.debug_info</name>
         <load_address>0x2ea9</load_address>
         <run_address>0x2ea9</run_address>
         <size>0x140</size>
         <input_file_ref idref="fl-c4"/>
      </object_component>
      <object_component id="oc-19">
         <name>.debug_info</name>
         <load_address>0x2fe9</load_address>
         <run_address>0x2fe9</run_address>
         <size>0x1df</size>
         <input_file_ref idref="fl-c4"/>
      </object_component>
      <object_component id="oc-47">
         <name>.debug_info</name>
         <load_address>0x31c8</load_address>
         <run_address>0x31c8</run_address>
         <size>0x46</size>
         <input_file_ref idref="fl-c4"/>
      </object_component>
      <object_component id="oc-89">
         <name>.debug_info</name>
         <load_address>0x320e</load_address>
         <run_address>0x320e</run_address>
         <size>0x2c</size>
         <input_file_ref idref="fl-c4"/>
      </object_component>
      <object_component id="oc-58">
         <name>.debug_info</name>
         <load_address>0x323a</load_address>
         <run_address>0x323a</run_address>
         <size>0x12f</size>
         <input_file_ref idref="fl-c5"/>
      </object_component>
      <object_component id="oc-1f">
         <name>.debug_info</name>
         <load_address>0x3369</load_address>
         <run_address>0x3369</run_address>
         <size>0x1aa</size>
         <input_file_ref idref="fl-c5"/>
      </object_component>
      <object_component id="oc-53">
         <name>.debug_info</name>
         <load_address>0x3513</load_address>
         <run_address>0x3513</run_address>
         <size>0x46</size>
         <input_file_ref idref="fl-c5"/>
      </object_component>
      <object_component id="oc-91">
         <name>.debug_info</name>
         <load_address>0x3559</load_address>
         <run_address>0x3559</run_address>
         <size>0x2c</size>
         <input_file_ref idref="fl-c5"/>
      </object_component>
      <object_component id="oc-b7">
         <name>.debug_info</name>
         <load_address>0x3585</load_address>
         <run_address>0x3585</run_address>
         <size>0x234</size>
         <input_file_ref idref="fl-c6"/>
      </object_component>
      <object_component id="oc-b1">
         <name>.debug_info</name>
         <load_address>0x37b9</load_address>
         <run_address>0x37b9</run_address>
         <size>0x185</size>
         <input_file_ref idref="fl-c6"/>
      </object_component>
      <object_component id="oc-72">
         <name>.debug_info</name>
         <load_address>0x393e</load_address>
         <run_address>0x393e</run_address>
         <size>0x214</size>
         <input_file_ref idref="fl-c6"/>
      </object_component>
      <object_component id="oc-42">
         <name>.debug_info</name>
         <load_address>0x3b52</load_address>
         <run_address>0x3b52</run_address>
         <size>0x111</size>
         <input_file_ref idref="fl-c7"/>
      </object_component>
      <object_component id="oc-7d">
         <name>.debug_info</name>
         <load_address>0x3c63</load_address>
         <run_address>0x3c63</run_address>
         <size>0x222</size>
         <input_file_ref idref="fl-c9"/>
      </object_component>
      <object_component id="oc-2b">
         <name>.debug_info</name>
         <load_address>0x3e85</load_address>
         <run_address>0x3e85</run_address>
         <size>0x101</size>
         <input_file_ref idref="fl-c9"/>
      </object_component>
      <object_component id="oc-bd">
         <name>.debug_info</name>
         <load_address>0x3f86</load_address>
         <run_address>0x3f86</run_address>
         <size>0x2c</size>
         <input_file_ref idref="fl-c9"/>
      </object_component>
      <object_component id="oc-c2">
         <name>.debug_info</name>
         <load_address>0x3fb2</load_address>
         <run_address>0x3fb2</run_address>
         <size>0x62</size>
         <input_file_ref idref="fl-c9"/>
      </object_component>
      <object_component id="oc-4e">
         <name>.debug_info</name>
         <load_address>0x4014</load_address>
         <run_address>0x4014</run_address>
         <size>0x13f</size>
         <input_file_ref idref="fl-ca"/>
      </object_component>
      <object_component id="oc-5a">
         <name>.debug_info</name>
         <load_address>0x4153</load_address>
         <run_address>0x4153</run_address>
         <size>0x138</size>
         <input_file_ref idref="fl-cb"/>
      </object_component>
      <object_component id="oc-60">
         <name>.debug_info</name>
         <load_address>0x428b</load_address>
         <run_address>0x428b</run_address>
         <size>0x148</size>
         <input_file_ref idref="fl-cc"/>
      </object_component>
      <object_component id="oc-78">
         <name>.debug_info</name>
         <load_address>0x43d3</load_address>
         <run_address>0x43d3</run_address>
         <size>0x109</size>
         <input_file_ref idref="fl-cd"/>
      </object_component>
      <object_component id="oc-12c">
         <name>.debug_info</name>
         <load_address>0x44dc</load_address>
         <run_address>0x44dc</run_address>
         <size>0x124</size>
         <input_file_ref idref="fl-d0"/>
      </object_component>
      <object_component id="oc-b4">
         <name>.debug_info</name>
         <load_address>0x4600</load_address>
         <run_address>0x4600</run_address>
         <size>0x113</size>
         <input_file_ref idref="fl-d0"/>
      </object_component>
      <object_component id="oc-125">
         <name>.debug_info</name>
         <load_address>0x4713</load_address>
         <run_address>0x4713</run_address>
         <size>0x21f</size>
         <input_file_ref idref="fl-d0"/>
      </object_component>
      <object_component id="oc-af">
         <name>.debug_info</name>
         <load_address>0x4932</load_address>
         <run_address>0x4932</run_address>
         <size>0x166</size>
         <input_file_ref idref="fl-d2"/>
      </object_component>
      <object_component id="oc-6c">
         <name>.debug_info</name>
         <load_address>0x4a98</load_address>
         <run_address>0x4a98</run_address>
         <size>0x167</size>
         <input_file_ref idref="fl-d2"/>
      </object_component>
      <object_component id="oc-11d">
         <name>.debug_info</name>
         <load_address>0x4bff</load_address>
         <run_address>0x4bff</run_address>
         <size>0x5e</size>
         <input_file_ref idref="fl-d2"/>
      </object_component>
      <object_component id="oc-a7">
         <name>.debug_info</name>
         <load_address>0x4c5d</load_address>
         <run_address>0x4c5d</run_address>
         <size>0x2e9</size>
         <input_file_ref idref="fl-d4"/>
      </object_component>
      <object_component id="oc-66">
         <name>.debug_info</name>
         <load_address>0x4f46</load_address>
         <run_address>0x4f46</run_address>
         <size>0x190</size>
         <input_file_ref idref="fl-d4"/>
      </object_component>
      <object_component id="oc-ce">
         <name>.debug_info</name>
         <load_address>0x50d6</load_address>
         <run_address>0x50d6</run_address>
         <size>0x39</size>
         <input_file_ref idref="fl-d4"/>
      </object_component>
      <object_component id="oc-137">
         <name>.debug_info</name>
         <load_address>0x510f</load_address>
         <run_address>0x510f</run_address>
         <size>0x39</size>
         <input_file_ref idref="fl-d4"/>
      </object_component>
      <object_component id="oc-d3">
         <name>.debug_info</name>
         <load_address>0x5148</load_address>
         <run_address>0x5148</run_address>
         <size>0xcd</size>
         <input_file_ref idref="fl-d4"/>
      </object_component>
      <object_component id="oc-ca">
         <name>.debug_info</name>
         <load_address>0x5215</load_address>
         <run_address>0x5215</run_address>
         <size>0x1e0</size>
         <input_file_ref idref="fl-d5"/>
      </object_component>
      <object_component id="oc-9b">
         <name>.debug_info</name>
         <load_address>0x53f5</load_address>
         <run_address>0x53f5</run_address>
         <size>0x183</size>
         <input_file_ref idref="fl-d5"/>
      </object_component>
      <object_component id="oc-132">
         <name>.debug_info</name>
         <load_address>0x5578</load_address>
         <run_address>0x5578</run_address>
         <size>0x2c</size>
         <input_file_ref idref="fl-d5"/>
      </object_component>
      <object_component id="oc-a1">
         <name>.debug_info</name>
         <load_address>0x55a4</load_address>
         <run_address>0x55a4</run_address>
         <size>0x145</size>
         <input_file_ref idref="fl-e1"/>
      </object_component>
      <object_component id="oc-1f5">
         <name>.debug_info</name>
         <load_address>0x56e9</load_address>
         <run_address>0x56e9</run_address>
         <size>0x19a</size>
         <input_file_ref idref="fl-e6"/>
      </object_component>
      <object_component id="oc-1e9">
         <name>.debug_info</name>
         <load_address>0x5883</load_address>
         <run_address>0x5883</run_address>
         <size>0x1ea</size>
         <input_file_ref idref="fl-e6"/>
      </object_component>
      <object_component id="oc-1ab">
         <name>.debug_info</name>
         <load_address>0x5a6d</load_address>
         <run_address>0x5a6d</run_address>
         <size>0x229</size>
         <input_file_ref idref="fl-e6"/>
      </object_component>
      <object_component id="oc-13d">
         <name>.debug_info</name>
         <load_address>0x5c96</load_address>
         <run_address>0x5c96</run_address>
         <size>0x234</size>
         <input_file_ref idref="fl-e6"/>
      </object_component>
      <object_component id="oc-155">
         <name>.debug_info</name>
         <load_address>0x5eca</load_address>
         <run_address>0x5eca</run_address>
         <size>0x20b</size>
         <input_file_ref idref="fl-e6"/>
      </object_component>
      <object_component id="oc-14f">
         <name>.debug_info</name>
         <load_address>0x60d5</load_address>
         <run_address>0x60d5</run_address>
         <size>0x209</size>
         <input_file_ref idref="fl-e6"/>
      </object_component>
      <object_component id="oc-149">
         <name>.debug_info</name>
         <load_address>0x62de</load_address>
         <run_address>0x62de</run_address>
         <size>0x254</size>
         <input_file_ref idref="fl-e6"/>
      </object_component>
      <object_component id="oc-167">
         <name>.debug_info</name>
         <load_address>0x6532</load_address>
         <run_address>0x6532</run_address>
         <size>0x1fb</size>
         <input_file_ref idref="fl-e6"/>
      </object_component>
      <object_component id="oc-15b">
         <name>.debug_info</name>
         <load_address>0x672d</load_address>
         <run_address>0x672d</run_address>
         <size>0x220</size>
         <input_file_ref idref="fl-e6"/>
      </object_component>
      <object_component id="oc-203">
         <name>.debug_info</name>
         <load_address>0x694d</load_address>
         <run_address>0x694d</run_address>
         <size>0x1bb</size>
         <input_file_ref idref="fl-e7"/>
      </object_component>
      <object_component id="oc-17c">
         <name>.debug_info</name>
         <load_address>0x6b08</load_address>
         <run_address>0x6b08</run_address>
         <size>0x1be</size>
         <input_file_ref idref="fl-e7"/>
      </object_component>
      <object_component id="oc-1e5">
         <name>.debug_info</name>
         <load_address>0x6cc6</load_address>
         <run_address>0x6cc6</run_address>
         <size>0x110</size>
         <input_file_ref idref="fl-e7"/>
      </object_component>
      <object_component id="oc-249">
         <name>.debug_info</name>
         <load_address>0x6dd6</load_address>
         <run_address>0x6dd6</run_address>
         <size>0x1ad</size>
         <input_file_ref idref="fl-e7"/>
      </object_component>
      <object_component id="oc-ec">
         <name>.debug_info</name>
         <load_address>0x6f83</load_address>
         <run_address>0x6f83</run_address>
         <size>0x1c8</size>
         <input_file_ref idref="fl-e7"/>
      </object_component>
      <object_component id="oc-e6">
         <name>.debug_info</name>
         <load_address>0x714b</load_address>
         <run_address>0x714b</run_address>
         <size>0x1fa</size>
         <input_file_ref idref="fl-e7"/>
      </object_component>
      <object_component id="oc-1ef">
         <name>.debug_info</name>
         <load_address>0x7345</load_address>
         <run_address>0x7345</run_address>
         <size>0x244</size>
         <input_file_ref idref="fl-e7"/>
      </object_component>
      <object_component id="oc-229">
         <name>.debug_info</name>
         <load_address>0x7589</load_address>
         <run_address>0x7589</run_address>
         <size>0x20f</size>
         <input_file_ref idref="fl-e7"/>
      </object_component>
      <object_component id="oc-143">
         <name>.debug_info</name>
         <load_address>0x7798</load_address>
         <run_address>0x7798</run_address>
         <size>0x246</size>
         <input_file_ref idref="fl-e7"/>
      </object_component>
      <object_component id="oc-f2">
         <name>.debug_info</name>
         <load_address>0x79de</load_address>
         <run_address>0x79de</run_address>
         <size>0x1eb</size>
         <input_file_ref idref="fl-e7"/>
      </object_component>
      <object_component id="oc-223">
         <name>.debug_info</name>
         <load_address>0x7bc9</load_address>
         <run_address>0x7bc9</run_address>
         <size>0x1ed</size>
         <input_file_ref idref="fl-e7"/>
      </object_component>
      <object_component id="oc-251">
         <name>.debug_info</name>
         <load_address>0x7db6</load_address>
         <run_address>0x7db6</run_address>
         <size>0x108</size>
         <input_file_ref idref="fl-e8"/>
      </object_component>
      <object_component id="oc-241">
         <name>.debug_info</name>
         <load_address>0x7ebe</load_address>
         <run_address>0x7ebe</run_address>
         <size>0x116</size>
         <input_file_ref idref="fl-e8"/>
      </object_component>
      <object_component id="oc-215">
         <name>.debug_info</name>
         <load_address>0x7fd4</load_address>
         <run_address>0x7fd4</run_address>
         <size>0x20b</size>
         <input_file_ref idref="fl-e8"/>
      </object_component>
      <object_component id="oc-20f">
         <name>.debug_info</name>
         <load_address>0x81df</load_address>
         <run_address>0x81df</run_address>
         <size>0x259</size>
         <input_file_ref idref="fl-e8"/>
      </object_component>
      <object_component id="oc-1a5">
         <name>.debug_info</name>
         <load_address>0x8438</load_address>
         <run_address>0x8438</run_address>
         <size>0x26e</size>
         <input_file_ref idref="fl-e8"/>
      </object_component>
      <object_component id="oc-20b">
         <name>.debug_info</name>
         <load_address>0x86a6</load_address>
         <run_address>0x86a6</run_address>
         <size>0x218</size>
         <input_file_ref idref="fl-e9"/>
      </object_component>
      <object_component id="oc-207">
         <name>.debug_info</name>
         <load_address>0x88be</load_address>
         <run_address>0x88be</run_address>
         <size>0x11f</size>
         <input_file_ref idref="fl-e9"/>
      </object_component>
      <object_component id="oc-19e">
         <name>.debug_info</name>
         <load_address>0x89dd</load_address>
         <run_address>0x89dd</run_address>
         <size>0x1f2</size>
         <input_file_ref idref="fl-e9"/>
      </object_component>
      <object_component id="oc-18c">
         <name>.debug_info</name>
         <load_address>0x8bcf</load_address>
         <run_address>0x8bcf</run_address>
         <size>0x237</size>
         <input_file_ref idref="fl-e9"/>
      </object_component>
      <object_component id="oc-198">
         <name>.debug_info</name>
         <load_address>0x8e06</load_address>
         <run_address>0x8e06</run_address>
         <size>0x239</size>
         <input_file_ref idref="fl-e9"/>
      </object_component>
      <object_component id="oc-192">
         <name>.debug_info</name>
         <load_address>0x903f</load_address>
         <run_address>0x903f</run_address>
         <size>0x20c</size>
         <input_file_ref idref="fl-e9"/>
      </object_component>
      <object_component id="oc-f8">
         <name>.debug_info</name>
         <load_address>0x924b</load_address>
         <run_address>0x924b</run_address>
         <size>0x27e</size>
         <input_file_ref idref="fl-e9"/>
      </object_component>
      <object_component id="oc-180">
         <name>.debug_info</name>
         <load_address>0x94c9</load_address>
         <run_address>0x94c9</run_address>
         <size>0x20b</size>
         <input_file_ref idref="fl-e9"/>
      </object_component>
      <object_component id="oc-186">
         <name>.debug_info</name>
         <load_address>0x96d4</load_address>
         <run_address>0x96d4</run_address>
         <size>0x220</size>
         <input_file_ref idref="fl-e9"/>
      </object_component>
      <object_component id="oc-21e">
         <name>.debug_info</name>
         <load_address>0x98f4</load_address>
         <run_address>0x98f4</run_address>
         <size>0x199</size>
         <input_file_ref idref="fl-ec"/>
      </object_component>
      <object_component id="oc-10a">
         <name>.debug_info</name>
         <load_address>0x9a8d</load_address>
         <run_address>0x9a8d</run_address>
         <size>0x1d2</size>
         <input_file_ref idref="fl-ec"/>
      </object_component>
      <object_component id="oc-1c4">
         <name>.debug_info</name>
         <load_address>0x9c5f</load_address>
         <run_address>0x9c5f</run_address>
         <size>0x1cc</size>
         <input_file_ref idref="fl-ec"/>
      </object_component>
      <object_component id="oc-1b2">
         <name>.debug_info</name>
         <load_address>0x9e2b</load_address>
         <run_address>0x9e2b</run_address>
         <size>0x1cc</size>
         <input_file_ref idref="fl-ec"/>
      </object_component>
      <object_component id="oc-1be">
         <name>.debug_info</name>
         <load_address>0x9ff7</load_address>
         <run_address>0x9ff7</run_address>
         <size>0x209</size>
         <input_file_ref idref="fl-ec"/>
      </object_component>
      <object_component id="oc-1b8">
         <name>.debug_info</name>
         <load_address>0xa200</load_address>
         <run_address>0xa200</run_address>
         <size>0x236</size>
         <input_file_ref idref="fl-ec"/>
      </object_component>
      <object_component id="oc-1d0">
         <name>.debug_info</name>
         <load_address>0xa436</load_address>
         <run_address>0xa436</run_address>
         <size>0x202</size>
         <input_file_ref idref="fl-ec"/>
      </object_component>
      <object_component id="oc-e0">
         <name>.debug_info</name>
         <load_address>0xa638</load_address>
         <run_address>0xa638</run_address>
         <size>0x1d3</size>
         <input_file_ref idref="fl-ec"/>
      </object_component>
      <object_component id="oc-1ca">
         <name>.debug_info</name>
         <load_address>0xa80b</load_address>
         <run_address>0xa80b</run_address>
         <size>0x1db</size>
         <input_file_ref idref="fl-ec"/>
      </object_component>
      <object_component id="oc-175">
         <name>.debug_info</name>
         <load_address>0xa9e6</load_address>
         <run_address>0xa9e6</run_address>
         <size>0x19a</size>
         <input_file_ref idref="fl-ed"/>
      </object_component>
      <object_component id="oc-27a">
         <name>.debug_info</name>
         <load_address>0xab80</load_address>
         <run_address>0xab80</run_address>
         <size>0x9c</size>
      </object_component>
      <object_component id="oc-1fc">
         <name>.debug_line</name>
         <load_address>0x0</load_address>
         <run_address>0x0</run_address>
         <size>0xe7</size>
         <input_file_ref idref="fl-2"/>
      </object_component>
      <object_component id="oc-1ff">
         <name>.debug_line</name>
         <load_address>0xe7</load_address>
         <run_address>0xe7</run_address>
         <size>0x66</size>
         <input_file_ref idref="fl-2"/>
      </object_component>
      <object_component id="oc-1fa">
         <name>.debug_line</name>
         <load_address>0x14d</load_address>
         <run_address>0x14d</run_address>
         <size>0x66</size>
         <input_file_ref idref="fl-2"/>
      </object_component>
      <object_component id="oc-dc">
         <name>.debug_line</name>
         <load_address>0x1b3</load_address>
         <run_address>0x1b3</run_address>
         <size>0x201</size>
         <input_file_ref idref="fl-2"/>
      </object_component>
      <object_component id="oc-23e">
         <name>.debug_line</name>
         <load_address>0x3b4</load_address>
         <run_address>0x3b4</run_address>
         <size>0x5e</size>
         <input_file_ref idref="fl-2"/>
      </object_component>
      <object_component id="oc-3f">
         <name>.debug_line</name>
         <load_address>0x412</load_address>
         <run_address>0x412</run_address>
         <size>0x20</size>
         <input_file_ref idref="fl-2"/>
      </object_component>
      <object_component id="oc-119">
         <name>.debug_line</name>
         <load_address>0x432</load_address>
         <run_address>0x432</run_address>
         <size>0x5c</size>
         <input_file_ref idref="fl-2"/>
      </object_component>
      <object_component id="oc-1df">
         <name>.debug_line</name>
         <load_address>0x48e</load_address>
         <run_address>0x48e</run_address>
         <size>0x1c4</size>
         <input_file_ref idref="fl-3"/>
      </object_component>
      <object_component id="oc-1dd">
         <name>.debug_line</name>
         <load_address>0x652</load_address>
         <run_address>0x652</run_address>
         <size>0x2d</size>
         <input_file_ref idref="fl-3"/>
      </object_component>
      <object_component id="oc-ac">
         <name>.debug_line</name>
         <load_address>0x67f</load_address>
         <run_address>0x67f</run_address>
         <size>0x99</size>
         <input_file_ref idref="fl-3"/>
      </object_component>
      <object_component id="oc-1d9">
         <name>.debug_line</name>
         <load_address>0x718</load_address>
         <run_address>0x718</run_address>
         <size>0x65</size>
         <input_file_ref idref="fl-3"/>
      </object_component>
      <object_component id="oc-101">
         <name>.debug_line</name>
         <load_address>0x77d</load_address>
         <run_address>0x77d</run_address>
         <size>0x48</size>
         <input_file_ref idref="fl-4"/>
      </object_component>
      <object_component id="oc-81">
         <name>.debug_line</name>
         <load_address>0x7c5</load_address>
         <run_address>0x7c5</run_address>
         <size>0x6a</size>
         <input_file_ref idref="fl-5"/>
      </object_component>
      <object_component id="oc-34">
         <name>.debug_line</name>
         <load_address>0x82f</load_address>
         <run_address>0x82f</run_address>
         <size>0x6a</size>
         <input_file_ref idref="fl-5"/>
      </object_component>
      <object_component id="oc-31">
         <name>.debug_line</name>
         <load_address>0x899</load_address>
         <run_address>0x899</run_address>
         <size>0xe2</size>
         <input_file_ref idref="fl-5"/>
      </object_component>
      <object_component id="oc-107">
         <name>.debug_line</name>
         <load_address>0x97b</load_address>
         <run_address>0x97b</run_address>
         <size>0xa7</size>
         <input_file_ref idref="fl-7"/>
      </object_component>
      <object_component id="oc-25">
         <name>.debug_line</name>
         <load_address>0xa22</load_address>
         <run_address>0xa22</run_address>
         <size>0x4d</size>
         <input_file_ref idref="fl-c2"/>
      </object_component>
      <object_component id="oc-c8">
         <name>.debug_line</name>
         <load_address>0xa6f</load_address>
         <run_address>0xa6f</run_address>
         <size>0x20</size>
         <input_file_ref idref="fl-c3"/>
      </object_component>
      <object_component id="oc-17">
         <name>.debug_line</name>
         <load_address>0xa8f</load_address>
         <run_address>0xa8f</run_address>
         <size>0xa9</size>
         <input_file_ref idref="fl-c3"/>
      </object_component>
      <object_component id="oc-3a">
         <name>.debug_line</name>
         <load_address>0xb38</load_address>
         <run_address>0xb38</run_address>
         <size>0x3a</size>
         <input_file_ref idref="fl-c3"/>
      </object_component>
      <object_component id="oc-85">
         <name>.debug_line</name>
         <load_address>0xb72</load_address>
         <run_address>0xb72</run_address>
         <size>0x8a</size>
         <input_file_ref idref="fl-c3"/>
      </object_component>
      <object_component id="oc-8f">
         <name>.debug_line</name>
         <load_address>0xbfc</load_address>
         <run_address>0xbfc</run_address>
         <size>0x8a</size>
         <input_file_ref idref="fl-c4"/>
      </object_component>
      <object_component id="oc-1c">
         <name>.debug_line</name>
         <load_address>0xc86</load_address>
         <run_address>0xc86</run_address>
         <size>0x55</size>
         <input_file_ref idref="fl-c4"/>
      </object_component>
      <object_component id="oc-4a">
         <name>.debug_line</name>
         <load_address>0xcdb</load_address>
         <run_address>0xcdb</run_address>
         <size>0x3a</size>
         <input_file_ref idref="fl-c4"/>
      </object_component>
      <object_component id="oc-8c">
         <name>.debug_line</name>
         <load_address>0xd15</load_address>
         <run_address>0xd15</run_address>
         <size>0x8a</size>
         <input_file_ref idref="fl-c4"/>
      </object_component>
      <object_component id="oc-97">
         <name>.debug_line</name>
         <load_address>0xd9f</load_address>
         <run_address>0xd9f</run_address>
         <size>0x8a</size>
         <input_file_ref idref="fl-c5"/>
      </object_component>
      <object_component id="oc-22">
         <name>.debug_line</name>
         <load_address>0xe29</load_address>
         <run_address>0xe29</run_address>
         <size>0x4f</size>
         <input_file_ref idref="fl-c5"/>
      </object_component>
      <object_component id="oc-56">
         <name>.debug_line</name>
         <load_address>0xe78</load_address>
         <run_address>0xe78</run_address>
         <size>0x34</size>
         <input_file_ref idref="fl-c5"/>
      </object_component>
      <object_component id="oc-94">
         <name>.debug_line</name>
         <load_address>0xeac</load_address>
         <run_address>0xeac</run_address>
         <size>0x8a</size>
         <input_file_ref idref="fl-c5"/>
      </object_component>
      <object_component id="oc-12f">
         <name>.debug_line</name>
         <load_address>0xf36</load_address>
         <run_address>0xf36</run_address>
         <size>0xf2</size>
         <input_file_ref idref="fl-c6"/>
      </object_component>
      <object_component id="oc-123">
         <name>.debug_line</name>
         <load_address>0x1028</load_address>
         <run_address>0x1028</run_address>
         <size>0x2a</size>
         <input_file_ref idref="fl-c6"/>
      </object_component>
      <object_component id="oc-75">
         <name>.debug_line</name>
         <load_address>0x1052</load_address>
         <run_address>0x1052</run_address>
         <size>0x86</size>
         <input_file_ref idref="fl-c6"/>
      </object_component>
      <object_component id="oc-45">
         <name>.debug_line</name>
         <load_address>0x10d8</load_address>
         <run_address>0x10d8</run_address>
         <size>0x88</size>
         <input_file_ref idref="fl-c7"/>
      </object_component>
      <object_component id="oc-bc">
         <name>.debug_line</name>
         <load_address>0x1160</load_address>
         <run_address>0x1160</run_address>
         <size>0xff</size>
         <input_file_ref idref="fl-c9"/>
      </object_component>
      <object_component id="oc-7c">
         <name>.debug_line</name>
         <load_address>0x125f</load_address>
         <run_address>0x125f</run_address>
         <size>0x2c</size>
         <input_file_ref idref="fl-c9"/>
      </object_component>
      <object_component id="oc-c0">
         <name>.debug_line</name>
         <load_address>0x128b</load_address>
         <run_address>0x128b</run_address>
         <size>0x8a</size>
         <input_file_ref idref="fl-c9"/>
      </object_component>
      <object_component id="oc-c5">
         <name>.debug_line</name>
         <load_address>0x1315</load_address>
         <run_address>0x1315</run_address>
         <size>0x2c</size>
         <input_file_ref idref="fl-c9"/>
      </object_component>
      <object_component id="oc-51">
         <name>.debug_line</name>
         <load_address>0x1341</load_address>
         <run_address>0x1341</run_address>
         <size>0x79</size>
         <input_file_ref idref="fl-ca"/>
      </object_component>
      <object_component id="oc-5d">
         <name>.debug_line</name>
         <load_address>0x13ba</load_address>
         <run_address>0x13ba</run_address>
         <size>0x3d</size>
         <input_file_ref idref="fl-cb"/>
      </object_component>
      <object_component id="oc-63">
         <name>.debug_line</name>
         <load_address>0x13f7</load_address>
         <run_address>0x13f7</run_address>
         <size>0x40</size>
         <input_file_ref idref="fl-cc"/>
      </object_component>
      <object_component id="oc-ba">
         <name>.debug_line</name>
         <load_address>0x1437</load_address>
         <run_address>0x1437</run_address>
         <size>0x33</size>
         <input_file_ref idref="fl-cd"/>
      </object_component>
      <object_component id="oc-1e2">
         <name>.debug_line</name>
         <load_address>0x146a</load_address>
         <run_address>0x146a</run_address>
         <size>0x20</size>
         <input_file_ref idref="fl-d0"/>
      </object_component>
      <object_component id="oc-12b">
         <name>.debug_line</name>
         <load_address>0x148a</load_address>
         <run_address>0x148a</run_address>
         <size>0x2b</size>
         <input_file_ref idref="fl-d0"/>
      </object_component>
      <object_component id="oc-128">
         <name>.debug_line</name>
         <load_address>0x14b5</load_address>
         <run_address>0x14b5</run_address>
         <size>0x68</size>
         <input_file_ref idref="fl-d0"/>
      </object_component>
      <object_component id="oc-11c">
         <name>.debug_line</name>
         <load_address>0x151d</load_address>
         <run_address>0x151d</run_address>
         <size>0x2b</size>
         <input_file_ref idref="fl-d2"/>
      </object_component>
      <object_component id="oc-6f">
         <name>.debug_line</name>
         <load_address>0x1548</load_address>
         <run_address>0x1548</run_address>
         <size>0x4a</size>
         <input_file_ref idref="fl-d2"/>
      </object_component>
      <object_component id="oc-120">
         <name>.debug_line</name>
         <load_address>0x1592</load_address>
         <run_address>0x1592</run_address>
         <size>0x2b</size>
         <input_file_ref idref="fl-d2"/>
      </object_component>
      <object_component id="oc-cd">
         <name>.debug_line</name>
         <load_address>0x15bd</load_address>
         <run_address>0x15bd</run_address>
         <size>0xa9</size>
         <input_file_ref idref="fl-d4"/>
      </object_component>
      <object_component id="oc-69">
         <name>.debug_line</name>
         <load_address>0x1666</load_address>
         <run_address>0x1666</run_address>
         <size>0x8b</size>
         <input_file_ref idref="fl-d4"/>
      </object_component>
      <object_component id="oc-d1">
         <name>.debug_line</name>
         <load_address>0x16f1</load_address>
         <run_address>0x16f1</run_address>
         <size>0x2e</size>
         <input_file_ref idref="fl-d4"/>
      </object_component>
      <object_component id="oc-13a">
         <name>.debug_line</name>
         <load_address>0x171f</load_address>
         <run_address>0x171f</run_address>
         <size>0x8a</size>
         <input_file_ref idref="fl-d4"/>
      </object_component>
      <object_component id="oc-d6">
         <name>.debug_line</name>
         <load_address>0x17a9</load_address>
         <run_address>0x17a9</run_address>
         <size>0x8b</size>
         <input_file_ref idref="fl-d4"/>
      </object_component>
      <object_component id="oc-131">
         <name>.debug_line</name>
         <load_address>0x1834</load_address>
         <run_address>0x1834</run_address>
         <size>0x98</size>
         <input_file_ref idref="fl-d5"/>
      </object_component>
      <object_component id="oc-9e">
         <name>.debug_line</name>
         <load_address>0x18cc</load_address>
         <run_address>0x18cc</run_address>
         <size>0x68</size>
         <input_file_ref idref="fl-d5"/>
      </object_component>
      <object_component id="oc-135">
         <name>.debug_line</name>
         <load_address>0x1934</load_address>
         <run_address>0x1934</run_address>
         <size>0x2e</size>
         <input_file_ref idref="fl-d5"/>
      </object_component>
      <object_component id="oc-a4">
         <name>.debug_line</name>
         <load_address>0x1962</load_address>
         <run_address>0x1962</run_address>
         <size>0x3c</size>
         <input_file_ref idref="fl-e1"/>
      </object_component>
      <object_component id="oc-234">
         <name>.debug_line</name>
         <load_address>0x199e</load_address>
         <run_address>0x199e</run_address>
         <size>0x64</size>
         <input_file_ref idref="fl-e6"/>
      </object_component>
      <object_component id="oc-1ec">
         <name>.debug_line</name>
         <load_address>0x1a02</load_address>
         <run_address>0x1a02</run_address>
         <size>0x8a</size>
         <input_file_ref idref="fl-e6"/>
      </object_component>
      <object_component id="oc-1ae">
         <name>.debug_line</name>
         <load_address>0x1a8c</load_address>
         <run_address>0x1a8c</run_address>
         <size>0x77</size>
         <input_file_ref idref="fl-e6"/>
      </object_component>
      <object_component id="oc-140">
         <name>.debug_line</name>
         <load_address>0x1b03</load_address>
         <run_address>0x1b03</run_address>
         <size>0x7f</size>
         <input_file_ref idref="fl-e6"/>
      </object_component>
      <object_component id="oc-158">
         <name>.debug_line</name>
         <load_address>0x1b82</load_address>
         <run_address>0x1b82</run_address>
         <size>0x77</size>
         <input_file_ref idref="fl-e6"/>
      </object_component>
      <object_component id="oc-152">
         <name>.debug_line</name>
         <load_address>0x1bf9</load_address>
         <run_address>0x1bf9</run_address>
         <size>0x77</size>
         <input_file_ref idref="fl-e6"/>
      </object_component>
      <object_component id="oc-14c">
         <name>.debug_line</name>
         <load_address>0x1c70</load_address>
         <run_address>0x1c70</run_address>
         <size>0x79</size>
         <input_file_ref idref="fl-e6"/>
      </object_component>
      <object_component id="oc-16a">
         <name>.debug_line</name>
         <load_address>0x1ce9</load_address>
         <run_address>0x1ce9</run_address>
         <size>0x77</size>
         <input_file_ref idref="fl-e6"/>
      </object_component>
      <object_component id="oc-15e">
         <name>.debug_line</name>
         <load_address>0x1d60</load_address>
         <run_address>0x1d60</run_address>
         <size>0x77</size>
         <input_file_ref idref="fl-e6"/>
      </object_component>
      <object_component id="oc-236">
         <name>.debug_line</name>
         <load_address>0x1dd7</load_address>
         <run_address>0x1dd7</run_address>
         <size>0x5e</size>
         <input_file_ref idref="fl-e7"/>
      </object_component>
      <object_component id="oc-202">
         <name>.debug_line</name>
         <load_address>0x1e35</load_address>
         <run_address>0x1e35</run_address>
         <size>0x64</size>
         <input_file_ref idref="fl-e7"/>
      </object_component>
      <object_component id="oc-230">
         <name>.debug_line</name>
         <load_address>0x1e99</load_address>
         <run_address>0x1e99</run_address>
         <size>0x64</size>
         <input_file_ref idref="fl-e7"/>
      </object_component>
      <object_component id="oc-24c">
         <name>.debug_line</name>
         <load_address>0x1efd</load_address>
         <run_address>0x1efd</run_address>
         <size>0x79</size>
         <input_file_ref idref="fl-e7"/>
      </object_component>
      <object_component id="oc-ef">
         <name>.debug_line</name>
         <load_address>0x1f76</load_address>
         <run_address>0x1f76</run_address>
         <size>0x7c</size>
         <input_file_ref idref="fl-e7"/>
      </object_component>
      <object_component id="oc-e9">
         <name>.debug_line</name>
         <load_address>0x1ff2</load_address>
         <run_address>0x1ff2</run_address>
         <size>0x7c</size>
         <input_file_ref idref="fl-e7"/>
      </object_component>
      <object_component id="oc-1f2">
         <name>.debug_line</name>
         <load_address>0x206e</load_address>
         <run_address>0x206e</run_address>
         <size>0x7d</size>
         <input_file_ref idref="fl-e7"/>
      </object_component>
      <object_component id="oc-22c">
         <name>.debug_line</name>
         <load_address>0x20eb</load_address>
         <run_address>0x20eb</run_address>
         <size>0x7d</size>
         <input_file_ref idref="fl-e7"/>
      </object_component>
      <object_component id="oc-146">
         <name>.debug_line</name>
         <load_address>0x2168</load_address>
         <run_address>0x2168</run_address>
         <size>0x7f</size>
         <input_file_ref idref="fl-e7"/>
      </object_component>
      <object_component id="oc-f5">
         <name>.debug_line</name>
         <load_address>0x21e7</load_address>
         <run_address>0x21e7</run_address>
         <size>0xad</size>
         <input_file_ref idref="fl-e7"/>
      </object_component>
      <object_component id="oc-226">
         <name>.debug_line</name>
         <load_address>0x2294</load_address>
         <run_address>0x2294</run_address>
         <size>0xad</size>
         <input_file_ref idref="fl-e7"/>
      </object_component>
      <object_component id="oc-254">
         <name>.debug_line</name>
         <load_address>0x2341</load_address>
         <run_address>0x2341</run_address>
         <size>0x20</size>
         <input_file_ref idref="fl-e8"/>
      </object_component>
      <object_component id="oc-250">
         <name>.debug_line</name>
         <load_address>0x2361</load_address>
         <run_address>0x2361</run_address>
         <size>0x5e</size>
         <input_file_ref idref="fl-e8"/>
      </object_component>
      <object_component id="oc-218">
         <name>.debug_line</name>
         <load_address>0x23bf</load_address>
         <run_address>0x23bf</run_address>
         <size>0x78</size>
         <input_file_ref idref="fl-e8"/>
      </object_component>
      <object_component id="oc-212">
         <name>.debug_line</name>
         <load_address>0x2437</load_address>
         <run_address>0x2437</run_address>
         <size>0x84</size>
         <input_file_ref idref="fl-e8"/>
      </object_component>
      <object_component id="oc-1a8">
         <name>.debug_line</name>
         <load_address>0x24bb</load_address>
         <run_address>0x24bb</run_address>
         <size>0x82</size>
         <input_file_ref idref="fl-e8"/>
      </object_component>
      <object_component id="oc-23a">
         <name>.debug_line</name>
         <load_address>0x253d</load_address>
         <run_address>0x253d</run_address>
         <size>0x122</size>
         <input_file_ref idref="fl-e9"/>
      </object_component>
      <object_component id="oc-238">
         <name>.debug_line</name>
         <load_address>0x265f</load_address>
         <run_address>0x265f</run_address>
         <size>0x5f</size>
         <input_file_ref idref="fl-e9"/>
      </object_component>
      <object_component id="oc-1a1">
         <name>.debug_line</name>
         <load_address>0x26be</load_address>
         <run_address>0x26be</run_address>
         <size>0x81</size>
         <input_file_ref idref="fl-e9"/>
      </object_component>
      <object_component id="oc-18f">
         <name>.debug_line</name>
         <load_address>0x273f</load_address>
         <run_address>0x273f</run_address>
         <size>0x80</size>
         <input_file_ref idref="fl-e9"/>
      </object_component>
      <object_component id="oc-19b">
         <name>.debug_line</name>
         <load_address>0x27bf</load_address>
         <run_address>0x27bf</run_address>
         <size>0x77</size>
         <input_file_ref idref="fl-e9"/>
      </object_component>
      <object_component id="oc-195">
[...]
            </available_space>
            <allocated_space>
               <start_address>0x2000537c</start_address>
               <size>0x2fc</size>
               <logical_group_ref idref="lg-7"/>
            </allocated_space>
            <allocated_space>
               <start_address>0x20005678</start_address>
               <size>0x50</size>
               <logical_group_ref idref="lg-8"/>
            </allocated_space>
            <available_space>
               <start_address>0x200056c8</start_address>
               <size>0x11938</size>
            </available_space>
         </usage_details>
      </memory_area>
      <memory_area display="yes" color="green">
         <name>SRAM_DATA</name>
         <page_id>0x0</page_id>
         <origin>0x20017000</origin>
         <length>0x19000</length>
         <used_space>0x1040</used_space>
         <unused_space>0x17fc0</unused_space>
         <attributes>RWX</attributes>
         <usage_details>
            <allocated_space>
               <start_address>0x20017000</start_address>
               <size>0x800</size>
               <logical_group_ref idref="lg-c"/>
            </allocated_space>
            <allocated_space>
               <start_address>0x20017800</start_address>
               <size>0x39</size>
               <logical_group_ref idref="lg-a"/>
            </allocated_space>
            <available_space>
               <start_address>0x20017839</start_address>
               <size>0x3</size>
            </available_space>
            <allocated_space>
               <start_address>0x2001783c</start_address>
               <size>0x7</size>
               <logical_group_ref idref="lg-b"/>
            </allocated_space>
            <available_space>
               <start_address>0x20017843</start_address>
               <size>0x17fbd</size>
            </available_space>
            <allocated_space>
               <start_address>0x2002f800</start_address>
               <size>0x800</size>
               <logical_group_ref idref="lg-d"/>
            </allocated_space>
         </usage_details>
      </memory_area>
   </placement_map>
   <cptbl_list>
      <cptbl>
         <name>__TI_cinit_table</name>
         <cprec>
            <name>.data</name>
            <load_address>0x20005678</load_address>
            <load_size>0x25</load_size>
            <run_address>0x20017800</run_address>
            <run_size>0x39</run_size>
            <compression>lzss</compression>
         </cprec>
         <cprec>
            <name>.bss</name>
            <load_address>0x200056b0</load_address>
            <load_size>0x8</load_size>
            <run_address>0x2001783c</run_address>
            <run_size>0x7</run_size>
            <compression>zero_init</compression>
         </cprec>
      </cptbl>
   </cptbl_list>
   <handler_table>
      <handler_table_name>__TI_handler_table</handler_table_name>
      <handler>
         <index>0x0</index>
         <name>__TI_decompress_lzss</name>
      </handler>
      <handler>
         <index>0x1</index>
         <name>__TI_decompress_none</name>
      </handler>
      <handler>
         <index>0x2</index>
         <name>__TI_zero_init</name>
      </handler>
   </handler_table>
   <symbol_table>
      <symbol id="sm-1">
         <name>__TI_CINIT_Base</name>
         <value>0x200056b8</value>
      </symbol>
      <symbol id="sm-2">
         <name>__TI_CINIT_Limit</name>
         <value>0x200056c8</value>
      </symbol>
      <symbol id="sm-3">
         <name>__TI_Handler_Table_Base</name>
         <value>0x200056a0</value>
      </symbol>
      <symbol id="sm-4">
         <name>__TI_Handler_Table_Limit</name>
         <value>0x200056ac</value>
      </symbol>
      <symbol id="sm-5">
         <name>binit</name>
         <value>0xffffffff</value>
      </symbol>
      <symbol id="sm-6">
         <name>__binit__</name>
         <value>0xffffffff</value>
      </symbol>
      <symbol id="sm-7">
         <name>__STACK_SIZE</name>
         <value>0x800</value>
      </symbol>
      <symbol id="sm-8">
         <name>__STACK_END</name>
         <value>0x20030000</value>
      </symbol>
      <symbol id="sm-9">
         <name>__SYSMEM_SIZE</name>
         <value>0x800</value>
      </symbol>
      <symbol id="sm-a">
         <name>__c_args__</name>
         <value>0xffffffff</value>
      </symbol>
      <symbol id="sm-b">
         <name>__TI_pprof_out_hndl</name>
         <value>0xffffffff</value>
      </symbol>
      <symbol id="sm-c">
         <name>__TI_prof_data_start</name>
         <value>0xffffffff</value>
      </symbol>
      <symbol id="sm-d">
         <name>__TI_prof_data_size</name>
         <value>0xffffffff</value>
      </symbol>
      <symbol id="sm-85">
         <name>g_ucLED1Pin</name>
         <value>0x20017840</value>
      </symbol>
      <symbol id="sm-86">
         <name>g_ucLED2Pin</name>
         <value>0x20017841</value>
      </symbol>
      <symbol id="sm-87">
         <name>g_ucLED3Pin</name>
         <value>0x20017842</value>
      </symbol>
      <symbol id="sm-88">
         <name>g_uiLED3Port</name>
         <value>0x20017828</value>
         <object_component_ref idref="oc-160"/>
      </symbol>
      <symbol id="sm-89">
         <name>GPIO_IF_Set</name>
         <value>0x20004709</value>
         <object_component_ref idref="oc-d8"/>
      </symbol>
      <symbol id="sm-8a">
         <name>GPIO_IF_LedOn</name>
         <value>0x2000447b</value>
         <object_component_ref idref="oc-d8"/>
      </symbol>
      <symbol id="sm-8b">
         <name>GPIO_IF_GetPortNPin</name>
         <value>0x2000467b</value>
         <object_component_ref idref="oc-d8"/>
      </symbol>
      <symbol id="sm-8c">
         <name>GPIO_IF_LedStatus</name>
         <value>0x200045e3</value>
         <object_component_ref idref="oc-d8"/>
      </symbol>
      <symbol id="sm-8d">
         <name>g_uiLED1Port</name>
         <value>0x20017820</value>
         <object_component_ref idref="oc-160"/>
      </symbol>
      <symbol id="sm-8e">
         <name>GPIO_IF_LedConfigure</name>
         <value>0x2000443d</value>
         <object_component_ref idref="oc-d8"/>
      </symbol>
      <symbol id="sm-8f">
         <name>GPIO_IF_Get</name>
         <value>0x2000474d</value>
         <object_component_ref idref="oc-d8"/>
      </symbol>
      <symbol id="sm-90">
         <name>GPIO_IF_LedToggle</name>
         <value>0x2000464d</value>
         <object_component_ref idref="oc-d8"/>
      </symbol>
      <symbol id="sm-91">
         <name>GPIO_IF_ConfigureNIntEnable</name>
         <value>0x200046c1</value>
         <object_component_ref idref="oc-d8"/>
      </symbol>
      <symbol id="sm-92">
         <name>GPIO_IF_LedOff</name>
         <value>0x2000452f</value>
         <object_component_ref idref="oc-d8"/>
      </symbol>
      <symbol id="sm-93">
         <name>g_uiLED2Port</name>
         <value>0x20017824</value>
         <object_component_ref idref="oc-160"/>
      </symbol>
      <symbol id="sm-ba">
         <name>g_ulWatchdogCycles</name>
         <value>0x2001783c</value>
      </symbol>
      <symbol id="sm-bb">
         <name>WatchdogIntHandler</name>
         <value>0x20004a1d</value>
         <object_component_ref idref="oc-a8"/>
      </symbol>
      <symbol id="sm-bc">
         <name>main</name>
         <value>0x20004a77</value>
         <object_component_ref idref="oc-a8"/>
      </symbol>
      <symbol id="sm-bd">
         <name>g_bFeedWatchdog</name>
         <value>0x20017838</value>
         <object_component_ref idref="oc-10f"/>
      </symbol>
      <symbol id="sm-c9">
         <name>PinMuxConfig</name>
         <value>0x20005151</value>
         <object_component_ref idref="oc-fd"/>
      </symbol>
      <symbol id="sm-e8">
         <name>ResetISR</name>
         <value>0x20005349</value>
         <object_component_ref idref="oc-2d"/>
      </symbol>
      <symbol id="sm-e9">
         <name>g_pfnVectors</name>
         <value>0x20004000</value>
         <object_component_ref idref="oc-f"/>
      </symbol>
      <symbol id="sm-f6">
         <name>WDT_IF_DeInit</name>
         <value>0x20004dfd</value>
         <object_component_ref idref="oc-103"/>
      </symbol>
      <symbol id="sm-f7">
         <name>WDT_IF_Init</name>
         <value>0x20004dbd</value>
         <object_component_ref idref="oc-103"/>
      </symbol>
      <symbol id="sm-107">
         <name>_c_int00</name>
         <value>0x20004ff5</value>
         <object_component_ref idref="oc-24"/>
      </symbol>
      <symbol id="sm-108">
         <name>__stack</name>
         <value>0x2002f800</value>
         <object_component_ref idref="oc-29"/>
      </symbol>
      <symbol id="sm-126">
         <name>__TI_decompress_lzss</name>
         <value>0x20004d55</value>
         <object_component_ref idref="oc-12"/>
      </symbol>
      <symbol id="sm-13d">
         <name>__TI_decompress_none</name>
         <value>0x2000533b</value>
         <object_component_ref idref="oc-18"/>
      </symbol>
      <symbol id="sm-154">
         <name>__TI_zero_init</name>
         <value>0x20005357</value>
         <object_component_ref idref="oc-1e"/>
      </symbol>
      <symbol id="sm-175">
         <name>C$$EXIT</name>
         <value>0x20004ecd</value>
         <object_component_ref idref="oc-71"/>
      </symbol>
      <symbol id="sm-176">
         <name>abort</name>
         <value>0x20004ed1</value>
         <object_component_ref idref="oc-71"/>
      </symbol>
      <symbol id="sm-177">
         <name>exit</name>
         <value>0x20004ed9</value>
         <object_component_ref idref="oc-71"/>
      </symbol>
      <symbol id="sm-178">
         <name>__TI_dtors_ptr</name>
         <value>0x20017818</value>
         <object_component_ref idref="oc-b0"/>
      </symbol>
      <symbol id="sm-179">
         <name>__TI_cleanup_ptr</name>
         <value>0x20017814</value>
         <object_component_ref idref="oc-b0"/>
      </symbol>
      <symbol id="sm-17a">
         <name>__TI_enable_exit_profile_output</name>
         <value>0x2001781c</value>
         <object_component_ref idref="oc-b0"/>
      </symbol>
      <symbol id="sm-195">
         <name>memcpy</name>
         <value>0x20004ac5</value>
         <object_component_ref idref="oc-41"/>
      </symbol>
      <symbol id="sm-196">
         <name>__aeabi_memcpy</name>
         <value>0x20004ac5</value>
         <object_component_ref idref="oc-41"/>
      </symbol>
      <symbol id="sm-197">
         <name>__aeabi_memcpy8</name>
         <value>0x20004ac5</value>
         <object_component_ref idref="oc-41"/>
      </symbol>
      <symbol id="sm-198">
         <name>__aeabi_memcpy4</name>
         <value>0x20004ac5</value>
         <object_component_ref idref="oc-41"/>
      </symbol>
      <symbol id="sm-1ae">
         <name>_sys_memory</name>
         <value>0x20017000</value>
         <object_component_ref idref="oc-2a"/>
      </symbol>
      <symbol id="sm-1bd">
         <name>__aeabi_memset</name>
         <value>0x20004c6d</value>
         <object_component_ref idref="oc-4d"/>
      </symbol>
      <symbol id="sm-1be">
         <name>memset</name>
         <value>0x20004c73</value>
         <object_component_ref idref="oc-4d"/>
      </symbol>
      <symbol id="sm-1bf">
         <name>__aeabi_memset8</name>
         <value>0x20004c6d</value>
         <object_component_ref idref="oc-4d"/>
      </symbol>
      <symbol id="sm-1c0">
         <name>__aeabi_memset4</name>
         <value>0x20004c6d</value>
         <object_component_ref idref="oc-4d"/>
      </symbol>
      <symbol id="sm-1c1">
         <name>__aeabi_memclr8</name>
         <value>0x20004c6b</value>
         <object_component_ref idref="oc-4d"/>
      </symbol>
      <symbol id="sm-1c2">
         <name>__aeabi_memclr4</name>
         <value>0x20004c6b</value>
         <object_component_ref idref="oc-4d"/>
      </symbol>
      <symbol id="sm-1c3">
         <name>__aeabi_memclr</name>
         <value>0x20004c6b</value>
         <object_component_ref idref="oc-4d"/>
      </symbol>
      <symbol id="sm-1cd">
         <name>__mpu_init</name>
         <value>0x20005377</value>
         <object_component_ref idref="oc-59"/>
      </symbol>
      <symbol id="sm-1d7">
         <name>_system_pre_init</name>
         <value>0x20005373</value>
         <object_component_ref idref="oc-5f"/>
      </symbol>
      <symbol id="sm-1df">
         <name>main_func_sp</name>
         <value>0x20017834</value>
         <object_component_ref idref="oc-77"/>
      </symbol>
      <symbol id="sm-1fa">
         <name>_nop</name>
         <value>0x200052ef</value>
         <object_component_ref idref="oc-124"/>
      </symbol>
      <symbol id="sm-1fb">
         <name>_lock</name>
         <value>0x2001782c</value>
         <object_component_ref idref="oc-b3"/>
      </symbol>
      <symbol id="sm-1fc">
         <name>_unlock</name>
         <value>0x20017830</value>
         <object_component_ref idref="oc-b3"/>
      </symbol>
      <symbol id="sm-1fd">
         <name>_register_lock</name>
         <value>0x200052e7</value>
         <object_component_ref idref="oc-124"/>
      </symbol>
      <symbol id="sm-1fe">
         <name>_register_unlock</name>
         <value>0x200052e1</value>
         <object_component_ref idref="oc-124"/>
      </symbol>
      <symbol id="sm-213">
         <name>_args_main</name>
         <value>0x20005235</value>
         <object_component_ref idref="oc-6b"/>
      </symbol>
      <symbol id="sm-23e">
         <name>__TI_auto_init</name>
         <value>0x20004ce5</value>
         <object_component_ref idref="oc-65"/>
      </symbol>
      <symbol id="sm-258">
         <name>copy_in</name>
         <value>0x20004f21</value>
         <object_component_ref idref="oc-9a"/>
      </symbol>
      <symbol id="sm-26d">
         <name>_system_post_cinit</name>
         <value>0x20005379</value>
         <object_component_ref idref="oc-a0"/>
      </symbol>
      <symbol id="sm-2c7">
         <name>GPIOIntRegister</name>
         <value>0x200051b5</value>
         <object_component_ref idref="oc-148"/>
      </symbol>
      <symbol id="sm-2c8">
         <name>GPIOIntEnable</name>
         <value>0x200051d3</value>
         <object_component_ref idref="oc-154"/>
      </symbol>
      <symbol id="sm-2c9">
         <name>GPIOIntTypeSet</name>
         <value>0x20004be9</value>
         <object_component_ref idref="oc-13c"/>
      </symbol>
      <symbol id="sm-2ca">
         <name>GPIOIntClear</name>
         <value>0x200052b9</value>
         <object_component_ref idref="oc-14e"/>
      </symbol>
      <symbol id="sm-2cb">
         <name>GPIOPinRead</name>
         <value>0x200051ed</value>
         <object_component_ref idref="oc-166"/>
      </symbol>
      <symbol id="sm-2cc">
         <name>GPIODirModeSet</name>
         <value>0x20005071</value>
         <object_component_ref idref="oc-1aa"/>
      </symbol>
      <symbol id="sm-2cd">
         <name>GPIOPinWrite</name>
         <value>0x20005175</value>
         <object_component_ref idref="oc-15a"/>
      </symbol>
      <symbol id="sm-345">
         <name>IntPrioritySet</name>
         <value>0x20004e79</value>
         <object_component_ref idref="oc-142"/>
      </symbol>
      <symbol id="sm-346">
         <name>IntVTableBaseSet</name>
         <value>0x200052cd</value>
         <object_component_ref idref="oc-e5"/>
      </symbol>
      <symbol id="sm-347">
         <name>IntEnable</name>
         <value>0x20004975</value>
         <object_component_ref idref="oc-f1"/>
      </symbol>
      <symbol id="sm-348">
         <name>IntDisable</name>
         <value>0x200048cd</value>
         <object_component_ref idref="oc-222"/>
      </symbol>
      <symbol id="sm-349">
         <name>IntRegister</name>
         <value>0x20005195</value>
         <object_component_ref idref="oc-1ee"/>
      </symbol>
      <symbol id="sm-34a">
         <name>IntUnregister</name>
         <value>0x2000512d</value>
         <object_component_ref idref="oc-228"/>
      </symbol>
      <symbol id="sm-34b">
         <name>IntMasterEnable</name>
         <value>0x20005363</value>
         <object_component_ref idref="oc-eb"/>
      </symbol>
      <symbol id="sm-37a">
         <name>PinTypeGPIO</name>
         <value>0x200050a7</value>
         <object_component_ref idref="oc-1a4"/>
      </symbol>
      <symbol id="sm-37b">
         <name>PinConfigSet</name>
         <value>0x20004b61</value>
         <object_component_ref idref="oc-20e"/>
      </symbol>
      <symbol id="sm-37c">
         <name>PinModeSet</name>
         <value>0x20004fb5</value>
         <object_component_ref idref="oc-214"/>
      </symbol>
      <symbol id="sm-3e8">
         <name>PRCMPeripheralReset</name>
         <value>0x20004e21</value>
         <object_component_ref idref="oc-191"/>
      </symbol>
      <symbol id="sm-3e9">
         <name>PRCMPeripheralClkEnable</name>
         <value>0x20005035</value>
         <object_component_ref idref="oc-18b"/>
      </symbol>
      <symbol id="sm-3ea">
         <name>PRCMCC3200MCUInit</name>
         <value>0x20004799</value>
         <object_component_ref idref="oc-f7"/>
      </symbol>
      <symbol id="sm-3eb">
         <name>PRCMHIBRegWrite</name>
         <value>0x20005263</value>
         <object_component_ref idref="oc-185"/>
      </symbol>
      <symbol id="sm-3ec">
         <name>PRCMSysResetCauseGet</name>
         <value>0x200050d9</value>
         <object_component_ref idref="oc-19d"/>
      </symbol>
      <symbol id="sm-3ed">
         <name>PRCMPeripheralClkDisable</name>
         <value>0x20005105</value>
         <object_component_ref idref="oc-197"/>
      </symbol>
      <symbol id="sm-3ee">
         <name>PRCMHIBRegRead</name>
         <value>0x2000524d</value>
         <object_component_ref idref="oc-17f"/>
      </symbol>
      <symbol id="sm-3f3">
         <name>UtilsDelay</name>
         <value>0x2000536d</value>
         <object_component_ref idref="oc-de"/>
      </symbol>
      <symbol id="sm-43a">
         <name>WatchdogIntClear</name>
         <value>0x2000532b</value>
         <object_component_ref idref="oc-df"/>
      </symbol>
      <symbol id="sm-43b">
         <name>WatchdogUnlock</name>
         <value>0x2000521d</value>
         <object_component_ref idref="oc-1b1"/>
      </symbol>
      <symbol id="sm-43c">
         <name>WatchdogRunning</name>
         <value>0x20005319</value>
         <object_component_ref idref="oc-109"/>
      </symbol>
      <symbol id="sm-43d">
         <name>WatchdogStallDisable</name>
         <value>0x20005205</value>
         <object_component_ref idref="oc-1c9"/>
      </symbol>
      <symbol id="sm-43e">
         <name>WatchdogReloadSet</name>
         <value>0x20005307</value>
         <object_component_ref idref="oc-1bd"/>
      </symbol>
      <symbol id="sm-43f">
         <name>WatchdogEnable</name>
         <value>0x20005279</value>
         <object_component_ref idref="oc-1c3"/>
      </symbol>
      <symbol id="sm-440">
         <name>WatchdogIntRegister</name>
         <value>0x2000528f</value>
         <object_component_ref idref="oc-1b7"/>
      </symbol>
      <symbol id="sm-441">
         <name>WatchdogIntUnregister</name>
         <value>0x200052f5</value>
         <object_component_ref idref="oc-1cf"/>
      </symbol>
      <symbol id="sm-44b">
         <name>CPUcpsie</name>
         <value>0x200052a5</value>
         <object_component_ref idref="oc-174"/>
      </symbol>
      <symbol id="sm-44e">
         <name>__TI_static_base__</name>
         <value>0x20005678</value>
      </symbol>
      <symbol id="sm-451">
         <name>SHT$$INIT_ARRAY$$Limit</name>
         <value>0x0</value>
      </symbol>
      <symbol id="sm-452">
         <name>SHT$$INIT_ARRAY$$Base</name>
         <value>0x0</value>
      </symbol>
   </symbol_table>
   <title>Link successful</title>
</link_info>
