<?xml version="1.0"?>
<link_info>
   <banner>TI ARM Linker Unix v16.9.1.LTS</banner>
   <copyright>Copyright (c) 1996-2015 Texas Instruments Incorporated</copyright>
   <link_time>0x591320de</link_time>
   <link_errors>0x0</link_errors>
   <output_file>freertos_demo.out</output_file>
   <entry_point>
      <name>_c_int00</name>
      <address>0x20009361</address>
   </entry_point>
   <input_file_list>
      <input_file id="fl-2">
         <path>./</path>
         <kind>object</kind>
         <file>main.obj</file>
         <name>main.obj</name>
      </input_file>
      <input_file id="fl-3">
         <path>./</path>
         <kind>object</kind>
         <file>pinmux.obj</file>
         <name>pinmux.obj</name>
      </input_file>
      <input_file id="fl-4">
         <path>./</path>
         <kind>object</kind>
         <file>startup_ccs.obj</file>
         <name>startup_ccs.obj</name>
      </input_file>
      <input_file id="fl-5">
         <path>./</path>
         <kind>object</kind>
         <file>uart_if.obj</file>
         <name>uart_if.obj</name>
      </input_file>
      <input_file id="fl-c1">
         <path>/home/waqar/ti/ccsv7/tools/compiler/ti-cgt-arm_16.9.1.LTS/lib/</path>
         <kind>archive</kind>
         <file>rtsv7M4_T_le_eabi.lib</file>
         <name>boot.obj</name>
      </input_file>
      <input_file id="fl-c2">
         <path>/home/waqar/ti/ccsv7/tools/compiler/ti-cgt-arm_16.9.1.LTS/lib/</path>
         <kind>archive</kind>
         <file>rtsv7M4_T_le_eabi.lib</file>
         <name>copy_decompress_lzss.obj</name>
      </input_file>
      <input_file id="fl-c3">
         <path>/home/waqar/ti/ccsv7/tools/compiler/ti-cgt-arm_16.9.1.LTS/lib/</path>
         <kind>archive</kind>
         <file>rtsv7M4_T_le_eabi.lib</file>
         <name>copy_decompress_none.obj</name>
      </input_file>
      <input_file id="fl-c4">
         <path>/home/waqar/ti/ccsv7/tools/compiler/ti-cgt-arm_16.9.1.LTS/lib/</path>
         <kind>archive</kind>
         <file>rtsv7M4_T_le_eabi.lib</file>
         <name>copy_zero_init.obj</name>
      </input_file>
      <input_file id="fl-c5">
         <path>/home/waqar/ti/ccsv7/tools/compiler/ti-cgt-arm_16.9.1.LTS/lib/</path>
         <kind>archive</kind>
         <file>rtsv7M4_T_le_eabi.lib</file>
         <name>exit.obj</name>
      </input_file>
      <input_file id="fl-c6">
         <path>/home/waqar/ti/ccsv7/tools/compiler/ti-cgt-arm_16.9.1.LTS/lib/</path>
         <kind>archive</kind>
         <file>rtsv7M4_T_le_eabi.lib</file>
         <name>memcpy_t2.obj</name>
      </input_file>
      <input_file id="fl-c7">
         <path>/home/waqar/ti/ccsv7/tools/compiler/ti-cgt-arm_16.9.1.LTS/lib/</path>
         <kind>archive</kind>
         <file>rtsv7M4_T_le_eabi.lib</file>
         <name>memmov.obj</name>
      </input_file>
      <input_file id="fl-c8">
         <path>/home/waqar/ti/ccsv7/tools/compiler/ti-cgt-arm_16.9.1.LTS/lib/</path>
         <kind>archive</kind>
         <file>rtsv7M4_T_le_eabi.lib</file>
         <name>memory.obj</name>
      </input_file>
      <input_file id="fl-c9">
         <path>/home/waqar/ti/ccsv7/tools/compiler/ti-cgt-arm_16.9.1.LTS/lib/</path>
         <kind>archive</kind>
         <file>rtsv7M4_T_le_eabi.lib</file>
         <name>memset_t2.obj</name>
      </input_file>
      <input_file id="fl-ca">
         <path>/home/waqar/ti/ccsv7/tools/compiler/ti-cgt-arm_16.9.1.LTS/lib/</path>
         <kind>archive</kind>
         <file>rtsv7M4_T_le_eabi.lib</file>
         <name>mpu_init.obj</name>
      </input_file>
      <input_file id="fl-cb">
         <path>/home/waqar/ti/ccsv7/tools/compiler/ti-cgt-arm_16.9.1.LTS/lib/</path>
         <kind>archive</kind>
         <file>rtsv7M4_T_le_eabi.lib</file>
         <name>pre_init.obj</name>
      </input_file>
      <input_file id="fl-cc">
         <path>/home/waqar/ti/ccsv7/tools/compiler/ti-cgt-arm_16.9.1.LTS/lib/</path>
         <kind>archive</kind>
         <file>rtsv7M4_T_le_eabi.lib</file>
         <name>stkdepth_vars.obj</name>
      </input_file>
      <input_file id="fl-cd">
         <path>/home/waqar/ti/ccsv7/tools/compiler/ti-cgt-arm_16.9.1.LTS/lib/</path>
         <kind>archive</kind>
         <file>rtsv7M4_T_le_eabi.lib</file>
         <name>strlen.obj</name>
      </input_file>
      <input_file id="fl-ce">
         <path>/home/waqar/ti/ccsv7/tools/compiler/ti-cgt-arm_16.9.1.LTS/lib/</path>
         <kind>archive</kind>
         <file>rtsv7M4_T_le_eabi.lib</file>
         <name>vsnprintf.obj</name>
      </input_file>
      <input_file id="fl-cf">
         <path>/home/waqar/ti/ccsv7/tools/compiler/ti-cgt-arm_16.9.1.LTS/lib/</path>
         <kind>archive</kind>
         <file>rtsv7M4_T_le_eabi.lib</file>
         <name>_lock.obj</name>
      </input_file>
      <input_file id="fl-d0">
         <path>/home/waqar/ti/ccsv7/tools/compiler/ti-cgt-arm_16.9.1.LTS/lib/</path>
         <kind>archive</kind>
         <file>rtsv7M4_T_le_eabi.lib</file>
         <name>_printfi.obj</name>
      </input_file>
      <input_file id="fl-d1">
         <path>/home/waqar/ti/ccsv7/tools/compiler/ti-cgt-arm_16.9.1.LTS/lib/</path>
         <kind>archive</kind>
         <file>rtsv7M4_T_le_eabi.lib</file>
         <name>args_main.obj</name>
      </input_file>
      <input_file id="fl-d2">
         <path>/home/waqar/ti/ccsv7/tools/compiler/ti-cgt-arm_16.9.1.LTS/lib/</path>
         <kind>archive</kind>
         <file>rtsv7M4_T_le_eabi.lib</file>
         <name>atoi.obj</name>
      </input_file>
      <input_file id="fl-d3">
         <path>/home/waqar/ti/ccsv7/tools/compiler/ti-cgt-arm_16.9.1.LTS/lib/</path>
         <kind>archive</kind>
         <file>rtsv7M4_T_le_eabi.lib</file>
         <name>autoinit.obj</name>
      </input_file>
      <input_file id="fl-d4">
         <path>/home/waqar/ti/ccsv7/tools/compiler/ti-cgt-arm_16.9.1.LTS/lib/</path>
         <kind>archive</kind>
         <file>rtsv7M4_T_le_eabi.lib</file>
         <name>cpy_tbl.obj</name>
      </input_file>
      <input_file id="fl-d5">
         <path>/home/waqar/ti/ccsv7/tools/compiler/ti-cgt-arm_16.9.1.LTS/lib/</path>
         <kind>archive</kind>
         <file>rtsv7M4_T_le_eabi.lib</file>
         <name>ctype.obj</name>
      </input_file>
      <input_file id="fl-d6">
         <path>/home/waqar/ti/ccsv7/tools/compiler/ti-cgt-arm_16.9.1.LTS/lib/</path>
         <kind>archive</kind>
         <file>rtsv7M4_T_le_eabi.lib</file>
         <name>fd_add_t2.obj</name>
      </input_file>
      <input_file id="fl-d7">
         <path>/home/waqar/ti/ccsv7/tools/compiler/ti-cgt-arm_16.9.1.LTS/lib/</path>
         <kind>archive</kind>
         <file>rtsv7M4_T_le_eabi.lib</file>
         <name>fd_cmp_t2.obj</name>
      </input_file>
      <input_file id="fl-d8">
         <path>/home/waqar/ti/ccsv7/tools/compiler/ti-cgt-arm_16.9.1.LTS/lib/</path>
         <kind>archive</kind>
         <file>rtsv7M4_T_le_eabi.lib</file>
         <name>fd_div_t2.obj</name>
      </input_file>
      <input_file id="fl-d9">
         <path>/home/waqar/ti/ccsv7/tools/compiler/ti-cgt-arm_16.9.1.LTS/lib/</path>
         <kind>archive</kind>
         <file>rtsv7M4_T_le_eabi.lib</file>
         <name>fd_mul_t2.obj</name>
      </input_file>
      <input_file id="fl-da">
         <path>/home/waqar/ti/ccsv7/tools/compiler/ti-cgt-arm_16.9.1.LTS/lib/</path>
         <kind>archive</kind>
         <file>rtsv7M4_T_le_eabi.lib</file>
         <name>fd_toi_t2.obj</name>
      </input_file>
      <input_file id="fl-db">
         <path>/home/waqar/ti/ccsv7/tools/compiler/ti-cgt-arm_16.9.1.LTS/lib/</path>
         <kind>archive</kind>
         <file>rtsv7M4_T_le_eabi.lib</file>
         <name>i_tofd_t2.obj</name>
      </input_file>
      <input_file id="fl-dc">
         <path>/home/waqar/ti/ccsv7/tools/compiler/ti-cgt-arm_16.9.1.LTS/lib/</path>
         <kind>archive</kind>
         <file>rtsv7M4_T_le_eabi.lib</file>
         <name>ltoa.obj</name>
      </input_file>
      <input_file id="fl-dd">
         <path>/home/waqar/ti/ccsv7/tools/compiler/ti-cgt-arm_16.9.1.LTS/lib/</path>
         <kind>archive</kind>
         <file>rtsv7M4_T_le_eabi.lib</file>
         <name>memccpy.obj</name>
      </input_file>
      <input_file id="fl-de">
         <path>/home/waqar/ti/ccsv7/tools/compiler/ti-cgt-arm_16.9.1.LTS/lib/</path>
         <kind>archive</kind>
         <file>rtsv7M4_T_le_eabi.lib</file>
         <name>s_frexp.obj</name>
      </input_file>
      <input_file id="fl-df">
         <path>/home/waqar/ti/ccsv7/tools/compiler/ti-cgt-arm_16.9.1.LTS/lib/</path>
         <kind>archive</kind>
         <file>rtsv7M4_T_le_eabi.lib</file>
         <name>s_scalbn.obj</name>
      </input_file>
      <input_file id="fl-e0">
         <path>/home/waqar/ti/ccsv7/tools/compiler/ti-cgt-arm_16.9.1.LTS/lib/</path>
         <kind>archive</kind>
         <file>rtsv7M4_T_le_eabi.lib</file>
         <name>startup.obj</name>
      </input_file>
      <input_file id="fl-e1">
         <path>/home/waqar/ti/ccsv7/tools/compiler/ti-cgt-arm_16.9.1.LTS/lib/</path>
         <kind>archive</kind>
         <file>rtsv7M4_T_le_eabi.lib</file>
         <name>strchr.obj</name>
      </input_file>
      <input_file id="fl-e2">
         <path>/home/waqar/ti/ccsv7/tools/compiler/ti-cgt-arm_16.9.1.LTS/lib/</path>
         <kind>archive</kind>
         <file>rtsv7M4_T_le_eabi.lib</file>
         <name>ull_div_t2.obj</name>
      </input_file>
      <input_file id="fl-e3">
         <path>/home/waqar/ti/ccsv7/tools/compiler/ti-cgt-arm_16.9.1.LTS/lib/</path>
         <kind>archive</kind>
         <file>rtsv7M4_T_le_eabi.lib</file>
         <name>errno.obj</name>
      </input_file>
      <input_file id="fl-e4">
         <path>/home/waqar/ti/ccsv7/tools/compiler/ti-cgt-arm_16.9.1.LTS/lib/</path>
         <kind>archive</kind>
         <file>rtsv7M4_T_le_eabi.lib</file>
         <name>s_copysign.obj</name>
      </input_file>
      <input_file id="fl-e5">
         <path>/home/waqar/ti/CC3200SDK_1.1.0/cc3200-sdk/oslib/ccs/free_rtos/</path>
         <kind>archive</kind>
         <file>free_rtos.a</file>
         <name>osi_freertos.obj</name>
      </input_file>
      <input_file id="fl-e6">
         <path>/home/waqar/ti/CC3200SDK_1.1.0/cc3200-sdk/oslib/ccs/free_rtos/</path>
         <kind>archive</kind>
         <file>free_rtos.a</file>
         <name>port.obj</name>
      </input_file>
      <input_file id="fl-e7">
         <path>/home/waqar/ti/CC3200SDK_1.1.0/cc3200-sdk/oslib/ccs/free_rtos/</path>
         <kind>archive</kind>
         <file>free_rtos.a</file>
         <name>portasm.obj</name>
      </input_file>
      <input_file id="fl-e8">
         <path>/home/waqar/ti/CC3200SDK_1.1.0/cc3200-sdk/oslib/ccs/free_rtos/</path>
         <kind>archive</kind>
         <file>free_rtos.a</file>
         <name>queue.obj</name>
      </input_file>
      <input_file id="fl-e9">
         <path>/home/waqar/ti/CC3200SDK_1.1.0/cc3200-sdk/oslib/ccs/free_rtos/</path>
         <kind>archive</kind>
         <file>free_rtos.a</file>
         <name>tasks.obj</name>
      </input_file>
      <input_file id="fl-ea">
         <path>/home/waqar/ti/CC3200SDK_1.1.0/cc3200-sdk/oslib/ccs/free_rtos/</path>
         <kind>archive</kind>
         <file>free_rtos.a</file>
         <name>heap_3.obj</name>
      </input_file>
      <input_file id="fl-eb">
         <path>/home/waqar/ti/CC3200SDK_1.1.0/cc3200-sdk/oslib/ccs/free_rtos/</path>
         <kind>archive</kind>
         <file>free_rtos.a</file>
         <name>list.obj</name>
      </input_file>
      <input_file id="fl-ec">
         <path>/home/waqar/ti/CC3200SDK_1.1.0/cc3200-sdk/driverlib/ccs/Release/</path>
         <kind>archive</kind>
         <file>driverlib.a</file>
         <name>interrupt.obj</name>
      </input_file>
      <input_file id="fl-ed">
         <path>/home/waqar/ti/CC3200SDK_1.1.0/cc3200-sdk/driverlib/ccs/Release/</path>
         <kind>archive</kind>
         <file>driverlib.a</file>
         <name>pin.obj</name>
      </input_file>
      <input_file id="fl-ee">
         <path>/home/waqar/ti/CC3200SDK_1.1.0/cc3200-sdk/driverlib/ccs/Release/</path>
         <kind>archive</kind>
         <file>driverlib.a</file>
         <name>prcm.obj</name>
      </input_file>
      <input_file id="fl-ef">
         <path>/home/waqar/ti/CC3200SDK_1.1.0/cc3200-sdk/driverlib/ccs/Release/</path>
         <kind>archive</kind>
         <file>driverlib.a</file>
         <name>uart.obj</name>
      </input_file>
      <input_file id="fl-f0">
         <path>/home/waqar/ti/CC3200SDK_1.1.0/cc3200-sdk/driverlib/ccs/Release/</path>
         <kind>archive</kind>
         <file>driverlib.a</file>
         <name>utils.obj</name>
      </input_file>
      <input_file id="fl-f1">
         <path>/home/waqar/ti/CC3200SDK_1.1.0/cc3200-sdk/driverlib/ccs/Release/</path>
         <kind>archive</kind>
         <file>driverlib.a</file>
         <name>cpu.obj</name>
      </input_file>
      <input_file id="fl-f2">
         <path>/home/waqar/ti/CC3200SDK_1.1.0/cc3200-sdk/driverlib/ccs/Release/</path>
         <kind>archive</kind>
         <file>driverlib.a</file>
         <name>flash.obj</name>
      </input_file>
      <input_file id="fl-f3">
         <path>/home/waqar/ti/ccsv7/tools/compiler/ti-cgt-arm_16.9.1.LTS/lib/</path>
         <kind>archive</kind>
         <file>rtsv7M4_T_le_eabi.lib</file>
         <name>ll_lsr_t2.obj</name>
      </input_file>
   </input_file_list>
   <object_component_list>
      <object_component id="oc-f">
         <name>.intvecs</name>
         <load_address>0x20004000</load_address>
         <run_address>0x20004000</run_address>
         <size>0x400</size>
         <input_file_ref idref="fl-4"/>
      </object_component>
      <object_component id="oc-8b">
         <name>.text</name>
         <load_address>0x20004400</load_address>
         <run_address>0x20004400</run_address>
         <size>0x1258</size>
         <input_file_ref idref="fl-e9"/>
      </object_component>
      <object_component id="oc-27c">
         <name>.text</name>
         <load_address>0x20005658</load_address>
         <run_address>0x20005658</run_address>
         <size>0x1122</size>
         <input_file_ref idref="fl-d0"/>
      </object_component>
      <object_component id="oc-260">
         <name>.text:IntDefaultHandler</name>
         <load_address>0x2000677a</load_address>
         <run_address>0x2000677a</run_address>
         <size>0x2</size>
         <input_file_ref idref="fl-ec"/>
      </object_component>
      <object_component id="oc-1c5">
         <name>.text</name>
         <load_address>0x2000677c</load_address>
         <run_address>0x2000677c</run_address>
         <size>0xb24</size>
         <input_file_ref idref="fl-e8"/>
      </object_component>
      <object_component id="oc-12b">
         <name>.text</name>
         <load_address>0x200072a0</load_address>
         <run_address>0x200072a0</run_address>
         <size>0x45c</size>
         <input_file_ref idref="fl-e5"/>
      </object_component>
      <object_component id="oc-188">
         <name>.text</name>
         <load_address>0x200076fc</load_address>
         <run_address>0x200076fc</run_address>
         <size>0x3d0</size>
         <input_file_ref idref="fl-c8"/>
      </object_component>
      <object_component id="oc-131">
         <name>.text</name>
         <load_address>0x20007acc</load_address>
         <run_address>0x20007acc</run_address>
         <size>0x290</size>
         <input_file_ref idref="fl-5"/>
      </object_component>
      <object_component id="oc-cc">
         <name>.text</name>
         <load_address>0x20007d5c</load_address>
         <run_address>0x20007d5c</run_address>
         <size>0x1f8</size>
         <input_file_ref idref="fl-2"/>
      </object_component>
      <object_component id="oc-2c5">
         <name>.text</name>
         <load_address>0x20007f54</load_address>
         <run_address>0x20007f54</run_address>
         <size>0x1f4</size>
         <input_file_ref idref="fl-e2"/>
      </object_component>
      <object_component id="oc-2ee">
         <name>.text</name>
         <load_address>0x20008148</load_address>
         <run_address>0x20008148</run_address>
         <size>0x1b6</size>
         <input_file_ref idref="fl-d6"/>
      </object_component>
      <object_component id="oc-2d4">
         <name>.text</name>
         <load_address>0x200082fe</load_address>
         <run_address>0x200082fe</run_address>
         <size>0x136</size>
         <input_file_ref idref="fl-d8"/>
      </object_component>
      <object_component id="oc-149">
         <name>.text:PRCMCC3200MCUInit</name>
         <load_address>0x20008434</load_address>
         <run_address>0x20008434</run_address>
         <size>0x134</size>
         <input_file_ref idref="fl-ee"/>
      </object_component>
      <object_component id="oc-eb">
         <name>.text</name>
         <load_address>0x20008568</load_address>
         <run_address>0x20008568</run_address>
         <size>0x12a</size>
         <input_file_ref idref="fl-eb"/>
      </object_component>
      <object_component id="oc-64">
         <name>.text</name>
         <load_address>0x20008692</load_address>
         <run_address>0x20008692</run_address>
         <size>0x2</size>
         <input_file_ref idref="fl-ca"/>
      </object_component>
      <object_component id="oc-38">
         <name>.text</name>
         <load_address>0x20008694</load_address>
         <run_address>0x20008694</run_address>
         <size>0x110</size>
         <input_file_ref idref="fl-e6"/>
      </object_component>
      <object_component id="oc-2cf">
         <name>.text</name>
         <load_address>0x200087a4</load_address>
         <run_address>0x200087a4</run_address>
         <size>0xfc</size>
         <input_file_ref idref="fl-d9"/>
      </object_component>
      <object_component id="oc-2f9">
         <name>.text</name>
         <load_address>0x200088a0</load_address>
         <run_address>0x200088a0</run_address>
         <size>0xd0</size>
         <input_file_ref idref="fl-df"/>
      </object_component>
      <object_component id="oc-33">
         <name>.text</name>
         <load_address>0x20008970</load_address>
         <run_address>0x20008970</run_address>
         <size>0xba</size>
         <input_file_ref idref="fl-e7"/>
      </object_component>
      <object_component id="oc-c4">
         <name>.text</name>
         <load_address>0x20008a2a</load_address>
         <run_address>0x20008a2a</run_address>
         <size>0x2</size>
         <input_file_ref idref="fl-e0"/>
      </object_component>
      <object_component id="oc-1b9">
         <name>.text:IntDisable</name>
         <load_address>0x20008a2c</load_address>
         <run_address>0x20008a2c</run_address>
         <size>0xa8</size>
         <input_file_ref idref="fl-ec"/>
      </object_component>
      <object_component id="oc-143">
         <name>.text:IntEnable</name>
         <load_address>0x20008ad4</load_address>
         <run_address>0x20008ad4</run_address>
         <size>0xa8</size>
         <input_file_ref idref="fl-ec"/>
      </object_component>
      <object_component id="oc-4c">
         <name>.text</name>
         <load_address>0x20008b7c</load_address>
         <run_address>0x20008b7c</run_address>
         <size>0x9c</size>
         <input_file_ref idref="fl-c6"/>
      </object_component>
      <object_component id="oc-1cf">
         <name>.text:PRCMPeripheralClockGet</name>
         <load_address>0x20008c18</load_address>
         <run_address>0x20008c18</run_address>
         <size>0x94</size>
         <input_file_ref idref="fl-ee"/>
      </object_component>
      <object_component id="oc-2ac">
         <name>.text:PinConfigSet</name>
         <load_address>0x20008cac</load_address>
         <run_address>0x20008cac</run_address>
         <size>0x88</size>
         <input_file_ref idref="fl-ed"/>
      </object_component>
      <object_component id="oc-1e1">
         <name>.text</name>
         <load_address>0x20008d34</load_address>
         <run_address>0x20008d34</run_address>
         <size>0x88</size>
         <input_file_ref idref="fl-ce"/>
      </object_component>
      <object_component id="oc-2ca">
         <name>.text:__aeabi_cdcmple</name>
         <load_address>0x20008dbc</load_address>
         <run_address>0x20008dbc</run_address>
         <size>0x86</size>
         <input_file_ref idref="fl-d7"/>
      </object_component>
      <object_component id="oc-2d9">
         <name>.text:__aeabi_cdrcmple</name>
         <load_address>0x20008e42</load_address>
         <run_address>0x20008e42</run_address>
         <size>0x86</size>
         <input_file_ref idref="fl-d7"/>
      </object_component>
      <object_component id="oc-58">
         <name>.text</name>
         <load_address>0x20008ec8</load_address>
         <run_address>0x20008ec8</run_address>
         <size>0x7a</size>
         <input_file_ref idref="fl-c9"/>
      </object_component>
      <object_component id="oc-1d5">
         <name>.text:UARTConfigSetExpClk</name>
         <load_address>0x20008f42</load_address>
         <run_address>0x20008f42</run_address>
         <size>0x76</size>
         <input_file_ref idref="fl-ef"/>
      </object_component>
      <object_component id="oc-70">
         <name>.text</name>
         <load_address>0x20008fb8</load_address>
         <run_address>0x20008fb8</run_address>
         <size>0x70</size>
         <input_file_ref idref="fl-d3"/>
      </object_component>
      <object_component id="oc-12">
         <name>.text:decompress:lzss</name>
         <load_address>0x20009028</load_address>
         <run_address>0x20009028</run_address>
         <size>0x68</size>
         <input_file_ref idref="fl-c2"/>
      </object_component>
      <object_component id="oc-2f3">
         <name>.text</name>
         <load_address>0x20009090</load_address>
         <run_address>0x20009090</run_address>
         <size>0x5c</size>
         <input_file_ref idref="fl-de"/>
      </object_component>
      <object_component id="oc-231">
         <name>.text:PRCMPeripheralReset</name>
         <load_address>0x200090ec</load_address>
         <run_address>0x200090ec</run_address>
         <size>0x58</size>
         <input_file_ref idref="fl-ee"/>
      </object_component>
      <object_component id="oc-1b3">
         <name>.text:IntPrioritySet</name>
         <load_address>0x20009144</load_address>
         <run_address>0x20009144</run_address>
         <size>0x54</size>
         <input_file_ref idref="fl-ec"/>
      </object_component>
      <object_component id="oc-7c">
         <name>.text</name>
         <load_address>0x20009198</load_address>
         <run_address>0x20009198</run_address>
         <size>0x54</size>
         <input_file_ref idref="fl-c5"/>
      </object_component>
      <object_component id="oc-2e3">
         <name>.text</name>
         <load_address>0x200091ec</load_address>
         <run_address>0x200091ec</run_address>
         <size>0x54</size>
         <input_file_ref idref="fl-dc"/>
      </object_component>
      <object_component id="oc-305">
         <name>.text</name>
         <load_address>0x20009240</load_address>
         <run_address>0x20009240</run_address>
         <size>0x4c</size>
         <input_file_ref idref="fl-d2"/>
      </object_component>
      <object_component id="oc-be">
         <name>.text</name>
         <load_address>0x2000928c</load_address>
         <run_address>0x2000928c</run_address>
         <size>0x4c</size>
         <input_file_ref idref="fl-d4"/>
      </object_component>
      <object_component id="oc-2de">
         <name>.text</name>
         <load_address>0x200092d8</load_address>
         <run_address>0x200092d8</run_address>
         <size>0x48</size>
         <input_file_ref idref="fl-da"/>
      </object_component>
      <object_component id="oc-2a6">
         <name>.text:PinModeSet</name>
         <load_address>0x20009320</load_address>
         <run_address>0x20009320</run_address>
         <size>0x40</size>
         <input_file_ref idref="fl-ed"/>
      </object_component>
      <object_component id="oc-24">
         <name>.text</name>
         <load_address>0x20009360</load_address>
         <run_address>0x20009360</run_address>
         <size>0x40</size>
         <input_file_ref idref="fl-c1"/>
      </object_component>
      <object_component id="oc-22b">
         <name>.text:PRCMPeripheralClkEnable</name>
         <load_address>0x200093a0</load_address>
         <run_address>0x200093a0</run_address>
         <size>0x3c</size>
         <input_file_ref idref="fl-ee"/>
      </object_component>
      <object_component id="oc-fb">
         <name>.text</name>
         <load_address>0x200093dc</load_address>
         <run_address>0x200093dc</run_address>
         <size>0x38</size>
         <input_file_ref idref="fl-ea"/>
      </object_component>
      <object_component id="oc-26e">
         <name>.text:UARTDisable</name>
         <load_address>0x20009414</load_address>
         <run_address>0x20009414</run_address>
         <size>0x30</size>
         <input_file_ref idref="fl-ef"/>
      </object_component>
      <object_component id="oc-2e9">
         <name>.text</name>
         <load_address>0x20009444</load_address>
         <run_address>0x20009444</run_address>
         <size>0x2e</size>
         <input_file_ref idref="fl-db"/>
      </object_component>
      <object_component id="oc-23d">
         <name>.text:PRCMSysResetCauseGet</name>
         <load_address>0x20009474</load_address>
         <run_address>0x20009474</run_address>
         <size>0x2c</size>
         <input_file_ref idref="fl-ee"/>
      </object_component>
      <object_component id="oc-237">
         <name>.text:PRCMPeripheralClkDisable</name>
         <load_address>0x200094a0</load_address>
         <run_address>0x200094a0</run_address>
         <size>0x28</size>
         <input_file_ref idref="fl-ee"/>
      </object_component>
      <object_component id="oc-1bf">
         <name>.text:IntUnregister</name>
         <load_address>0x200094c8</load_address>
         <run_address>0x200094c8</run_address>
         <size>0x24</size>
         <input_file_ref idref="fl-ec"/>
      </object_component>
      <object_component id="oc-274">
         <name>.text:UARTEnable</name>
         <load_address>0x200094ec</load_address>
         <run_address>0x200094ec</run_address>
         <size>0x24</size>
         <input_file_ref idref="fl-ef"/>
      </object_component>
      <object_component id="oc-1f9">
         <name>.text</name>
         <load_address>0x20009510</load_address>
         <run_address>0x20009510</run_address>
         <size>0x24</size>
         <input_file_ref idref="fl-c7"/>
      </object_component>
      <object_component id="oc-1ad">
         <name>.text:IntRegister</name>
         <load_address>0x20009534</load_address>
         <run_address>0x20009534</run_address>
         <size>0x20</size>
         <input_file_ref idref="fl-ec"/>
      </object_component>
      <object_component id="oc-1db">
         <name>.text:UARTCharPut</name>
         <load_address>0x20009554</load_address>
         <run_address>0x20009554</run_address>
         <size>0x1e</size>
         <input_file_ref idref="fl-ef"/>
      </object_component>
      <object_component id="oc-1ed">
         <name>.text:UARTCharGetNonBlocking</name>
         <load_address>0x20009572</load_address>
         <run_address>0x20009572</run_address>
         <size>0x1c</size>
         <input_file_ref idref="fl-ef"/>
      </object_component>
      <object_component id="oc-14f">
         <name>.text</name>
         <load_address>0x2000958e</load_address>
         <run_address>0x2000958e</run_address>
         <size>0x1c</size>
         <input_file_ref idref="fl-3"/>
      </object_component>
      <object_component id="oc-30b">
         <name>.text</name>
         <load_address>0x200095aa</load_address>
         <run_address>0x200095aa</run_address>
         <size>0x1c</size>
         <input_file_ref idref="fl-dd"/>
      </object_component>
      <object_component id="oc-244">
         <name>.text:PinTypeUART</name>
         <load_address>0x200095c6</load_address>
         <run_address>0x200095c6</run_address>
         <size>0x1a</size>
         <input_file_ref idref="fl-ed"/>
      </object_component>
      <object_component id="oc-1e7">
         <name>.text:UARTCharsAvail</name>
         <load_address>0x200095e0</load_address>
         <run_address>0x200095e0</run_address>
         <size>0x18</size>
         <input_file_ref idref="fl-ef"/>
      </object_component>
      <object_component id="oc-76">
         <name>.text</name>
         <load_address>0x200095f8</load_address>
         <run_address>0x200095f8</run_address>
         <size>0x18</size>
         <input_file_ref idref="fl-d1"/>
      </object_component>
      <object_component id="oc-21f">
         <name>.text:PRCMHIBRegRead</name>
         <load_address>0x20009610</load_address>
         <run_address>0x20009610</run_address>
         <size>0x16</size>
         <input_file_ref idref="fl-ee"/>
      </object_component>
      <object_component id="oc-225">
         <name>.text:PRCMHIBRegWrite</name>
         <load_address>0x20009626</load_address>
         <run_address>0x20009626</run_address>
         <size>0x16</size>
         <input_file_ref idref="fl-ee"/>
      </object_component>
      <object_component id="oc-2ff">
         <name>.text</name>
         <load_address>0x2000963c</load_address>
         <run_address>0x2000963c</run_address>
         <size>0x16</size>
         <input_file_ref idref="fl-e1"/>
      </object_component>
      <object_component id="oc-20f">
         <name>.text:CPUcpsie</name>
         <load_address>0x20009652</load_address>
         <run_address>0x20009652</run_address>
         <size>0x14</size>
         <input_file_ref idref="fl-f1"/>
      </object_component>
      <object_component id="oc-137">
         <name>.text:IntVTableBaseSet</name>
         <load_address>0x20009668</load_address>
         <run_address>0x20009668</run_address>
         <size>0x14</size>
         <input_file_ref idref="fl-ec"/>
      </object_component>
      <object_component id="oc-167">
         <name>.text</name>
         <load_address>0x2000967c</load_address>
         <run_address>0x2000967c</run_address>
         <size>0x14</size>
         <input_file_ref idref="fl-cf"/>
      </object_component>
      <object_component id="oc-1f3">
         <name>.text</name>
         <load_address>0x20009690</load_address>
         <run_address>0x20009690</run_address>
         <size>0x14</size>
         <input_file_ref idref="fl-cd"/>
      </object_component>
      <object_component id="oc-18">
         <name>.text:decompress:none</name>
         <load_address>0x200096a4</load_address>
         <run_address>0x200096a4</run_address>
         <size>0xe</size>
         <input_file_ref idref="fl-c3"/>
      </object_component>
      <object_component id="oc-2d">
         <name>.text</name>
         <load_address>0x200096b2</load_address>
         <run_address>0x200096b2</run_address>
         <size>0xe</size>
         <input_file_ref idref="fl-4"/>
      </object_component>
      <object_component id="oc-1e">
         <name>.text:decompress:ZI</name>
         <load_address>0x200096c0</load_address>
         <run_address>0x200096c0</run_address>
         <size>0xc</size>
         <input_file_ref idref="fl-c4"/>
      </object_component>
      <object_component id="oc-13d">
         <name>.text:IntMasterEnable</name>
         <load_address>0x200096cc</load_address>
         <run_address>0x200096cc</run_address>
         <size>0xa</size>
         <input_file_ref idref="fl-ec"/>
      </object_component>
      <object_component id="oc-342">
         <name>.text</name>
         <load_address>0x200096d6</load_address>
         <run_address>0x200096d6</run_address>
         <size>0x8</size>
         <input_file_ref idref="fl-e4"/>
      </object_component>
      <object_component id="oc-29b">
         <name>.text:UtilsDelay</name>
         <load_address>0x200096de</load_address>
         <run_address>0x200096de</run_address>
         <size>0x6</size>
         <input_file_ref idref="fl-f0"/>
      </object_component>
      <object_component id="oc-6a">
         <name>.text</name>
         <load_address>0x200096e4</load_address>
         <run_address>0x200096e4</run_address>
         <size>0x4</size>
         <input_file_ref idref="fl-cb"/>
      </object_component>
      <object_component id="oc-34f">
         <name>.const:.string:_ctypes_</name>
         <load_address>0x200096e8</load_address>
         <run_address>0x200096e8</run_address>
         <size>0x101</size>
         <input_file_ref idref="fl-d5"/>
      </object_component>
      <object_component id="oc-32c">
         <name>.const:g_ulPinToPadMap</name>
         <load_address>0x200097ec</load_address>
         <run_address>0x200097ec</run_address>
         <size>0x100</size>
         <input_file_ref idref="fl-ed"/>
      </object_component>
      <object_component id="oc-25b">
         <name>.const:g_pulRegs</name>
         <load_address>0x200098ec</load_address>
         <run_address>0x200098ec</run_address>
         <size>0xd4</size>
         <input_file_ref idref="fl-ec"/>
      </object_component>
      <object_component id="oc-29e">
         <name>.const:PRCM_PeriphRegsList</name>
         <load_address>0x200099c0</load_address>
         <run_address>0x200099c0</run_address>
         <size>0xa8</size>
         <input_file_ref idref="fl-ee"/>
      </object_component>
      <object_component id="oc-21b">
         <name>.const</name>
         <load_address>0x20009a68</load_address>
         <run_address>0x20009a68</run_address>
         <size>0x80</size>
         <input_file_ref idref="fl-ec"/>
      </object_component>
      <object_component id="oc-397">
         <name>.cinit..data.load</name>
         <load_address>0x20009ae8</load_address>
         <run_address>0x20009ae8</run_address>
         <size>0x27</size>
      </object_component>
      <object_component id="oc-395">
         <name>__TI_handler_table</name>
         <load_address>0x20009b10</load_address>
         <run_address>0x20009b10</run_address>
         <size>0xc</size>
      </object_component>
      <object_component id="oc-398">
         <name>.cinit..bss.load</name>
         <load_address>0x20009b20</load_address>
         <run_address>0x20009b20</run_address>
         <size>0x8</size>
      </object_component>
      <object_component id="oc-396">
         <name>__TI_cinit_table</name>
         <load_address>0x20009b28</load_address>
         <run_address>0x20009b28</run_address>
         <size>0x10</size>
      </object_component>
      <object_component id="oc-d4">
         <name>.data:$O1$$</name>
         <load_address>0x2001b1c0</load_address>
         <run_address>0x2001b1c0</run_address>
         <size>0xc</size>
         <input_file_ref idref="fl-c5"/>
      </object_component>
      <object_component id="oc-253">
         <name>.data:$O1$$</name>
         <load_address>0x2001b1cc</load_address>
         <run_address>0x2001b1cc</run_address>
         <size>0xc</size>
         <input_file_ref idref="fl-c8"/>
      </object_component>
      <object_component id="oc-82">
         <name>.data</name>
         <load_address>0x2001b1f4</load_address>
         <run_address>0x2001b1f4</run_address>
         <size>0x4</size>
         <input_file_ref idref="fl-cc"/>
      </object_component>
      <object_component id="oc-d7">
         <name>.data:$O1$$</name>
         <load_address>0x2001b1e4</load_address>
         <run_address>0x2001b1e4</run_address>
         <size>0x8</size>
         <input_file_ref idref="fl-cf"/>
      </object_component>
      <object_component id="oc-348">
         <name>.data</name>
         <load_address>0x2001b1f0</load_address>
         <run_address>0x2001b1f0</run_address>
         <size>0x4</size>
         <input_file_ref idref="fl-e3"/>
      </object_component>
      <object_component id="oc-1cb">
         <name>.data</name>
         <load_address>0x2001b1d8</load_address>
         <run_address>0x2001b1d8</run_address>
         <size>0xc</size>
         <input_file_ref idref="fl-e5"/>
      </object_component>
      <object_component id="oc-95">
         <name>.data</name>
         <load_address>0x2001b1ec</load_address>
         <run_address>0x2001b1ec</run_address>
         <size>0x4</size>
         <input_file_ref idref="fl-e6"/>
      </object_component>
      <object_component id="oc-91">
         <name>.data</name>
         <load_address>0x2001b18c</load_address>
         <run_address>0x2001b18c</run_address>
         <size>0x34</size>
         <input_file_ref idref="fl-e9"/>
      </object_component>
      <object_component id="oc-1ff">
         <name>.bss</name>
         <uninitialized>true</uninitialized>
         <run_address>0x2001b17c</run_address>
         <size>0x4</size>
         <input_file_ref idref="fl-5"/>
      </object_component>
      <object_component id="oc-267">
         <name>.bss:xQueueRegistry</name>
         <uninitialized>true</uninitialized>
         <run_address>0x2001b0c8</run_address>
         <size>0x50</size>
         <input_file_ref idref="fl-e8"/>
      </object_component>
      <object_component id="oc-f1">
         <name>.bss:pxReadyTasksLists</name>
         <uninitialized>true</uninitialized>
         <run_address>0x2001b000</run_address>
         <size>0xc8</size>
         <input_file_ref idref="fl-e9"/>
      </object_component>
      <object_component id="oc-155">
         <name>.common:MsgQ</name>
         <uninitialized>true</uninitialized>
         <run_address>0x2001b180</run_address>
         <size>0x4</size>
      </object_component>
      <object_component id="oc-101">
         <name>.common:xDelayedTaskList1</name>
         <uninitialized>true</uninitialized>
         <run_address>0x2001b118</run_address>
         <size>0x14</size>
      </object_component>
      <object_component id="oc-102">
         <name>.common:xDelayedTaskList2</name>
         <uninitialized>true</uninitialized>
         <run_address>0x2001b12c</run_address>
         <size>0x14</size>
      </object_component>
      <object_component id="oc-f7">
         <name>.common:pxDelayedTaskList</name>
         <uninitialized>true</uninitialized>
         <run_address>0x2001b184</run_address>
         <size>0x4</size>
      </object_component>
      <object_component id="oc-f8">
         <name>.common:pxOverflowDelayedTaskList</name>
         <uninitialized>true</uninitialized>
         <run_address>0x2001b188</run_address>
         <size>0x4</size>
      </object_component>
      <object_component id="oc-fa">
         <name>.common:xPendingReadyList</name>
         <uninitialized>true</uninitialized>
         <run_address>0x2001b140</run_address>
         <size>0x14</size>
      </object_component>
      <object_component id="oc-f4">
         <name>.common:xTasksWaitingTermination</name>
         <uninitialized>true</uninitialized>
         <run_address>0x2001b168</run_address>
         <size>0x14</size>
      </object_component>
      <object_component id="oc-f9">
         <name>.common:xSuspendedTaskList</name>
         <uninitialized>true</uninitialized>
         <run_address>0x2001b154</run_address>
         <size>0x14</size>
      </object_component>
      <object_component id="oc-2a">
         <name>.sysmem</name>
         <uninitialized>true</uninitialized>
         <run_address>0x20017000</run_address>
         <size>0x8</size>
         <input_file_ref idref="fl-c8"/>
      </object_component>
      <object_component id="oc-39a">
         <name>.sysmem</name>
         <uninitialized>true</uninitialized>
         <run_address>0x20017000</run_address>
         <size>0x0</size>
      </object_component>
      <object_component id="oc-29">
         <name>.stack</name>
         <uninitialized>true</uninitialized>
         <run_address>0x2002ff00</run_address>
         <size>0x0</size>
         <input_file_ref idref="fl-c1"/>
      </object_component>
      <object_component id="oc-399">
         <name>.stack</name>
         <uninitialized>true</uninitialized>
         <run_address>0x2002ff00</run_address>
         <size>0x0</size>
      </object_component>
      <object_component id="oc-156">
         <name>.debug_info</name>
         <load_address>0x0</load_address>
         <run_address>0x0</run_address>
         <size>0x3f9</size>
         <input_file_ref idref="fl-2"/>
      </object_component>
      <object_component id="oc-cd">
         <name>.debug_info</name>
         <load_address>0x3f9</load_address>
         <run_address>0x3f9</run_address>
         <size>0x70c</size>
         <input_file_ref idref="fl-2"/>
      </object_component>
      <object_component id="oc-159">
         <name>.debug_info</name>
         <load_address>0xb05</load_address>
         <run_address>0xb05</run_address>
         <size>0x13f</size>
         <input_file_ref idref="fl-2"/>
      </object_component>
      <object_component id="oc-327">
         <name>.debug_info</name>
         <load_address>0xc44</load_address>
         <run_address>0xc44</run_address>
         <size>0x62</size>
         <input_file_ref idref="fl-2"/>
      </object_component>
      <object_component id="oc-47">
         <name>.debug_info</name>
         <load_address>0xca6</load_address>
         <run_address>0xca6</run_address>
         <size>0x84</size>
         <input_file_ref idref="fl-2"/>
      </object_component>
      <object_component id="oc-216">
         <name>.debug_info</name>
         <load_address>0xd2a</load_address>
         <run_address>0xd2a</run_address>
         <size>0x2c</size>
         <input_file_ref idref="fl-2"/>
      </object_component>
      <object_component id="oc-204">
         <name>.debug_info</name>
         <load_address>0xd56</load_address>
         <run_address>0xd56</run_address>
         <size>0x4e</size>
         <input_file_ref idref="fl-2"/>
      </object_component>
      <object_component id="oc-150">
         <name>.debug_info</name>
         <load_address>0xda4</load_address>
         <run_address>0xda4</run_address>
         <size>0x149</size>
         <input_file_ref idref="fl-3"/>
      </object_component>
      <object_component id="oc-40">
         <name>.debug_info</name>
         <load_address>0xeed</load_address>
         <run_address>0xeed</run_address>
         <size>0x1a9</size>
         <input_file_ref idref="fl-4"/>
      </object_component>
      <object_component id="oc-10">
         <name>.debug_info</name>
         <load_address>0x1096</load_address>
         <run_address>0x1096</run_address>
         <size>0x114</size>
         <input_file_ref idref="fl-4"/>
      </object_component>
      <object_component id="oc-2e">
         <name>.debug_info</name>
         <load_address>0x11aa</load_address>
         <run_address>0x11aa</run_address>
         <size>0x48f</size>
         <input_file_ref idref="fl-4"/>
      </object_component>
      <object_component id="oc-203">
         <name>.debug_info</name>
         <load_address>0x1639</load_address>
         <run_address>0x1639</run_address>
         <size>0x3c2</size>
         <input_file_ref idref="fl-5"/>
      </object_component>
      <object_component id="oc-200">
         <name>.debug_info</name>
         <load_address>0x19fb</load_address>
         <run_address>0x19fb</run_address>
         <size>0x10b</size>
         <input_file_ref idref="fl-5"/>
      </object_component>
      <object_component id="oc-132">
         <name>.debug_info</name>
         <load_address>0x1b06</load_address>
         <run_address>0x1b06</run_address>
         <size>0x985</size>
         <input_file_ref idref="fl-5"/>
      </object_component>
      <object_component id="oc-209">
         <name>.debug_info</name>
         <load_address>0x248b</load_address>
         <run_address>0x248b</run_address>
         <size>0x110</size>
         <input_file_ref idref="fl-5"/>
      </object_component>
      <object_component id="oc-25">
         <name>.debug_info</name>
         <load_address>0x259b</load_address>
         <run_address>0x259b</run_address>
         <size>0x160</size>
         <input_file_ref idref="fl-c1"/>
      </object_component>
      <object_component id="oc-ab">
         <name>.debug_info</name>
         <load_address>0x26fb</load_address>
         <run_address>0x26fb</run_address>
         <size>0xf9</size>
         <input_file_ref idref="fl-c2"/>
      </object_component>
      <object_component id="oc-16">
         <name>.debug_info</name>
         <load_address>0x27f4</load_address>
         <run_address>0x27f4</run_address>
         <size>0x245</size>
         <input_file_ref idref="fl-c2"/>
      </object_component>
      <object_component id="oc-42">
         <name>.debug_info</name>
         <load_address>0x2a39</load_address>
         <run_address>0x2a39</run_address>
         <size>0x60</size>
         <input_file_ref idref="fl-c2"/>
      </object_component>
      <object_component id="oc-a6">
         <name>.debug_info</name>
         <load_address>0x2a99</load_address>
         <run_address>0x2a99</run_address>
         <size>0x46</size>
         <input_file_ref idref="fl-c2"/>
      </object_component>
      <object_component id="oc-57">
         <name>.debug_info</name>
         <load_address>0x2adf</load_address>
         <run_address>0x2adf</run_address>
         <size>0x140</size>
         <input_file_ref idref="fl-c3"/>
      </object_component>
      <object_component id="oc-19">
         <name>.debug_info</name>
         <load_address>0x2c1f</load_address>
         <run_address>0x2c1f</run_address>
         <size>0x1df</size>
         <input_file_ref idref="fl-c3"/>
      </object_component>
      <object_component id="oc-52">
         <name>.debug_info</name>
         <load_address>0x2dfe</load_address>
         <run_address>0x2dfe</run_address>
         <size>0x46</size>
         <input_file_ref idref="fl-c3"/>
      </object_component>
      <object_component id="oc-ad">
         <name>.debug_info</name>
         <load_address>0x2e44</load_address>
         <run_address>0x2e44</run_address>
         <size>0x2c</size>
         <input_file_ref idref="fl-c3"/>
      </object_component>
      <object_component id="oc-63">
         <name>.debug_info</name>
         <load_address>0x2e70</load_address>
         <run_address>0x2e70</run_address>
         <size>0x12f</size>
         <input_file_ref idref="fl-c4"/>
      </object_component>
      <object_component id="oc-1f">
         <name>.debug_info</name>
         <load_address>0x2f9f</load_address>
         <run_address>0x2f9f</run_address>
         <size>0x1aa</size>
         <input_file_ref idref="fl-c4"/>
      </object_component>
      <object_component id="oc-5e">
         <name>.debug_info</name>
         <load_address>0x3149</load_address>
         <run_address>0x3149</run_address>
         <size>0x46</size>
         <input_file_ref idref="fl-c4"/>
      </object_component>
      <object_component id="oc-b5">
         <name>.debug_info</name>
         <load_address>0x318f</load_address>
         <run_address>0x318f</run_address>
         <size>0x2c</size>
         <input_file_ref idref="fl-c4"/>
      </object_component>
      <object_component id="oc-db">
         <name>.debug_info</name>
         <load_address>0x31bb</load_address>
         <run_address>0x31bb</run_address>
         <size>0x234</size>
         <input_file_ref idref="fl-c5"/>
      </object_component>
      <object_component id="oc-d5">
         <name>.debug_info</name>
         <load_address>0x33ef</load_address>
         <run_address>0x33ef</run_address>
         <size>0x185</size>
         <input_file_ref idref="fl-c5"/>
      </object_component>
      <object_component id="oc-7d">
         <name>.debug_info</name>
         <load_address>0x3574</load_address>
         <run_address>0x3574</run_address>
         <size>0x214</size>
         <input_file_ref idref="fl-c5"/>
      </object_component>
      <object_component id="oc-4d">
         <name>.debug_info</name>
         <load_address>0x3788</load_address>
         <run_address>0x3788</run_address>
         <size>0x111</size>
         <input_file_ref idref="fl-c6"/>
      </object_component>
      <object_component id="oc-293">
         <name>.debug_info</name>
         <load_address>0x3899</load_address>
         <run_address>0x3899</run_address>
         <size>0x12c</size>
         <input_file_ref idref="fl-c7"/>
      </object_component>
      <object_component id="oc-1fa">
         <name>.debug_info</name>
         <load_address>0x39c5</load_address>
         <run_address>0x39c5</run_address>
         <size>0x1ab</size>
         <input_file_ref idref="fl-c7"/>
      </object_component>
      <object_component id="oc-88">
         <name>.debug_info</name>
         <load_address>0x3b70</load_address>
         <run_address>0x3b70</run_address>
         <size>0x222</size>
         <input_file_ref idref="fl-c8"/>
      </object_component>
      <object_component id="oc-2b">
         <name>.debug_info</name>
         <load_address>0x3d92</load_address>
         <run_address>0x3d92</run_address>
         <size>0x101</size>
         <input_file_ref idref="fl-c8"/>
      </object_component>
      <object_component id="oc-254">
         <name>.debug_info</name>
         <load_address>0x3e93</load_address>
         <run_address>0x3e93</run_address>
         <size>0x14c</size>
         <input_file_ref idref="fl-c8"/>
      </object_component>
      <object_component id="oc-189">
         <name>.debug_info</name>
         <load_address>0x3fdf</load_address>
         <run_address>0x3fdf</run_address>
         <size>0x885</size>
         <input_file_ref idref="fl-c8"/>
      </object_component>
      <object_component id="oc-e1">
         <name>.debug_info</name>
         <load_address>0x4864</load_address>
         <run_address>0x4864</run_address>
         <size>0x2c</size>
         <input_file_ref idref="fl-c8"/>
      </object_component>
      <object_component id="oc-e6">
         <name>.debug_info</name>
         <load_address>0x4890</load_address>
         <run_address>0x4890</run_address>
         <size>0x62</size>
         <input_file_ref idref="fl-c8"/>
      </object_component>
      <object_component id="oc-59">
         <name>.debug_info</name>
         <load_address>0x48f2</load_address>
         <run_address>0x48f2</run_address>
         <size>0x13f</size>
         <input_file_ref idref="fl-c9"/>
      </object_component>
      <object_component id="oc-65">
         <name>.debug_info</name>
         <load_address>0x4a31</load_address>
         <run_address>0x4a31</run_address>
         <size>0x138</size>
         <input_file_ref idref="fl-ca"/>
      </object_component>
      <object_component id="oc-6b">
         <name>.debug_info</name>
         <load_address>0x4b69</load_address>
         <run_address>0x4b69</run_address>
         <size>0x148</size>
         <input_file_ref idref="fl-cb"/>
      </object_component>
      <object_component id="oc-83">
         <name>.debug_info</name>
         <load_address>0x4cb1</load_address>
         <run_address>0x4cb1</run_address>
         <size>0x109</size>
         <input_file_ref idref="fl-cc"/>
      </object_component>
      <object_component id="oc-291">
         <name>.debug_info</name>
         <load_address>0x4dba</load_address>
         <run_address>0x4dba</run_address>
         <size>0xea</size>
         <input_file_ref idref="fl-cd"/>
      </object_component>
      <object_component id="oc-1f4">
         <name>.debug_info</name>
         <load_address>0x4ea4</load_address>
         <run_address>0x4ea4</run_address>
         <size>0x22a</size>
         <input_file_ref idref="fl-cd"/>
      </object_component>
      <object_component id="oc-283">
         <name>.debug_info</name>
         <load_address>0x50ce</load_address>
         <run_address>0x50ce</run_address>
         <size>0x1c8</size>
         <input_file_ref idref="fl-ce"/>
      </object_component>
      <object_component id="oc-1e2">
         <name>.debug_info</name>
         <load_address>0x5296</load_address>
         <run_address>0x5296</run_address>
         <size>0x35c</size>
         <input_file_ref idref="fl-ce"/>
      </object_component>
      <object_component id="oc-284">
         <name>.debug_info</name>
         <load_address>0x55f2</load_address>
         <run_address>0x55f2</run_address>
         <size>0x2c</size>
         <input_file_ref idref="fl-ce"/>
      </object_component>
      <object_component id="oc-289">
         <name>.debug_info</name>
         <load_address>0x561e</load_address>
         <run_address>0x561e</run_address>
         <size>0x69</size>
         <input_file_ref idref="fl-ce"/>
      </object_component>
      <object_component id="oc-16f">
         <name>.debug_info</name>
         <load_address>0x5687</load_address>
         <run_address>0x5687</run_address>
         <size>0x124</size>
         <input_file_ref idref="fl-cf"/>
      </object_component>
      <object_component id="oc-d8">
         <name>.debug_info</name>
         <load_address>0x57ab</load_address>
         <run_address>0x57ab</run_address>
         <size>0x113</size>
         <input_file_ref idref="fl-cf"/>
      </object_component>
      <object_component id="oc-168">
         <name>.debug_info</name>
         <load_address>0x58be</load_address>
         <run_address>0x58be</run_address>
         <size>0x21f</size>
         <input_file_ref idref="fl-cf"/>
      </object_component>
      <object_component id="oc-312">
         <name>.debug_info</name>
         <load_address>0x5add</load_address>
         <run_address>0x5add</run_address>
         <size>0x385</size>
         <input_file_ref idref="fl-d0"/>
      </object_component>
      <object_component id="oc-27d">
         <name>.debug_info</name>
         <load_address>0x5e62</load_address>
         <run_address>0x5e62</run_address>
         <size>0x1554</size>
         <input_file_ref idref="fl-d0"/>
      </object_component>
      <object_component id="oc-313">
         <name>.debug_info</name>
         <load_address>0x73b6</load_address>
         <run_address>0x73b6</run_address>
         <size>0x86</size>
         <input_file_ref idref="fl-d0"/>
      </object_component>
      <object_component id="oc-358">
         <name>.debug_info</name>
         <load_address>0x743c</load_address>
         <run_address>0x743c</run_address>
         <size>0x46</size>
         <input_file_ref idref="fl-d0"/>
      </object_component>
      <object_component id="oc-318">
         <name>.debug_info</name>
         <load_address>0x7482</load_address>
         <run_address>0x7482</run_address>
         <size>0x39</size>
         <input_file_ref idref="fl-d0"/>
      </object_component>
      <object_component id="oc-d3">
         <name>.debug_info</name>
         <load_address>0x74bb</load_address>
         <run_address>0x74bb</run_address>
         <size>0x166</size>
         <input_file_ref idref="fl-d1"/>
      </object_component>
      <object_component id="oc-77">
         <name>.debug_info</name>
         <load_address>0x7621</load_address>
         <run_address>0x7621</run_address>
         <size>0x167</size>
         <input_file_ref idref="fl-d1"/>
      </object_component>
      <object_component id="oc-160">
         <name>.debug_info</name>
         <load_address>0x7788</load_address>
         <run_address>0x7788</run_address>
         <size>0x5e</size>
         <input_file_ref idref="fl-d1"/>
      </object_component>
      <object_component id="oc-353">
         <name>.debug_info</name>
         <load_address>0x77e6</load_address>
         <run_address>0x77e6</run_address>
         <size>0x114</size>
         <input_file_ref idref="fl-d2"/>
      </object_component>
      <object_component id="oc-306">
         <name>.debug_info</name>
         <load_address>0x78fa</load_address>
         <run_address>0x78fa</run_address>
         <size>0x171</size>
         <input_file_ref idref="fl-d2"/>
      </object_component>
      <object_component id="oc-cb">
         <name>.debug_info</name>
         <load_address>0x7a6b</load_address>
         <run_address>0x7a6b</run_address>
         <size>0x2e9</size>
         <input_file_ref idref="fl-d3"/>
      </object_component>
      <object_component id="oc-71">
         <name>.debug_info</name>
         <load_address>0x7d54</load_address>
         <run_address>0x7d54</run_address>
         <size>0x190</size>
         <input_file_ref idref="fl-d3"/>
      </object_component>
      <object_component id="oc-121">
         <name>.debug_info</name>
         <load_address>0x7ee4</load_address>
         <run_address>0x7ee4</run_address>
         <size>0x39</size>
         <input_file_ref idref="fl-d3"/>
      </object_component>
      <object_component id="oc-1a8">
         <name>.debug_info</name>
         <load_address>0x7f1d</load_address>
         <run_address>0x7f1d</run_address>
         <size>0x39</size>
         <input_file_ref idref="fl-d3"/>
      </object_component>
      <object_component id="oc-126">
         <name>.debug_info</name>
         <load_address>0x7f56</load_address>
         <run_address>0x7f56</run_address>
         <size>0xcd</size>
         <input_file_ref idref="fl-d3"/>
      </object_component>
      <object_component id="oc-11d">
         <name>.debug_info</name>
         <load_address>0x8023</load_address>
         <run_address>0x8023</run_address>
         <size>0x1e0</size>
         <input_file_ref idref="fl-d4"/>
      </object_component>
      <object_component id="oc-bf">
         <name>.debug_info</name>
         <load_address>0x8203</load_address>
         <run_address>0x8203</run_address>
         <size>0x183</size>
         <input_file_ref idref="fl-d4"/>
      </object_component>
      <object_component id="oc-1a3">
         <name>.debug_info</name>
         <load_address>0x8386</load_address>
         <run_address>0x8386</run_address>
         <size>0x2c</size>
         <input_file_ref idref="fl-d4"/>
      </object_component>
      <object_component id="oc-36d">
         <name>.debug_info</name>
         <load_address>0x83b2</load_address>
         <run_address>0x83b2</run_address>
         <size>0xee</size>
         <input_file_ref idref="fl-d5"/>
      </object_component>
      <object_component id="oc-350">
         <name>.debug_info</name>
         <load_address>0x84a0</load_address>
         <run_address>0x84a0</run_address>
         <size>0xfa</size>
         <input_file_ref idref="fl-d5"/>
      </object_component>
      <object_component id="oc-2ef">
         <name>.debug_info</name>
         <load_address>0x859a</load_address>
         <run_address>0x859a</run_address>
         <size>0x144</size>
         <input_file_ref idref="fl-d6"/>
      </object_component>
      <object_component id="oc-2cb">
         <name>.debug_info</name>
         <load_address>0x86de</load_address>
         <run_address>0x86de</run_address>
         <size>0x120</size>
         <input_file_ref idref="fl-d7"/>
      </object_component>
      <object_component id="oc-2da">
         <name>.debug_info</name>
         <load_address>0x87fe</load_address>
         <run_address>0x87fe</run_address>
         <size>0x122</size>
         <input_file_ref idref="fl-d7"/>
      </object_component>
      <object_component id="oc-2d5">
         <name>.debug_info</name>
         <load_address>0x8920</load_address>
         <run_address>0x8920</run_address>
         <size>0x132</size>
         <input_file_ref idref="fl-d8"/>
      </object_component>
      <object_component id="oc-2d0">
         <name>.debug_info</name>
         <load_address>0x8a52</load_address>
         <run_address>0x8a52</run_address>
         <size>0x132</size>
         <input_file_ref idref="fl-d9"/>
      </object_component>
      <object_component id="oc-2df">
         <name>.debug_info</name>
         <load_address>0x8b84</load_address>
         <run_address>0x8b84</run_address>
         <size>0x126</size>
         <input_file_ref idref="fl-da"/>
      </object_component>
      <object_component id="oc-2ea">
         <name>.debug_info</name>
         <load_address>0x8caa</load_address>
         <run_address>0x8caa</run_address>
         <size>0x124</size>
         <input_file_ref idref="fl-db"/>
      </object_component>
      <object_component id="oc-338">
         <name>.debug_info</name>
         <load_address>0x8dce</load_address>
         <run_address>0x8dce</run_address>
         <size>0x14c</size>
         <input_file_ref idref="fl-dc"/>
      </object_component>
      <object_component id="oc-2e4">
         <name>.debug_info</name>
         <load_address>0x8f1a</load_address>
         <run_address>0x8f1a</run_address>
         <size>0x1c2</size>
         <input_file_ref idref="fl-dc"/>
      </object_component>
      <object_component id="oc-355">
         <name>.debug_info</name>
         <load_address>0x90dc</load_address>
         <run_address>0x90dc</run_address>
         <size>0xf1</size>
         <input_file_ref idref="fl-dd"/>
      </object_component>
      <object_component id="oc-30c">
         <name>.debug_info</name>
         <load_address>0x91cd</load_address>
         <run_address>0x91cd</run_address>
         <size>0x1ab</size>
         <input_file_ref idref="fl-dd"/>
      </object_component>
      <object_component id="oc-33c">
         <name>.debug_info</name>
         <load_address>0x9378</load_address>
         <run_address>0x9378</run_address>
         <size>0x13f</size>
         <input_file_ref idref="fl-de"/>
      </object_component>
      <object_component id="oc-2f4">
         <name>.debug_info</name>
         <load_address>0x94b7</load_address>
         <run_address>0x94b7</run_address>
         <size>0x189</size>
         <input_file_ref idref="fl-de"/>
      </object_component>
      <object_component id="oc-33d">
         <name>.debug_info</name>
         <load_address>0x9640</load_address>
         <run_address>0x9640</run_address>
         <size>0x2c</size>
         <input_file_ref idref="fl-de"/>
      </object_component>
      <object_component id="oc-34c">
         <name>.debug_info</name>
         <load_address>0x966c</load_address>
         <run_address>0x966c</run_address>
         <size>0x17c</size>
         <input_file_ref idref="fl-df"/>
      </object_component>
      <object_component id="oc-2fa">
         <name>.debug_info</name>
         <load_address>0x97e8</load_address>
         <run_address>0x97e8</run_address>
         <size>0x1e6</size>
         <input_file_ref idref="fl-df"/>
      </object_component>
      <object_component id="oc-c5">
         <name>.debug_info</name>
         <load_address>0x99ce</load_address>
         <run_address>0x99ce</run_address>
         <size>0x145</size>
         <input_file_ref idref="fl-e0"/>
      </object_component>
      <object_component id="oc-34e">
         <name>.debug_info</name>
         <load_address>0x9b13</load_address>
         <run_address>0x9b13</run_address>
         <size>0xf5</size>
         <input_file_ref idref="fl-e1"/>
      </object_component>
      <object_component id="oc-300">
         <name>.debug_info</name>
         <load_address>0x9c08</load_address>
         <run_address>0x9c08</run_address>
         <size>0x244</size>
         <input_file_ref idref="fl-e1"/>
      </object_component>
      <object_component id="oc-2c6">
         <name>.debug_info</name>
         <load_address>0x9e4c</load_address>
         <run_address>0x9e4c</run_address>
         <size>0x17d</size>
         <input_file_ref idref="fl-e2"/>
      </object_component>
      <object_component id="oc-349">
         <name>.debug_info</name>
         <load_address>0x9fc9</load_address>
         <run_address>0x9fc9</run_address>
         <size>0xf3</size>
         <input_file_ref idref="fl-e3"/>
      </object_component>
      <object_component id="oc-343">
         <name>.debug_info</name>
         <load_address>0xa0bc</load_address>
         <run_address>0xa0bc</run_address>
         <size>0x154</size>
         <input_file_ref idref="fl-e4"/>
      </object_component>
      <object_component id="oc-119">
         <name>.debug_info</name>
         <load_address>0xa210</load_address>
         <run_address>0xa210</run_address>
         <size>0x6b7</size>
         <input_file_ref idref="fl-e5"/>
      </object_component>
      <object_component id="oc-1cc">
         <name>.debug_info</name>
         <load_address>0xa8c7</load_address>
         <run_address>0xa8c7</run_address>
         <size>0x1a8</size>
         <input_file_ref idref="fl-e5"/>
      </object_component>
      <object_component id="oc-12c">
         <name>.debug_info</name>
         <load_address>0xaa6f</load_address>
         <run_address>0xaa6f</run_address>
         <size>0x2792</size>
         <input_file_ref idref="fl-e5"/>
      </object_component>
      <object_component id="oc-104">
         <name>.debug_info</name>
         <load_address>0xd201</load_address>
         <run_address>0xd201</run_address>
         <size>0x2ab</size>
         <input_file_ref idref="fl-e5"/>
      </object_component>
      <object_component id="oc-197">
         <name>.debug_info</name>
         <load_address>0xd4ac</load_address>
         <run_address>0xd4ac</run_address>
         <size>0xc8</size>
         <input_file_ref idref="fl-e5"/>
      </object_component>
      <object_component id="oc-19c">
         <name>.debug_info</name>
         <load_address>0xd574</load_address>
         <run_address>0xd574</run_address>
         <size>0x46</size>
         <input_file_ref idref="fl-e5"/>
      </object_component>
      <object_component id="oc-192">
         <name>.debug_info</name>
         <load_address>0xd5ba</load_address>
         <run_address>0xd5ba</run_address>
         <size>0x2c</size>
         <input_file_ref idref="fl-e5"/>
      </object_component>
      <object_component id="oc-9a">
         <name>.debug_info</name>
         <load_address>0xd5e6</load_address>
         <run_address>0xd5e6</run_address>
         <size>0x2c</size>
         <input_file_ref idref="fl-e5"/>
      </object_component>
      <object_component id="oc-109">
         <name>.debug_info</name>
         <load_address>0xd612</load_address>
         <run_address>0xd612</run_address>
         <size>0x18b</size>
         <input_file_ref idref="fl-e5"/>
      </object_component>
      <object_component id="oc-9f">
         <name>.debug_info</name>
         <load_address>0xd79d</load_address>
         <run_address>0xd79d</run_address>
         <size>0x53</size>
         <input_file_ref idref="fl-e5"/>
      </object_component>
      <object_component id="oc-114">
         <name>.debug_info</name>
         <load_address>0xd7f0</load_address>
         <run_address>0xd7f0</run_address>
         <size>0x14c</size>
         <input_file_ref idref="fl-e5"/>
      </object_component>
      <object_component id="oc-99">
         <name>.debug_info</name>
         <load_address>0xd93c</load_address>
         <run_address>0xd93c</run_address>
         <size>0x252</size>
         <input_file_ref idref="fl-e6"/>
      </object_component>
      <object_component id="oc-96">
         <name>.debug_info</name>
         <load_address>0xdb8e</load_address>
         <run_address>0xdb8e</run_address>
         <size>0x140</size>
         <input_file_ref idref="fl-e6"/>
      </object_component>
      <object_component id="oc-39">
         <name>.debug_info</name>
         <load_address>0xdcce</load_address>
         <run_address>0xdcce</run_address>
         <size>0xc2a</size>
         <input_file_ref idref="fl-e6"/>
      </object_component>
      <object_component id="oc-35">
         <name>.debug_info</name>
         <load_address>0xe8f8</load_address>
         <run_address>0xe8f8</run_address>
         <size>0x1e3</size>
         <input_file_ref idref="fl-e7"/>
      </object_component>
      <object_component id="oc-252">
         <name>.debug_info</name>
         <load_address>0xeadb</load_address>
         <run_address>0xeadb</run_address>
         <size>0x606</size>
         <input_file_ref idref="fl-e8"/>
      </object_component>
      <object_component id="oc-268">
         <name>.debug_info</name>
         <load_address>0xf0e1</load_address>
         <run_address>0xf0e1</run_address>
         <size>0x127</size>
         <input_file_ref idref="fl-e8"/>
      </object_component>
      <object_component id="oc-1c6">
         <name>.debug_info</name>
         <load_address>0xf208</load_address>
         <run_address>0xf208</run_address>
         <size>0x41a3</size>
         <input_file_ref idref="fl-e8"/>
      </object_component>
      <object_component id="oc-183">
         <name>.debug_info</name>
         <load_address>0x133ab</load_address>
         <run_address>0x133ab</run_address>
         <size>0x110</size>
         <input_file_ref idref="fl-e8"/>
      </object_component>
      <object_component id="oc-2b5">
         <name>.debug_info</name>
         <load_address>0x134bb</load_address>
         <run_address>0x134bb</run_address>
         <size>0x1ef</size>
         <input_file_ref idref="fl-e8"/>
      </object_component>
      <object_component id="oc-f5">
         <name>.debug_info</name>
         <load_address>0x136aa</load_address>
         <run_address>0x136aa</run_address>
         <size>0x7d5</size>
         <input_file_ref idref="fl-e9"/>
      </object_component>
      <object_component id="oc-92">
         <name>.debug_info</name>
         <load_address>0x13e7f</load_address>
         <run_address>0x13e7f</run_address>
         <size>0x35d</size>
         <input_file_ref idref="fl-e9"/>
      </object_component>
      <object_component id="oc-f2">
         <name>.debug_info</name>
         <load_address>0x141dc</load_address>
         <run_address>0x141dc</run_address>
         <size>0x12c</size>
         <input_file_ref idref="fl-e9"/>
      </object_component>
      <object_component id="oc-8c">
         <name>.debug_info</name>
         <load_address>0x14308</load_address>
         <run_address>0x14308</run_address>
         <size>0x4cfa</size>
         <input_file_ref idref="fl-e9"/>
      </object_component>
      <object_component id="oc-179">
         <name>.debug_info</name>
         <load_address>0x19002</load_address>
         <run_address>0x19002</run_address>
         <size>0x46</size>
         <input_file_ref idref="fl-e9"/>
      </object_component>
      <object_component id="oc-17e">
         <name>.debug_info</name>
         <load_address>0x19048</load_address>
         <run_address>0x19048</run_address>
         <size>0x109</size>
         <input_file_ref idref="fl-e9"/>
      </object_component>
      <object_component id="oc-18f">
         <name>.debug_info</name>
         <load_address>0x19151</load_address>
         <run_address>0x19151</run_address>
         <size>0x26a</size>
         <input_file_ref idref="fl-ea"/>
      </object_component>
      <object_component id="oc-fc">
         <name>.debug_info</name>
         <load_address>0x193bb</load_address>
         <run_address>0x193bb</run_address>
         <size>0x409</size>
         <input_file_ref idref="fl-ea"/>
      </object_component>
      <object_component id="oc-174">
         <name>.debug_info</name>
         <load_address>0x197c4</load_address>
         <run_address>0x197c4</run_address>
         <size>0x166</size>
         <input_file_ref idref="fl-eb"/>
      </object_component>
      <object_component id="oc-ee">
         <name>.debug_info</name>
         <load_address>0x1992a</load_address>
         <run_address>0x1992a</run_address>
         <size>0x737</size>
         <input_file_ref idref="fl-eb"/>
      </object_component>
      <object_component id="oc-25a">
         <name>.debug_info</name>
         <load_address>0x1a061</load_address>
         <run_address>0x1a061</run_address>
         <size>0x1bb</size>
         <input_file_ref idref="fl-ec"/>
      </object_component>
      <object_component id="oc-21c">
         <name>.debug_info</name>
         <load_address>0x1a21c</load_address>
         <run_address>0x1a21c</run_address>
         <size>0x1be</size>
         <input_file_ref idref="fl-ec"/>
      </object_component>
      <object_component id="oc-25c">
         <name>.debug_info</name>
         <load_address>0x1a3da</load_address>
         <run_address>0x1a3da</run_address>
         <size>0x110</size>
         <input_file_ref idref="fl-ec"/>
      </object_component>
      <object_component id="oc-261">
         <name>.debug_info</name>
         <load_address>0x1a4ea</load_address>
         <run_address>0x1a4ea</run_address>
         <size>0x1ad</size>
         <input_file_ref idref="fl-ec"/>
      </object_component>
      <object_component id="oc-13e">
         <name>.debug_info</name>
         <load_address>0x1a697</load_address>
         <run_address>0x1a697</run_address>
         <size>0x1c8</size>
         <input_file_ref idref="fl-ec"/>
      </object_component>
      <object_component id="oc-138">
         <name>.debug_info</name>
         <load_address>0x1a85f</load_address>
         <run_address>0x1a85f</run_address>
         <size>0x1fa</size>
         <input_file_ref idref="fl-ec"/>
      </object_component>
      <object_component id="oc-1ae">
         <name>.debug_info</name>
         <load_address>0x1aa59</load_address>
         <run_address>0x1aa59</run_address>
         <size>0x244</size>
         <input_file_ref idref="fl-ec"/>
      </object_component>
      <object_component id="oc-1c0">
         <name>.debug_info</name>
         <load_address>0x1ac9d</load_address>
         <run_address>0x1ac9d</run_address>
         <size>0x20f</size>
         <input_file_ref idref="fl-ec"/>
      </object_component>
      <object_component id="oc-1b4">
         <name>.debug_info</name>
         <load_address>0x1aeac</load_address>
         <run_address>0x1aeac</run_address>
         <size>0x246</size>
         <input_file_ref idref="fl-ec"/>
      </object_component>
      <object_component id="oc-144">
         <name>.debug_info</name>
         <load_address>0x1b0f2</load_address>
         <run_address>0x1b0f2</run_address>
         <size>0x1eb</size>
         <input_file_ref idref="fl-ec"/>
      </object_component>
      <object_component id="oc-1ba">
         <name>.debug_info</name>
         <load_address>0x1b2dd</load_address>
         <run_address>0x1b2dd</run_address>
         <size>0x1ed</size>
         <input_file_ref idref="fl-ec"/>
      </object_component>
      <object_component id="oc-35f">
         <name>.debug_info</name>
         <load_address>0x1b4ca</load_address>
         <run_address>0x1b4ca</run_address>
         <size>0x108</size>
         <input_file_ref idref="fl-ed"/>
      </object_component>
      <object_component id="oc-32d">
         <name>.debug_info</name>
         <load_address>0x1b5d2</load_address>
         <run_address>0x1b5d2</run_address>
         <size>0x116</size>
         <input_file_ref idref="fl-ed"/>
      </object_component>
      <object_component id="oc-2a7">
         <name>.debug_info</name>
         <load_address>0x1b6e8</load_address>
         <run_address>0x1b6e8</run_address>
         <size>0x20b</size>
         <input_file_ref idref="fl-ed"/>
      </object_component>
      <object_component id="oc-2ad">
         <name>.debug_info</name>
         <load_address>0x1b8f3</load_address>
         <run_address>0x1b8f3</run_address>
         <size>0x259</size>
         <input_file_ref idref="fl-ed"/>
      </object_component>
      <object_component id="oc-245">
         <name>.debug_info</name>
         <load_address>0x1bb4c</load_address>
         <run_address>0x1bb4c</run_address>
         <size>0x220</size>
         <input_file_ref idref="fl-ed"/>
      </object_component>
      <object_component id="oc-2a3">
         <name>.debug_info</name>
         <load_address>0x1bd6c</load_address>
         <run_address>0x1bd6c</run_address>
         <size>0x218</size>
         <input_file_ref idref="fl-ee"/>
      </object_component>
      <object_component id="oc-29f">
         <name>.debug_info</name>
         <load_address>0x1bf84</load_address>
         <run_address>0x1bf84</run_address>
         <size>0x11f</size>
         <input_file_ref idref="fl-ee"/>
      </object_component>
      <object_component id="oc-23e">
         <name>.debug_info</name>
         <load_address>0x1c0a3</load_address>
         <run_address>0x1c0a3</run_address>
         <size>0x1f2</size>
         <input_file_ref idref="fl-ee"/>
      </object_component>
      <object_component id="oc-22c">
         <name>.debug_info</name>
         <load_address>0x1c295</load_address>
         <run_address>0x1c295</run_address>
         <size>0x237</size>
         <input_file_ref idref="fl-ee"/>
      </object_component>
      <object_component id="oc-238">
         <name>.debug_info</name>
         <load_address>0x1c4cc</load_address>
         <run_address>0x1c4cc</run_address>
         <size>0x239</size>
         <input_file_ref idref="fl-ee"/>
      </object_component>
      <object_component id="oc-1d0">
         <name>.debug_info</name>
         <load_address>0x1c705</load_address>
         <run_address>0x1c705</run_address>
         <size>0x262</size>
         <input_file_ref idref="fl-ee"/>
      </object_component>
      <object_component id="oc-232">
         <name>.debug_info</name>
         <load_address>0x1c967</load_address>
         <run_address>0x1c967</run_address>
         <size>0x20c</size>
         <input_file_ref idref="fl-ee"/>
      </object_component>
      <object_component id="oc-14a">
         <name>.debug_info</name>
         <load_address>0x1cb73</load_address>
         <run_address>0x1cb73</run_address>
         <size>0x27e</size>
         <input_file_ref idref="fl-ee"/>
      </object_component>
      <object_component id="oc-220">
         <name>.debug_info</name>
         <load_address>0x1cdf1</load_address>
         <run_address>0x1cdf1</run_address>
         <size>0x20b</size>
         <input_file_ref idref="fl-ee"/>
      </object_component>
      <object_component id="oc-226">
         <name>.debug_info</name>
         <load_address>0x1cffc</load_address>
         <run_address>0x1cffc</run_address>
         <size>0x220</size>
         <input_file_ref idref="fl-ee"/>
      </object_component>
      <object_component id="oc-1d6">
         <name>.debug_info</name>
         <load_address>0x1d21c</load_address>
         <run_address>0x1d21c</run_address>
         <size>0x2a8</size>
         <input_file_ref idref="fl-ef"/>
      </object_component>
      <object_component id="oc-275">
         <name>.debug_info</name>
         <load_address>0x1d4c4</load_address>
         <run_address>0x1d4c4</run_address>
         <size>0x1ca</size>
         <input_file_ref idref="fl-ef"/>
      </object_component>
      <object_component id="oc-26f">
         <name>.debug_info</name>
         <load_address>0x1d68e</load_address>
         <run_address>0x1d68e</run_address>
         <size>0x1cc</size>
         <input_file_ref idref="fl-ef"/>
      </object_component>
      <object_component id="oc-1e8">
         <name>.debug_info</name>
         <load_address>0x1d85a</load_address>
         <run_address>0x1d85a</run_address>
         <size>0x1d6</size>
         <input_file_ref idref="fl-ef"/>
      </object_component>
      <object_component id="oc-1ee">
         <name>.debug_info</name>
         <load_address>0x1da30</load_address>
         <run_address>0x1da30</run_address>
         <size>0x1e6</size>
         <input_file_ref idref="fl-ef"/>
      </object_component>
      <object_component id="oc-1dc">
[...]
         <name>osi_TaskDisable</name>
         <value>0x200076cd</value>
         <object_component_ref idref="oc-12b"/>
      </symbol>
      <symbol id="sm-5d7">
         <name>osi_Spawn</name>
         <value>0x200074ab</value>
         <object_component_ref idref="oc-12b"/>
      </symbol>
      <symbol id="sm-5d8">
         <name>mem_Free</name>
         <value>0x2000766d</value>
         <object_component_ref idref="oc-12b"/>
      </symbol>
      <symbol id="sm-5d9">
         <name>osi_ContextSave</name>
         <value>0x200076e1</value>
         <object_component_ref idref="oc-12b"/>
      </symbol>
      <symbol id="sm-5da">
         <name>xSimpleLinkSpawnQueue</name>
         <value>0x2001b1dc</value>
         <object_component_ref idref="oc-1cb"/>
      </symbol>
      <symbol id="sm-5db">
         <name>xSimpleLinkSpawnTaskHndl</name>
         <value>0x2001b1e0</value>
         <object_component_ref idref="oc-1cb"/>
      </symbol>
      <symbol id="sm-603">
         <name>vPortSetupTimerInterrupt</name>
         <value>0x20008771</value>
         <object_component_ref idref="oc-38"/>
      </symbol>
      <symbol id="sm-604">
         <name>vPortEndScheduler</name>
         <value>0x20008711</value>
         <object_component_ref idref="oc-38"/>
      </symbol>
      <symbol id="sm-605">
         <name>vPortYield</name>
         <value>0x20008713</value>
         <object_component_ref idref="oc-38"/>
      </symbol>
      <symbol id="sm-606">
         <name>xPortSysTickHandler</name>
         <value>0x20008755</value>
         <object_component_ref idref="oc-38"/>
      </symbol>
      <symbol id="sm-607">
         <name>pxPortInitialiseStack</name>
         <value>0x20008695</value>
         <object_component_ref idref="oc-38"/>
      </symbol>
      <symbol id="sm-608">
         <name>vPortExitCritical</name>
         <value>0x2000873d</value>
         <object_component_ref idref="oc-38"/>
      </symbol>
      <symbol id="sm-609">
         <name>xPortStartScheduler</name>
         <value>0x200086e5</value>
         <object_component_ref idref="oc-38"/>
      </symbol>
      <symbol id="sm-60a">
         <name>vPortEnterCritical</name>
         <value>0x20008725</value>
         <object_component_ref idref="oc-38"/>
      </symbol>
      <symbol id="sm-61b">
         <name>portCLZ</name>
         <value>0x20008a25</value>
         <object_component_ref idref="oc-33"/>
      </symbol>
      <symbol id="sm-61c">
         <name>xPortPendSVHandler</name>
         <value>0x20008999</value>
         <object_component_ref idref="oc-33"/>
      </symbol>
      <symbol id="sm-61d">
         <name>vPortClearInterruptMask</name>
         <value>0x2000898b</value>
         <object_component_ref idref="oc-33"/>
      </symbol>
      <symbol id="sm-61e">
         <name>ulPortSetInterruptMask</name>
         <value>0x20008975</value>
         <object_component_ref idref="oc-33"/>
      </symbol>
      <symbol id="sm-61f">
         <name>prvPortStartFirstTask</name>
         <value>0x20008a0d</value>
         <object_component_ref idref="oc-33"/>
      </symbol>
      <symbol id="sm-620">
         <name>vPortSVCHandler</name>
         <value>0x200089e5</value>
         <object_component_ref idref="oc-33"/>
      </symbol>
      <symbol id="sm-6d4">
         <name>xQueuePeekFromISR</name>
         <value>0x20006e2d</value>
         <object_component_ref idref="oc-1c5"/>
      </symbol>
      <symbol id="sm-6d5">
         <name>xQueueIsQueueEmptyFromISR</name>
         <value>0x200070b3</value>
         <object_component_ref idref="oc-1c5"/>
      </symbol>
      <symbol id="sm-6d6">
         <name>xQueueGenericSendFromISR</name>
         <value>0x20006bd7</value>
         <object_component_ref idref="oc-1c5"/>
      </symbol>
      <symbol id="sm-6d7">
         <name>uxQueueMessagesWaiting</name>
         <value>0x20006e71</value>
         <object_component_ref idref="oc-1c5"/>
      </symbol>
      <symbol id="sm-6d8">
         <name>vQueueAddToRegistry</name>
         <value>0x20007117</value>
         <object_component_ref idref="oc-1c5"/>
      </symbol>
      <symbol id="sm-6d9">
         <name>xQueueIsQueueFullFromISR</name>
         <value>0x200070f5</value>
         <object_component_ref idref="oc-1c5"/>
      </symbol>
      <symbol id="sm-6da">
         <name>xQueueSelectFromSet</name>
         <value>0x2000721d</value>
         <object_component_ref idref="oc-1c5"/>
      </symbol>
      <symbol id="sm-6db">
         <name>xQueueGenericCreate</name>
         <value>0x2000680d</value>
         <object_component_ref idref="oc-1c5"/>
      </symbol>
      <symbol id="sm-6dc">
         <name>xQueueSelectFromSetFromISR</name>
         <value>0x20007237</value>
         <object_component_ref idref="oc-1c5"/>
      </symbol>
      <symbol id="sm-6dd">
         <name>xQueueCreateMutex</name>
         <value>0x20006883</value>
         <object_component_ref idref="oc-1c5"/>
      </symbol>
      <symbol id="sm-6de">
         <name>vQueueSetQueueNumber</name>
         <value>0x20006eeb</value>
         <object_component_ref idref="oc-1c5"/>
      </symbol>
      <symbol id="sm-6df">
         <name>xQueueGenericSend</name>
         <value>0x20006921</value>
         <object_component_ref idref="oc-1c5"/>
      </symbol>
      <symbol id="sm-6e0">
         <name>xQueueGenericReset</name>
         <value>0x2000677d</value>
         <object_component_ref idref="oc-1c5"/>
      </symbol>
      <symbol id="sm-6e1">
         <name>xQueueReceiveFromISR</name>
         <value>0x20006db5</value>
         <object_component_ref idref="oc-1c5"/>
      </symbol>
      <symbol id="sm-6e2">
         <name>uxQueueSpacesAvailable</name>
         <value>0x20006e87</value>
         <object_component_ref idref="oc-1c5"/>
      </symbol>
      <symbol id="sm-6e3">
         <name>xQueueRegistry</name>
         <value>0x2001b0c8</value>
         <object_component_ref idref="oc-267"/>
      </symbol>
      <symbol id="sm-6e4">
         <name>vQueueUnregisterQueue</name>
         <value>0x20007159</value>
         <object_component_ref idref="oc-1c5"/>
      </symbol>
      <symbol id="sm-6e5">
         <name>xQueueAltGenericReceive</name>
         <value>0x20006ad9</value>
         <object_component_ref idref="oc-1c5"/>
      </symbol>
      <symbol id="sm-6e6">
         <name>uxQueueMessagesWaitingFromISR</name>
         <value>0x20006ea7</value>
         <object_component_ref idref="oc-1c5"/>
      </symbol>
      <symbol id="sm-6e7">
         <name>uxQueueGetQueueNumber</name>
         <value>0x20006edd</value>
         <object_component_ref idref="oc-1c5"/>
      </symbol>
      <symbol id="sm-6e8">
         <name>xQueueGenericReceive</name>
         <value>0x20006c73</value>
         <object_component_ref idref="oc-1c5"/>
      </symbol>
      <symbol id="sm-6e9">
         <name>xQueueCreateCountingSemaphore</name>
         <value>0x20006901</value>
         <object_component_ref idref="oc-1c5"/>
      </symbol>
      <symbol id="sm-6ea">
         <name>vQueueDelete</name>
         <value>0x20006eb9</value>
         <object_component_ref idref="oc-1c5"/>
      </symbol>
      <symbol id="sm-6eb">
         <name>xQueueAddToSet</name>
         <value>0x200071a7</value>
         <object_component_ref idref="oc-1c5"/>
      </symbol>
      <symbol id="sm-6ec">
         <name>xQueueAltGenericSend</name>
         <value>0x20006a2d</value>
         <object_component_ref idref="oc-1c5"/>
      </symbol>
      <symbol id="sm-6ed">
         <name>xQueueCreateSet</name>
         <value>0x20007193</value>
         <object_component_ref idref="oc-1c5"/>
      </symbol>
      <symbol id="sm-6ee">
         <name>xQueueRemoveFromSet</name>
         <value>0x200071db</value>
         <object_component_ref idref="oc-1c5"/>
      </symbol>
      <symbol id="sm-6ef">
         <name>ucQueueGetQueueType</name>
         <value>0x20006efd</value>
         <object_component_ref idref="oc-1c5"/>
      </symbol>
      <symbol id="sm-85f">
         <name>vTaskDelay</name>
         <value>0x2000463b</value>
         <object_component_ref idref="oc-8b"/>
      </symbol>
      <symbol id="sm-860">
         <name>vTaskSuspendAll</name>
         <value>0x20004a9f</value>
         <object_component_ref idref="oc-8b"/>
      </symbol>
      <symbol id="sm-861">
         <name>vTaskPriorityInherit</name>
         <value>0x200054dd</value>
         <object_component_ref idref="oc-8b"/>
      </symbol>
      <symbol id="sm-862">
         <name>vTaskPlaceOnEventList</name>
         <value>0x20004e51</value>
         <object_component_ref idref="oc-8b"/>
      </symbol>
      <symbol id="sm-863">
         <name>vTaskSetTaskNumber</name>
         <value>0x200050e9</value>
         <object_component_ref idref="oc-8b"/>
      </symbol>
      <symbol id="sm-864">
         <name>xTaskCheckForTimeOut</name>
         <value>0x20005041</value>
         <object_component_ref idref="oc-8b"/>
      </symbol>
      <symbol id="sm-865">
         <name>xTaskRemoveFromUnorderedEventList</name>
         <value>0x20004fad</value>
         <object_component_ref idref="oc-8b"/>
      </symbol>
      <symbol id="sm-866">
         <name>vTaskPrioritySet</name>
         <value>0x2000475d</value>
         <object_component_ref idref="oc-8b"/>
      </symbol>
      <symbol id="sm-867">
         <name>vTaskStartScheduler</name>
         <value>0x20004a43</value>
         <object_component_ref idref="oc-8b"/>
      </symbol>
      <symbol id="sm-868">
         <name>pcTaskGetTaskName</name>
         <value>0x20004bb5</value>
         <object_component_ref idref="oc-8b"/>
      </symbol>
      <symbol id="sm-869">
         <name>vTaskPriorityDisinherit</name>
         <value>0x20005597</value>
         <object_component_ref idref="oc-8b"/>
      </symbol>
      <symbol id="sm-86a">
         <name>vTaskDelayUntil</name>
         <value>0x2000459f</value>
         <object_component_ref idref="oc-8b"/>
      </symbol>
      <symbol id="sm-86b">
         <name>uxTaskGetTaskNumber</name>
         <value>0x200050c9</value>
         <object_component_ref idref="oc-8b"/>
      </symbol>
      <symbol id="sm-86c">
         <name>vTaskEndScheduler</name>
         <value>0x20004a8d</value>
         <object_component_ref idref="oc-8b"/>
      </symbol>
      <symbol id="sm-86d">
         <name>vTaskMissedYield</name>
         <value>0x200050bb</value>
         <object_component_ref idref="oc-8b"/>
      </symbol>
      <symbol id="sm-86e">
         <name>uxTaskGetNumberOfTasks</name>
         <value>0x20004ba9</value>
         <object_component_ref idref="oc-8b"/>
      </symbol>
      <symbol id="sm-86f">
         <name>uxTaskPriorityGet</name>
         <value>0x20004725</value>
         <object_component_ref idref="oc-8b"/>
      </symbol>
      <symbol id="sm-870">
         <name>xTaskResumeAll</name>
         <value>0x20004ab1</value>
         <object_component_ref idref="oc-8b"/>
      </symbol>
      <symbol id="sm-871">
         <name>xTaskGetTickCount</name>
         <value>0x20004b7d</value>
         <object_component_ref idref="oc-8b"/>
      </symbol>
      <symbol id="sm-872">
         <name>xTaskGenericCreate</name>
         <value>0x20004401</value>
         <object_component_ref idref="oc-8b"/>
      </symbol>
      <symbol id="sm-873">
         <name>uxTaskGetSystemState</name>
         <value>0x20004bd9</value>
         <object_component_ref idref="oc-8b"/>
      </symbol>
      <symbol id="sm-874">
         <name>vTaskDelete</name>
         <value>0x2000450f</value>
         <object_component_ref idref="oc-8b"/>
      </symbol>
      <symbol id="sm-875">
         <name>pxCurrentTCB</name>
         <value>0x2001b18c</value>
         <object_component_ref idref="oc-91"/>
      </symbol>
      <symbol id="sm-876">
         <name>eTaskGetState</name>
         <value>0x20004691</value>
         <object_component_ref idref="oc-8b"/>
      </symbol>
      <symbol id="sm-877">
         <name>vTaskSuspend</name>
         <value>0x20004861</value>
         <object_component_ref idref="oc-8b"/>
      </symbol>
      <symbol id="sm-878">
         <name>xTaskGetIdleTaskHandle</name>
         <value>0x20004c97</value>
         <object_component_ref idref="oc-8b"/>
      </symbol>
      <symbol id="sm-879">
         <name>xTaskGetTickCountFromISR</name>
         <value>0x20004b91</value>
         <object_component_ref idref="oc-8b"/>
      </symbol>
      <symbol id="sm-87a">
         <name>vTaskResume</name>
         <value>0x20004955</value>
         <object_component_ref idref="oc-8b"/>
      </symbol>
      <symbol id="sm-87b">
         <name>vTaskSetTimeOutState</name>
         <value>0x2000501b</value>
         <object_component_ref idref="oc-8b"/>
      </symbol>
      <symbol id="sm-87c">
         <name>xTaskIncrementTick</name>
         <value>0x20004cb5</value>
         <object_component_ref idref="oc-8b"/>
      </symbol>
      <symbol id="sm-87d">
         <name>vTaskSwitchContext</name>
         <value>0x20004dd1</value>
         <object_component_ref idref="oc-8b"/>
      </symbol>
      <symbol id="sm-87e">
         <name>uxTaskResetEventItemValue</name>
         <value>0x20005621</value>
         <object_component_ref idref="oc-8b"/>
      </symbol>
      <symbol id="sm-87f">
         <name>xTaskGetSchedulerState</name>
         <value>0x200054a5</value>
         <object_component_ref idref="oc-8b"/>
      </symbol>
      <symbol id="sm-880">
         <name>xTaskResumeFromISR</name>
         <value>0x200049c9</value>
         <object_component_ref idref="oc-8b"/>
      </symbol>
      <symbol id="sm-881">
         <name>xTaskGetCurrentTaskHandle</name>
         <value>0x20005491</value>
         <object_component_ref idref="oc-8b"/>
      </symbol>
      <symbol id="sm-882">
         <name>vTaskPlaceOnUnorderedEventList</name>
         <value>0x20004eb5</value>
         <object_component_ref idref="oc-8b"/>
      </symbol>
      <symbol id="sm-883">
         <name>xTaskRemoveFromEventList</name>
         <value>0x20004f25</value>
         <object_component_ref idref="oc-8b"/>
      </symbol>
      <symbol id="sm-893">
         <name>pvPortMalloc</name>
         <value>0x200093dd</value>
         <object_component_ref idref="oc-fb"/>
      </symbol>
      <symbol id="sm-894">
         <name>vPortFree</name>
         <value>0x200093fd</value>
         <object_component_ref idref="oc-fb"/>
      </symbol>
      <symbol id="sm-8aa">
         <name>uxListRemove</name>
         <value>0x2000864b</value>
         <object_component_ref idref="oc-eb"/>
      </symbol>
      <symbol id="sm-8ab">
         <name>vListInsert</name>
         <value>0x200085e5</value>
         <object_component_ref idref="oc-eb"/>
      </symbol>
      <symbol id="sm-8ac">
         <name>vListInitialiseItem</name>
         <value>0x20008599</value>
         <object_component_ref idref="oc-eb"/>
      </symbol>
      <symbol id="sm-8ad">
         <name>vListInsertEnd</name>
         <value>0x200085a9</value>
         <object_component_ref idref="oc-eb"/>
      </symbol>
      <symbol id="sm-8ae">
         <name>vListInitialise</name>
         <value>0x20008569</value>
         <object_component_ref idref="oc-eb"/>
      </symbol>
      <symbol id="sm-926">
         <name>IntPrioritySet</name>
         <value>0x20009145</value>
         <object_component_ref idref="oc-1b3"/>
      </symbol>
      <symbol id="sm-927">
         <name>IntVTableBaseSet</name>
         <value>0x20009669</value>
         <object_component_ref idref="oc-137"/>
      </symbol>
      <symbol id="sm-928">
         <name>IntEnable</name>
         <value>0x20008ad5</value>
         <object_component_ref idref="oc-143"/>
      </symbol>
      <symbol id="sm-929">
         <name>IntDisable</name>
         <value>0x20008a2d</value>
         <object_component_ref idref="oc-1b9"/>
      </symbol>
      <symbol id="sm-92a">
         <name>IntRegister</name>
         <value>0x20009535</value>
         <object_component_ref idref="oc-1ad"/>
      </symbol>
      <symbol id="sm-92b">
         <name>IntUnregister</name>
         <value>0x200094c9</value>
         <object_component_ref idref="oc-1bf"/>
      </symbol>
      <symbol id="sm-92c">
         <name>IntMasterEnable</name>
         <value>0x200096cd</value>
         <object_component_ref idref="oc-13d"/>
      </symbol>
      <symbol id="sm-959">
         <name>PinTypeUART</name>
         <value>0x200095c7</value>
         <object_component_ref idref="oc-244"/>
      </symbol>
      <symbol id="sm-95a">
         <name>PinConfigSet</name>
         <value>0x20008cad</value>
         <object_component_ref idref="oc-2ac"/>
      </symbol>
      <symbol id="sm-95b">
         <name>PinModeSet</name>
         <value>0x20009321</value>
         <object_component_ref idref="oc-2a6"/>
      </symbol>
      <symbol id="sm-9dd">
         <name>PRCMPeripheralReset</name>
         <value>0x200090ed</value>
         <object_component_ref idref="oc-231"/>
      </symbol>
      <symbol id="sm-9de">
         <name>PRCMPeripheralClkEnable</name>
         <value>0x200093a1</value>
         <object_component_ref idref="oc-22b"/>
      </symbol>
      <symbol id="sm-9df">
         <name>PRCMPeripheralClockGet</name>
         <value>0x20008c19</value>
         <object_component_ref idref="oc-1cf"/>
      </symbol>
      <symbol id="sm-9e0">
         <name>PRCMCC3200MCUInit</name>
         <value>0x20008435</value>
         <object_component_ref idref="oc-149"/>
      </symbol>
      <symbol id="sm-9e1">
         <name>PRCMHIBRegWrite</name>
         <value>0x20009627</value>
         <object_component_ref idref="oc-225"/>
      </symbol>
      <symbol id="sm-9e2">
         <name>PRCMSysResetCauseGet</name>
         <value>0x20009475</value>
         <object_component_ref idref="oc-23d"/>
      </symbol>
      <symbol id="sm-9e3">
         <name>PRCMPeripheralClkDisable</name>
         <value>0x200094a1</value>
         <object_component_ref idref="oc-237"/>
      </symbol>
      <symbol id="sm-9e4">
         <name>PRCMHIBRegRead</name>
         <value>0x20009611</value>
         <object_component_ref idref="oc-21f"/>
      </symbol>
      <symbol id="sm-a20">
         <name>UARTConfigSetExpClk</name>
         <value>0x20008f43</value>
         <object_component_ref idref="oc-1d5"/>
      </symbol>
      <symbol id="sm-a21">
         <name>UARTDisable</name>
         <value>0x20009415</value>
         <object_component_ref idref="oc-26e"/>
      </symbol>
      <symbol id="sm-a22">
         <name>UARTCharsAvail</name>
         <value>0x200095e1</value>
         <object_component_ref idref="oc-1e7"/>
      </symbol>
      <symbol id="sm-a23">
         <name>UARTCharGetNonBlocking</name>
         <value>0x20009573</value>
         <object_component_ref idref="oc-1ed"/>
      </symbol>
      <symbol id="sm-a24">
         <name>UARTCharPut</name>
         <value>0x20009555</value>
         <object_component_ref idref="oc-1db"/>
      </symbol>
      <symbol id="sm-a25">
         <name>UARTEnable</name>
         <value>0x200094ed</value>
         <object_component_ref idref="oc-274"/>
      </symbol>
      <symbol id="sm-a29">
         <name>UtilsDelay</name>
         <value>0x200096df</value>
         <object_component_ref idref="oc-29b"/>
      </symbol>
      <symbol id="sm-a33">
         <name>CPUcpsie</name>
         <value>0x20009653</value>
         <object_component_ref idref="oc-20f"/>
      </symbol>
      <symbol id="sm-a36">
         <name>__TI_static_base__</name>
         <value>0x20009ae8</value>
      </symbol>
      <symbol id="sm-a39">
         <name>SHT$$INIT_ARRAY$$Limit</name>
         <value>0x0</value>
      </symbol>
      <symbol id="sm-a3a">
         <name>SHT$$INIT_ARRAY$$Base</name>
         <value>0x0</value>
      </symbol>
   </symbol_table>
   <title>Link successful</title>
</link_info>
