<?xml version="1.0"?>
<link_info>
   <banner>TI ARM Linker Unix v16.9.1.LTS</banner>
   <copyright>Copyright (c) 1996-2015 Texas Instruments Incorporated</copyright>
   <link_time>0x58ede2c0</link_time>
   <link_errors>0x0</link_errors>
   <output_file>freertos_demo.out</output_file>
   <entry_point>
      <name>_c_int00</name>
      <address>0x200093a9</address>
   </entry_point>
   <input_file_list>
      <input_file id="fl-2">
         <path>./</path>
         <kind>object</kind>
         <file>main.obj</file>
         <name>main.obj</name>
      </input_file>
      <input_file id="fl-3">
         <path>./</path>
         <kind>object</kind>
         <file>pinmux.obj</file>
         <name>pinmux.obj</name>
      </input_file>
      <input_file id="fl-4">
         <path>./</path>
         <kind>object</kind>
         <file>startup_ccs.obj</file>
         <name>startup_ccs.obj</name>
      </input_file>
      <input_file id="fl-5">
         <path>./</path>
         <kind>object</kind>
         <file>uart_if.obj</file>
         <name>uart_if.obj</name>
      </input_file>
      <input_file id="fl-c1">
         <path>/home/waqar/ti/ccsv7/tools/compiler/ti-cgt-arm_16.9.1.LTS/lib/</path>
         <kind>archive</kind>
         <file>rtsv7M4_T_le_eabi.lib</file>
         <name>boot.obj</name>
      </input_file>
      <input_file id="fl-c2">
         <path>/home/waqar/ti/ccsv7/tools/compiler/ti-cgt-arm_16.9.1.LTS/lib/</path>
         <kind>archive</kind>
         <file>rtsv7M4_T_le_eabi.lib</file>
         <name>copy_decompress_lzss.obj</name>
      </input_file>
      <input_file id="fl-c3">
         <path>/home/waqar/ti/ccsv7/tools/compiler/ti-cgt-arm_16.9.1.LTS/lib/</path>
         <kind>archive</kind>
         <file>rtsv7M4_T_le_eabi.lib</file>
         <name>copy_decompress_none.obj</name>
      </input_file>
      <input_file id="fl-c4">
         <path>/home/waqar/ti/ccsv7/tools/compiler/ti-cgt-arm_16.9.1.LTS/lib/</path>
         <kind>archive</kind>
         <file>rtsv7M4_T_le_eabi.lib</file>
         <name>copy_zero_init.obj</name>
      </input_file>
      <input_file id="fl-c5">
         <path>/home/waqar/ti/ccsv7/tools/compiler/ti-cgt-arm_16.9.1.LTS/lib/</path>
         <kind>archive</kind>
         <file>rtsv7M4_T_le_eabi.lib</file>
         <name>exit.obj</name>
      </input_file>
      <input_file id="fl-c6">
         <path>/home/waqar/ti/ccsv7/tools/compiler/ti-cgt-arm_16.9.1.LTS/lib/</path>
         <kind>archive</kind>
         <file>rtsv7M4_T_le_eabi.lib</file>
         <name>memcpy_t2.obj</name>
      </input_file>
      <input_file id="fl-c7">
         <path>/home/waqar/ti/ccsv7/tools/compiler/ti-cgt-arm_16.9.1.LTS/lib/</path>
         <kind>archive</kind>
         <file>rtsv7M4_T_le_eabi.lib</file>
         <name>memmov.obj</name>
      </input_file>
      <input_file id="fl-c8">
         <path>/home/waqar/ti/ccsv7/tools/compiler/ti-cgt-arm_16.9.1.LTS/lib/</path>
         <kind>archive</kind>
         <file>rtsv7M4_T_le_eabi.lib</file>
         <name>memory.obj</name>
      </input_file>
      <input_file id="fl-c9">
         <path>/home/waqar/ti/ccsv7/tools/compiler/ti-cgt-arm_16.9.1.LTS/lib/</path>
         <kind>archive</kind>
         <file>rtsv7M4_T_le_eabi.lib</file>
         <name>memset_t2.obj</name>
      </input_file>
      <input_file id="fl-ca">
         <path>/home/waqar/ti/ccsv7/tools/compiler/ti-cgt-arm_16.9.1.LTS/lib/</path>
         <kind>archive</kind>
         <file>rtsv7M4_T_le_eabi.lib</file>
         <name>mpu_init.obj</name>
      </input_file>
      <input_file id="fl-cb">
         <path>/home/waqar/ti/ccsv7/tools/compiler/ti-cgt-arm_16.9.1.LTS/lib/</path>
         <kind>archive</kind>
         <file>rtsv7M4_T_le_eabi.lib</file>
         <name>pre_init.obj</name>
      </input_file>
      <input_file id="fl-cc">
         <path>/home/waqar/ti/ccsv7/tools/compiler/ti-cgt-arm_16.9.1.LTS/lib/</path>
         <kind>archive</kind>
         <file>rtsv7M4_T_le_eabi.lib</file>
         <name>stkdepth_vars.obj</name>
      </input_file>
      <input_file id="fl-cd">
         <path>/home/waqar/ti/ccsv7/tools/compiler/ti-cgt-arm_16.9.1.LTS/lib/</path>
         <kind>archive</kind>
         <file>rtsv7M4_T_le_eabi.lib</file>
         <name>strlen.obj</name>
      </input_file>
      <input_file id="fl-ce">
         <path>/home/waqar/ti/ccsv7/tools/compiler/ti-cgt-arm_16.9.1.LTS/lib/</path>
         <kind>archive</kind>
         <file>rtsv7M4_T_le_eabi.lib</file>
         <name>vsnprintf.obj</name>
      </input_file>
      <input_file id="fl-cf">
         <path>/home/waqar/ti/ccsv7/tools/compiler/ti-cgt-arm_16.9.1.LTS/lib/</path>
         <kind>archive</kind>
         <file>rtsv7M4_T_le_eabi.lib</file>
         <name>_lock.obj</name>
      </input_file>
      <input_file id="fl-d0">
         <path>/home/waqar/ti/ccsv7/tools/compiler/ti-cgt-arm_16.9.1.LTS/lib/</path>
         <kind>archive</kind>
         <file>rtsv7M4_T_le_eabi.lib</file>
         <name>_printfi.obj</name>
      </input_file>
      <input_file id="fl-d1">
         <path>/home/waqar/ti/ccsv7/tools/compiler/ti-cgt-arm_16.9.1.LTS/lib/</path>
         <kind>archive</kind>
         <file>rtsv7M4_T_le_eabi.lib</file>
         <name>args_main.obj</name>
      </input_file>
      <input_file id="fl-d2">
         <path>/home/waqar/ti/ccsv7/tools/compiler/ti-cgt-arm_16.9.1.LTS/lib/</path>
         <kind>archive</kind>
         <file>rtsv7M4_T_le_eabi.lib</file>
         <name>atoi.obj</name>
      </input_file>
      <input_file id="fl-d3">
         <path>/home/waqar/ti/ccsv7/tools/compiler/ti-cgt-arm_16.9.1.LTS/lib/</path>
         <kind>archive</kind>
         <file>rtsv7M4_T_le_eabi.lib</file>
         <name>autoinit.obj</name>
      </input_file>
      <input_file id="fl-d4">
         <path>/home/waqar/ti/ccsv7/tools/compiler/ti-cgt-arm_16.9.1.LTS/lib/</path>
         <kind>archive</kind>
         <file>rtsv7M4_T_le_eabi.lib</file>
         <name>cpy_tbl.obj</name>
      </input_file>
      <input_file id="fl-d5">
         <path>/home/waqar/ti/ccsv7/tools/compiler/ti-cgt-arm_16.9.1.LTS/lib/</path>
         <kind>archive</kind>
         <file>rtsv7M4_T_le_eabi.lib</file>
         <name>ctype.obj</name>
      </input_file>
      <input_file id="fl-d6">
         <path>/home/waqar/ti/ccsv7/tools/compiler/ti-cgt-arm_16.9.1.LTS/lib/</path>
         <kind>archive</kind>
         <file>rtsv7M4_T_le_eabi.lib</file>
         <name>fd_add_t2.obj</name>
      </input_file>
      <input_file id="fl-d7">
         <path>/home/waqar/ti/ccsv7/tools/compiler/ti-cgt-arm_16.9.1.LTS/lib/</path>
         <kind>archive</kind>
         <file>rtsv7M4_T_le_eabi.lib</file>
         <name>fd_cmp_t2.obj</name>
      </input_file>
      <input_file id="fl-d8">
         <path>/home/waqar/ti/ccsv7/tools/compiler/ti-cgt-arm_16.9.1.LTS/lib/</path>
         <kind>archive</kind>
         <file>rtsv7M4_T_le_eabi.lib</file>
         <name>fd_div_t2.obj</name>
      </input_file>
      <input_file id="fl-d9">
         <path>/home/waqar/ti/ccsv7/tools/compiler/ti-cgt-arm_16.9.1.LTS/lib/</path>
         <kind>archive</kind>
         <file>rtsv7M4_T_le_eabi.lib</file>
         <name>fd_mul_t2.obj</name>
      </input_file>
      <input_file id="fl-da">
         <path>/home/waqar/ti/ccsv7/tools/compiler/ti-cgt-arm_16.9.1.LTS/lib/</path>
         <kind>archive</kind>
         <file>rtsv7M4_T_le_eabi.lib</file>
         <name>fd_toi_t2.obj</name>
      </input_file>
      <input_file id="fl-db">
         <path>/home/waqar/ti/ccsv7/tools/compiler/ti-cgt-arm_16.9.1.LTS/lib/</path>
         <kind>archive</kind>
         <file>rtsv7M4_T_le_eabi.lib</file>
         <name>i_tofd_t2.obj</name>
      </input_file>
      <input_file id="fl-dc">
         <path>/home/waqar/ti/ccsv7/tools/compiler/ti-cgt-arm_16.9.1.LTS/lib/</path>
         <kind>archive</kind>
         <file>rtsv7M4_T_le_eabi.lib</file>
         <name>ltoa.obj</name>
      </input_file>
      <input_file id="fl-dd">
         <path>/home/waqar/ti/ccsv7/tools/compiler/ti-cgt-arm_16.9.1.LTS/lib/</path>
         <kind>archive</kind>
         <file>rtsv7M4_T_le_eabi.lib</file>
         <name>memccpy.obj</name>
      </input_file>
      <input_file id="fl-de">
         <path>/home/waqar/ti/ccsv7/tools/compiler/ti-cgt-arm_16.9.1.LTS/lib/</path>
         <kind>archive</kind>
         <file>rtsv7M4_T_le_eabi.lib</file>
         <name>s_frexp.obj</name>
      </input_file>
      <input_file id="fl-df">
         <path>/home/waqar/ti/ccsv7/tools/compiler/ti-cgt-arm_16.9.1.LTS/lib/</path>
         <kind>archive</kind>
         <file>rtsv7M4_T_le_eabi.lib</file>
         <name>s_scalbn.obj</name>
      </input_file>
      <input_file id="fl-e0">
         <path>/home/waqar/ti/ccsv7/tools/compiler/ti-cgt-arm_16.9.1.LTS/lib/</path>
         <kind>archive</kind>
         <file>rtsv7M4_T_le_eabi.lib</file>
         <name>startup.obj</name>
      </input_file>
      <input_file id="fl-e1">
         <path>/home/waqar/ti/ccsv7/tools/compiler/ti-cgt-arm_16.9.1.LTS/lib/</path>
         <kind>archive</kind>
         <file>rtsv7M4_T_le_eabi.lib</file>
         <name>strchr.obj</name>
      </input_file>
      <input_file id="fl-e2">
         <path>/home/waqar/ti/ccsv7/tools/compiler/ti-cgt-arm_16.9.1.LTS/lib/</path>
         <kind>archive</kind>
         <file>rtsv7M4_T_le_eabi.lib</file>
         <name>ull_div_t2.obj</name>
      </input_file>
      <input_file id="fl-e3">
         <path>/home/waqar/ti/ccsv7/tools/compiler/ti-cgt-arm_16.9.1.LTS/lib/</path>
         <kind>archive</kind>
         <file>rtsv7M4_T_le_eabi.lib</file>
         <name>errno.obj</name>
      </input_file>
      <input_file id="fl-e4">
         <path>/home/waqar/ti/ccsv7/tools/compiler/ti-cgt-arm_16.9.1.LTS/lib/</path>
         <kind>archive</kind>
         <file>rtsv7M4_T_le_eabi.lib</file>
         <name>s_copysign.obj</name>
      </input_file>
      <input_file id="fl-e5">
         <path>/home/waqar/ti/cc3200-sdk/oslib/ccs/free_rtos/</path>
         <kind>archive</kind>
         <file>free_rtos.a</file>
         <name>osi_freertos.obj</name>
      </input_file>
      <input_file id="fl-e6">
         <path>/home/waqar/ti/cc3200-sdk/oslib/ccs/free_rtos/</path>
         <kind>archive</kind>
         <file>free_rtos.a</file>
         <name>port.obj</name>
      </input_file>
      <input_file id="fl-e7">
         <path>/home/waqar/ti/cc3200-sdk/oslib/ccs/free_rtos/</path>
         <kind>archive</kind>
         <file>free_rtos.a</file>
         <name>portasm.obj</name>
      </input_file>
      <input_file id="fl-e8">
         <path>/home/waqar/ti/cc3200-sdk/oslib/ccs/free_rtos/</path>
         <kind>archive</kind>
         <file>free_rtos.a</file>
         <name>queue.obj</name>
      </input_file>
      <input_file id="fl-e9">
         <path>/home/waqar/ti/cc3200-sdk/oslib/ccs/free_rtos/</path>
         <kind>archive</kind>
         <file>free_rtos.a</file>
         <name>tasks.obj</name>
      </input_file>
      <input_file id="fl-ea">
         <path>/home/waqar/ti/cc3200-sdk/oslib/ccs/free_rtos/</path>
         <kind>archive</kind>
         <file>free_rtos.a</file>
         <name>heap_3.obj</name>
      </input_file>
      <input_file id="fl-eb">
         <path>/home/waqar/ti/cc3200-sdk/oslib/ccs/free_rtos/</path>
         <kind>archive</kind>
         <file>free_rtos.a</file>
         <name>list.obj</name>
      </input_file>
      <input_file id="fl-ec">
         <path>/home/waqar/ti/cc3200-sdk/driverlib/ccs/Release/</path>
         <kind>archive</kind>
         <file>driverlib.a</file>
         <name>interrupt.obj</name>
      </input_file>
      <input_file id="fl-ed">
         <path>/home/waqar/ti/cc3200-sdk/driverlib/ccs/Release/</path>
         <kind>archive</kind>
         <file>driverlib.a</file>
         <name>pin.obj</name>
      </input_file>
      <input_file id="fl-ee">
         <path>/home/waqar/ti/cc3200-sdk/driverlib/ccs/Release/</path>
         <kind>archive</kind>
         <file>driverlib.a</file>
         <name>prcm.obj</name>
      </input_file>
      <input_file id="fl-ef">
         <path>/home/waqar/ti/cc3200-sdk/driverlib/ccs/Release/</path>
         <kind>archive</kind>
         <file>driverlib.a</file>
         <name>uart.obj</name>
      </input_file>
      <input_file id="fl-f0">
         <path>/home/waqar/ti/cc3200-sdk/driverlib/ccs/Release/</path>
         <kind>archive</kind>
         <file>driverlib.a</file>
         <name>utils.obj</name>
      </input_file>
      <input_file id="fl-f1">
         <path>/home/waqar/ti/cc3200-sdk/driverlib/ccs/Release/</path>
         <kind>archive</kind>
         <file>driverlib.a</file>
         <name>cpu.obj</name>
      </input_file>
      <input_file id="fl-f2">
         <path>/home/waqar/ti/cc3200-sdk/driverlib/ccs/Release/</path>
         <kind>archive</kind>
         <file>driverlib.a</file>
         <name>flash.obj</name>
      </input_file>
   </input_file_list>
   <object_component_list>
      <object_component id="oc-f">
         <name>.intvecs</name>
         <load_address>0x20004000</load_address>
         <run_address>0x20004000</run_address>
         <size>0x400</size>
         <input_file_ref idref="fl-4"/>
      </object_component>
      <object_component id="oc-8b">
         <name>.text</name>
         <load_address>0x20004400</load_address>
         <run_address>0x20004400</run_address>
         <size>0x125c</size>
         <input_file_ref idref="fl-e9"/>
      </object_component>
      <object_component id="oc-27f">
         <name>.text</name>
         <load_address>0x2000565c</load_address>
         <run_address>0x2000565c</run_address>
         <size>0x1122</size>
         <input_file_ref idref="fl-d0"/>
      </object_component>
      <object_component id="oc-263">
         <name>.text:IntDefaultHandler</name>
         <load_address>0x2000677e</load_address>
         <run_address>0x2000677e</run_address>
         <size>0x2</size>
         <input_file_ref idref="fl-ec"/>
      </object_component>
      <object_component id="oc-1c5">
         <name>.text</name>
         <load_address>0x20006780</load_address>
         <run_address>0x20006780</run_address>
         <size>0xb24</size>
         <input_file_ref idref="fl-e8"/>
      </object_component>
      <object_component id="oc-12b">
         <name>.text</name>
         <load_address>0x200072a4</load_address>
         <run_address>0x200072a4</run_address>
         <size>0x45c</size>
         <input_file_ref idref="fl-e5"/>
      </object_component>
      <object_component id="oc-188">
         <name>.text</name>
         <load_address>0x20007700</load_address>
         <run_address>0x20007700</run_address>
         <size>0x3d0</size>
         <input_file_ref idref="fl-c8"/>
      </object_component>
      <object_component id="oc-131">
         <name>.text</name>
         <load_address>0x20007ad0</load_address>
         <run_address>0x20007ad0</run_address>
         <size>0x290</size>
         <input_file_ref idref="fl-5"/>
      </object_component>
      <object_component id="oc-cc">
         <name>.text</name>
         <load_address>0x20007d60</load_address>
         <run_address>0x20007d60</run_address>
         <size>0x1f8</size>
         <input_file_ref idref="fl-2"/>
      </object_component>
      <object_component id="oc-2ca">
         <name>.text</name>
         <load_address>0x20007f58</load_address>
         <run_address>0x20007f58</run_address>
         <size>0x1f4</size>
         <input_file_ref idref="fl-e2"/>
      </object_component>
      <object_component id="oc-2f3">
         <name>.text</name>
         <load_address>0x2000814c</load_address>
         <run_address>0x2000814c</run_address>
         <size>0x1b6</size>
         <input_file_ref idref="fl-d6"/>
      </object_component>
      <object_component id="oc-64">
         <name>.text</name>
         <load_address>0x20008302</load_address>
         <run_address>0x20008302</run_address>
         <size>0x2</size>
         <input_file_ref idref="fl-ca"/>
      </object_component>
      <object_component id="oc-149">
         <name>.text:PRCMCC3200MCUInit</name>
         <load_address>0x20008304</load_address>
         <run_address>0x20008304</run_address>
         <size>0x178</size>
         <input_file_ref idref="fl-ee"/>
      </object_component>
      <object_component id="oc-2d9">
         <name>.text</name>
         <load_address>0x2000847c</load_address>
         <run_address>0x2000847c</run_address>
         <size>0x136</size>
         <input_file_ref idref="fl-d8"/>
      </object_component>
      <object_component id="oc-eb">
         <name>.text</name>
         <load_address>0x200085b2</load_address>
         <run_address>0x200085b2</run_address>
         <size>0x12a</size>
         <input_file_ref idref="fl-eb"/>
      </object_component>
      <object_component id="oc-38">
         <name>.text</name>
         <load_address>0x200086dc</load_address>
         <run_address>0x200086dc</run_address>
         <size>0x110</size>
         <input_file_ref idref="fl-e6"/>
      </object_component>
      <object_component id="oc-2d4">
         <name>.text</name>
         <load_address>0x200087ec</load_address>
         <run_address>0x200087ec</run_address>
         <size>0xfc</size>
         <input_file_ref idref="fl-d9"/>
      </object_component>
      <object_component id="oc-2fe">
         <name>.text</name>
         <load_address>0x200088e8</load_address>
         <run_address>0x200088e8</run_address>
         <size>0xd0</size>
         <input_file_ref idref="fl-df"/>
      </object_component>
      <object_component id="oc-33">
         <name>.text</name>
         <load_address>0x200089b8</load_address>
         <run_address>0x200089b8</run_address>
         <size>0xba</size>
         <input_file_ref idref="fl-e7"/>
      </object_component>
      <object_component id="oc-c4">
         <name>.text</name>
         <load_address>0x20008a72</load_address>
         <run_address>0x20008a72</run_address>
         <size>0x2</size>
         <input_file_ref idref="fl-e0"/>
      </object_component>
      <object_component id="oc-1b9">
         <name>.text:IntDisable</name>
         <load_address>0x20008a74</load_address>
         <run_address>0x20008a74</run_address>
         <size>0xa8</size>
         <input_file_ref idref="fl-ec"/>
      </object_component>
      <object_component id="oc-143">
         <name>.text:IntEnable</name>
         <load_address>0x20008b1c</load_address>
         <run_address>0x20008b1c</run_address>
         <size>0xa8</size>
         <input_file_ref idref="fl-ec"/>
      </object_component>
      <object_component id="oc-4c">
         <name>.text</name>
         <load_address>0x20008bc4</load_address>
         <run_address>0x20008bc4</run_address>
         <size>0x9c</size>
         <input_file_ref idref="fl-c6"/>
      </object_component>
      <object_component id="oc-1cf">
         <name>.text:PRCMPeripheralClockGet</name>
         <load_address>0x20008c60</load_address>
         <run_address>0x20008c60</run_address>
         <size>0x94</size>
         <input_file_ref idref="fl-ee"/>
      </object_component>
      <object_component id="oc-2af">
         <name>.text:PinConfigSet</name>
         <load_address>0x20008cf4</load_address>
         <run_address>0x20008cf4</run_address>
         <size>0x88</size>
         <input_file_ref idref="fl-ed"/>
      </object_component>
      <object_component id="oc-1e1">
         <name>.text</name>
         <load_address>0x20008d7c</load_address>
         <run_address>0x20008d7c</run_address>
         <size>0x88</size>
         <input_file_ref idref="fl-ce"/>
      </object_component>
      <object_component id="oc-2cf">
         <name>.text:__aeabi_cdcmple</name>
         <load_address>0x20008e04</load_address>
         <run_address>0x20008e04</run_address>
         <size>0x86</size>
         <input_file_ref idref="fl-d7"/>
      </object_component>
      <object_component id="oc-2de">
         <name>.text:__aeabi_cdrcmple</name>
         <load_address>0x20008e8a</load_address>
         <run_address>0x20008e8a</run_address>
         <size>0x86</size>
         <input_file_ref idref="fl-d7"/>
      </object_component>
      <object_component id="oc-58">
         <name>.text</name>
         <load_address>0x20008f10</load_address>
         <run_address>0x20008f10</run_address>
         <size>0x7a</size>
         <input_file_ref idref="fl-c9"/>
      </object_component>
      <object_component id="oc-1d5">
         <name>.text:UARTConfigSetExpClk</name>
         <load_address>0x20008f8a</load_address>
         <run_address>0x20008f8a</run_address>
         <size>0x76</size>
         <input_file_ref idref="fl-ef"/>
      </object_component>
      <object_component id="oc-70">
         <name>.text</name>
         <load_address>0x20009000</load_address>
         <run_address>0x20009000</run_address>
         <size>0x70</size>
         <input_file_ref idref="fl-d3"/>
      </object_component>
      <object_component id="oc-12">
         <name>.text:decompress:lzss</name>
         <load_address>0x20009070</load_address>
         <run_address>0x20009070</run_address>
         <size>0x68</size>
         <input_file_ref idref="fl-c2"/>
      </object_component>
      <object_component id="oc-2f8">
         <name>.text</name>
         <load_address>0x200090d8</load_address>
         <run_address>0x200090d8</run_address>
         <size>0x5c</size>
         <input_file_ref idref="fl-de"/>
      </object_component>
      <object_component id="oc-237">
         <name>.text:PRCMPeripheralReset</name>
         <load_address>0x20009134</load_address>
         <run_address>0x20009134</run_address>
         <size>0x58</size>
         <input_file_ref idref="fl-ee"/>
      </object_component>
      <object_component id="oc-1b3">
         <name>.text:IntPrioritySet</name>
         <load_address>0x2000918c</load_address>
         <run_address>0x2000918c</run_address>
         <size>0x54</size>
         <input_file_ref idref="fl-ec"/>
      </object_component>
      <object_component id="oc-7c">
         <name>.text</name>
         <load_address>0x200091e0</load_address>
         <run_address>0x200091e0</run_address>
         <size>0x54</size>
         <input_file_ref idref="fl-c5"/>
      </object_component>
      <object_component id="oc-2e8">
         <name>.text</name>
         <load_address>0x20009234</load_address>
         <run_address>0x20009234</run_address>
         <size>0x54</size>
         <input_file_ref idref="fl-dc"/>
      </object_component>
      <object_component id="oc-30a">
         <name>.text</name>
         <load_address>0x20009288</load_address>
         <run_address>0x20009288</run_address>
         <size>0x4c</size>
         <input_file_ref idref="fl-d2"/>
      </object_component>
      <object_component id="oc-be">
         <name>.text</name>
         <load_address>0x200092d4</load_address>
         <run_address>0x200092d4</run_address>
         <size>0x4c</size>
         <input_file_ref idref="fl-d4"/>
      </object_component>
      <object_component id="oc-2e3">
         <name>.text</name>
         <load_address>0x20009320</load_address>
         <run_address>0x20009320</run_address>
         <size>0x48</size>
         <input_file_ref idref="fl-da"/>
      </object_component>
      <object_component id="oc-2a9">
         <name>.text:PinModeSet</name>
         <load_address>0x20009368</load_address>
         <run_address>0x20009368</run_address>
         <size>0x40</size>
         <input_file_ref idref="fl-ed"/>
      </object_component>
      <object_component id="oc-24">
         <name>.text</name>
         <load_address>0x200093a8</load_address>
         <run_address>0x200093a8</run_address>
         <size>0x40</size>
         <input_file_ref idref="fl-c1"/>
      </object_component>
      <object_component id="oc-231">
         <name>.text:PRCMPeripheralClkEnable</name>
         <load_address>0x200093e8</load_address>
         <run_address>0x200093e8</run_address>
         <size>0x3c</size>
         <input_file_ref idref="fl-ee"/>
      </object_component>
      <object_component id="oc-fb">
         <name>.text</name>
         <load_address>0x20009424</load_address>
         <run_address>0x20009424</run_address>
         <size>0x38</size>
         <input_file_ref idref="fl-ea"/>
      </object_component>
      <object_component id="oc-271">
         <name>.text:UARTDisable</name>
         <load_address>0x2000945c</load_address>
         <run_address>0x2000945c</run_address>
         <size>0x30</size>
         <input_file_ref idref="fl-ef"/>
      </object_component>
      <object_component id="oc-2ee">
         <name>.text</name>
         <load_address>0x2000948c</load_address>
         <run_address>0x2000948c</run_address>
         <size>0x2e</size>
         <input_file_ref idref="fl-db"/>
      </object_component>
      <object_component id="oc-21f">
         <name>.text:PRCMSysResetCauseGet</name>
         <load_address>0x200094bc</load_address>
         <run_address>0x200094bc</run_address>
         <size>0x2c</size>
         <input_file_ref idref="fl-ee"/>
      </object_component>
      <object_component id="oc-23d">
         <name>.text:PRCMPeripheralClkDisable</name>
         <load_address>0x200094e8</load_address>
         <run_address>0x200094e8</run_address>
         <size>0x28</size>
         <input_file_ref idref="fl-ee"/>
      </object_component>
      <object_component id="oc-1bf">
         <name>.text:IntUnregister</name>
         <load_address>0x20009510</load_address>
         <run_address>0x20009510</run_address>
         <size>0x24</size>
         <input_file_ref idref="fl-ec"/>
      </object_component>
      <object_component id="oc-277">
         <name>.text:UARTEnable</name>
         <load_address>0x20009534</load_address>
         <run_address>0x20009534</run_address>
         <size>0x24</size>
         <input_file_ref idref="fl-ef"/>
      </object_component>
      <object_component id="oc-1f9">
         <name>.text</name>
         <load_address>0x20009558</load_address>
         <run_address>0x20009558</run_address>
         <size>0x24</size>
         <input_file_ref idref="fl-c7"/>
      </object_component>
      <object_component id="oc-1ad">
         <name>.text:IntRegister</name>
         <load_address>0x2000957c</load_address>
         <run_address>0x2000957c</run_address>
         <size>0x20</size>
         <input_file_ref idref="fl-ec"/>
      </object_component>
      <object_component id="oc-1db">
         <name>.text:UARTCharPut</name>
         <load_address>0x2000959c</load_address>
         <run_address>0x2000959c</run_address>
         <size>0x1e</size>
         <input_file_ref idref="fl-ef"/>
      </object_component>
      <object_component id="oc-1ed">
         <name>.text:UARTCharGetNonBlocking</name>
         <load_address>0x200095ba</load_address>
         <run_address>0x200095ba</run_address>
         <size>0x1c</size>
         <input_file_ref idref="fl-ef"/>
      </object_component>
      <object_component id="oc-14f">
         <name>.text</name>
         <load_address>0x200095d6</load_address>
         <run_address>0x200095d6</run_address>
         <size>0x1c</size>
         <input_file_ref idref="fl-3"/>
      </object_component>
      <object_component id="oc-310">
         <name>.text</name>
         <load_address>0x200095f2</load_address>
         <run_address>0x200095f2</run_address>
         <size>0x1c</size>
         <input_file_ref idref="fl-dd"/>
      </object_component>
      <object_component id="oc-244">
         <name>.text:PinTypeUART</name>
         <load_address>0x2000960e</load_address>
         <run_address>0x2000960e</run_address>
         <size>0x1a</size>
         <input_file_ref idref="fl-ed"/>
      </object_component>
      <object_component id="oc-1e7">
         <name>.text:UARTCharsAvail</name>
         <load_address>0x20009628</load_address>
         <run_address>0x20009628</run_address>
         <size>0x18</size>
         <input_file_ref idref="fl-ef"/>
      </object_component>
      <object_component id="oc-76">
         <name>.text</name>
         <load_address>0x20009640</load_address>
         <run_address>0x20009640</run_address>
         <size>0x18</size>
         <input_file_ref idref="fl-d1"/>
      </object_component>
      <object_component id="oc-225">
         <name>.text:PRCMHIBRegRead</name>
         <load_address>0x20009658</load_address>
         <run_address>0x20009658</run_address>
         <size>0x16</size>
         <input_file_ref idref="fl-ee"/>
      </object_component>
      <object_component id="oc-22b">
         <name>.text:PRCMHIBRegWrite</name>
         <load_address>0x2000966e</load_address>
         <run_address>0x2000966e</run_address>
         <size>0x16</size>
         <input_file_ref idref="fl-ee"/>
      </object_component>
      <object_component id="oc-304">
         <name>.text</name>
         <load_address>0x20009684</load_address>
         <run_address>0x20009684</run_address>
         <size>0x16</size>
         <input_file_ref idref="fl-e1"/>
      </object_component>
      <object_component id="oc-20f">
         <name>.text:CPUcpsie</name>
         <load_address>0x2000969a</load_address>
         <run_address>0x2000969a</run_address>
         <size>0x14</size>
         <input_file_ref idref="fl-f1"/>
      </object_component>
      <object_component id="oc-137">
         <name>.text:IntVTableBaseSet</name>
         <load_address>0x200096b0</load_address>
         <run_address>0x200096b0</run_address>
         <size>0x14</size>
         <input_file_ref idref="fl-ec"/>
      </object_component>
      <object_component id="oc-167">
         <name>.text</name>
         <load_address>0x200096c4</load_address>
         <run_address>0x200096c4</run_address>
         <size>0x14</size>
         <input_file_ref idref="fl-cf"/>
      </object_component>
      <object_component id="oc-1f3">
         <name>.text</name>
         <load_address>0x200096d8</load_address>
         <run_address>0x200096d8</run_address>
         <size>0x14</size>
         <input_file_ref idref="fl-cd"/>
      </object_component>
      <object_component id="oc-18">
         <name>.text:decompress:none</name>
         <load_address>0x200096ec</load_address>
         <run_address>0x200096ec</run_address>
         <size>0xe</size>
         <input_file_ref idref="fl-c3"/>
      </object_component>
      <object_component id="oc-2d">
         <name>.text</name>
         <load_address>0x200096fa</load_address>
         <run_address>0x200096fa</run_address>
         <size>0xe</size>
         <input_file_ref idref="fl-4"/>
      </object_component>
      <object_component id="oc-1e">
         <name>.text:decompress:ZI</name>
         <load_address>0x20009708</load_address>
         <run_address>0x20009708</run_address>
         <size>0xc</size>
         <input_file_ref idref="fl-c4"/>
      </object_component>
      <object_component id="oc-13d">
         <name>.text:IntMasterEnable</name>
         <load_address>0x20009714</load_address>
         <run_address>0x20009714</run_address>
         <size>0xa</size>
         <input_file_ref idref="fl-ec"/>
      </object_component>
      <object_component id="oc-347">
         <name>.text</name>
         <load_address>0x2000971e</load_address>
         <run_address>0x2000971e</run_address>
         <size>0x8</size>
         <input_file_ref idref="fl-e4"/>
      </object_component>
      <object_component id="oc-29f">
         <name>.text:UtilsDelay</name>
         <load_address>0x20009726</load_address>
         <run_address>0x20009726</run_address>
         <size>0x6</size>
         <input_file_ref idref="fl-f0"/>
      </object_component>
      <object_component id="oc-6a">
         <name>.text</name>
         <load_address>0x2000972c</load_address>
         <run_address>0x2000972c</run_address>
         <size>0x4</size>
         <input_file_ref idref="fl-cb"/>
      </object_component>
      <object_component id="oc-354">
         <name>.const:.string:_ctypes_</name>
         <load_address>0x20009730</load_address>
         <run_address>0x20009730</run_address>
         <size>0x101</size>
         <input_file_ref idref="fl-d5"/>
      </object_component>
      <object_component id="oc-331">
         <name>.const:g_ulPinToPadMap</name>
         <load_address>0x20009834</load_address>
         <run_address>0x20009834</run_address>
         <size>0x100</size>
         <input_file_ref idref="fl-ed"/>
      </object_component>
      <object_component id="oc-25b">
         <name>.const:g_pulRegs</name>
         <load_address>0x20009934</load_address>
         <run_address>0x20009934</run_address>
         <size>0xd4</size>
         <input_file_ref idref="fl-ec"/>
      </object_component>
      <object_component id="oc-2a2">
         <name>.const:PRCM_PeriphRegsList</name>
         <load_address>0x20009a08</load_address>
         <run_address>0x20009a08</run_address>
         <size>0xa8</size>
         <input_file_ref idref="fl-ee"/>
      </object_component>
      <object_component id="oc-25f">
         <name>.const:g_pulDisRegs</name>
         <load_address>0x20009ab0</load_address>
         <run_address>0x20009ab0</run_address>
         <size>0x18</size>
         <input_file_ref idref="fl-ec"/>
      </object_component>
      <object_component id="oc-21b">
         <name>.const:g_pulEnRegs</name>
         <load_address>0x20009ac8</load_address>
         <run_address>0x20009ac8</run_address>
         <size>0x18</size>
         <input_file_ref idref="fl-ec"/>
      </object_component>
      <object_component id="oc-39c">
         <name>.cinit..data.load</name>
         <load_address>0x20009ae0</load_address>
         <run_address>0x20009ae0</run_address>
         <size>0x27</size>
      </object_component>
      <object_component id="oc-39a">
         <name>__TI_handler_table</name>
         <load_address>0x20009b08</load_address>
         <run_address>0x20009b08</run_address>
         <size>0xc</size>
      </object_component>
      <object_component id="oc-39d">
         <name>.cinit..bss.load</name>
         <load_address>0x20009b18</load_address>
         <run_address>0x20009b18</run_address>
         <size>0x8</size>
      </object_component>
      <object_component id="oc-39b">
         <name>__TI_cinit_table</name>
         <load_address>0x20009b20</load_address>
         <run_address>0x20009b20</run_address>
         <size>0x10</size>
      </object_component>
      <object_component id="oc-d4">
         <name>.data:$O1$$</name>
         <load_address>0x2001b1c0</load_address>
         <run_address>0x2001b1c0</run_address>
         <size>0xc</size>
         <input_file_ref idref="fl-c5"/>
      </object_component>
      <object_component id="oc-253">
         <name>.data:$O1$$</name>
         <load_address>0x2001b1cc</load_address>
         <run_address>0x2001b1cc</run_address>
         <size>0xc</size>
         <input_file_ref idref="fl-c8"/>
      </object_component>
      <object_component id="oc-82">
         <name>.data</name>
         <load_address>0x2001b1f4</load_address>
         <run_address>0x2001b1f4</run_address>
         <size>0x4</size>
         <input_file_ref idref="fl-cc"/>
      </object_component>
      <object_component id="oc-d7">
         <name>.data:$O1$$</name>
         <load_address>0x2001b1e4</load_address>
         <run_address>0x2001b1e4</run_address>
         <size>0x8</size>
         <input_file_ref idref="fl-cf"/>
      </object_component>
      <object_component id="oc-34d">
         <name>.data</name>
         <load_address>0x2001b1f0</load_address>
         <run_address>0x2001b1f0</run_address>
         <size>0x4</size>
         <input_file_ref idref="fl-e3"/>
      </object_component>
      <object_component id="oc-1cb">
         <name>.data</name>
         <load_address>0x2001b1d8</load_address>
         <run_address>0x2001b1d8</run_address>
         <size>0xc</size>
         <input_file_ref idref="fl-e5"/>
      </object_component>
      <object_component id="oc-95">
         <name>.data</name>
         <load_address>0x2001b1ec</load_address>
         <run_address>0x2001b1ec</run_address>
         <size>0x4</size>
         <input_file_ref idref="fl-e6"/>
      </object_component>
      <object_component id="oc-91">
         <name>.data</name>
         <load_address>0x2001b18c</load_address>
         <run_address>0x2001b18c</run_address>
         <size>0x34</size>
         <input_file_ref idref="fl-e9"/>
      </object_component>
      <object_component id="oc-1ff">
         <name>.bss</name>
         <uninitialized>true</uninitialized>
         <run_address>0x2001b17c</run_address>
         <size>0x4</size>
         <input_file_ref idref="fl-5"/>
      </object_component>
      <object_component id="oc-26a">
         <name>.bss:xQueueRegistry</name>
         <uninitialized>true</uninitialized>
         <run_address>0x2001b0c8</run_address>
         <size>0x50</size>
         <input_file_ref idref="fl-e8"/>
      </object_component>
      <object_component id="oc-f1">
         <name>.bss:pxReadyTasksLists</name>
         <uninitialized>true</uninitialized>
         <run_address>0x2001b000</run_address>
         <size>0xc8</size>
         <input_file_ref idref="fl-e9"/>
      </object_component>
      <object_component id="oc-155">
         <name>.common:MsgQ</name>
         <uninitialized>true</uninitialized>
         <run_address>0x2001b180</run_address>
         <size>0x4</size>
      </object_component>
      <object_component id="oc-101">
         <name>.common:xDelayedTaskList1</name>
         <uninitialized>true</uninitialized>
         <run_address>0x2001b118</run_address>
         <size>0x14</size>
      </object_component>
      <object_component id="oc-102">
         <name>.common:xDelayedTaskList2</name>
         <uninitialized>true</uninitialized>
         <run_address>0x2001b12c</run_address>
         <size>0x14</size>
      </object_component>
      <object_component id="oc-f7">
         <name>.common:pxDelayedTaskList</name>
         <uninitialized>true</uninitialized>
         <run_address>0x2001b184</run_address>
         <size>0x4</size>
      </object_component>
      <object_component id="oc-f8">
         <name>.common:pxOverflowDelayedTaskList</name>
         <uninitialized>true</uninitialized>
         <run_address>0x2001b188</run_address>
         <size>0x4</size>
      </object_component>
      <object_component id="oc-fa">
         <name>.common:xPendingReadyList</name>
         <uninitialized>true</uninitialized>
         <run_address>0x2001b140</run_address>
         <size>0x14</size>
      </object_component>
      <object_component id="oc-f4">
         <name>.common:xTasksWaitingTermination</name>
         <uninitialized>true</uninitialized>
         <run_address>0x2001b168</run_address>
         <size>0x14</size>
      </object_component>
      <object_component id="oc-f9">
         <name>.common:xSuspendedTaskList</name>
         <uninitialized>true</uninitialized>
         <run_address>0x2001b154</run_address>
         <size>0x14</size>
      </object_component>
      <object_component id="oc-2a">
         <name>.sysmem</name>
         <uninitialized>true</uninitialized>
         <run_address>0x20017000</run_address>
         <size>0x8</size>
         <input_file_ref idref="fl-c8"/>
      </object_component>
      <object_component id="oc-39f">
         <name>.sysmem</name>
         <uninitialized>true</uninitialized>
         <run_address>0x20017000</run_address>
         <size>0x0</size>
      </object_component>
      <object_component id="oc-29">
         <name>.stack</name>
         <uninitialized>true</uninitialized>
         <run_address>0x2002ff00</run_address>
         <size>0x0</size>
         <input_file_ref idref="fl-c1"/>
      </object_component>
      <object_component id="oc-39e">
         <name>.stack</name>
         <uninitialized>true</uninitialized>
         <run_address>0x2002ff00</run_address>
         <size>0x0</size>
      </object_component>
      <object_component id="oc-156">
         <name>.debug_info</name>
         <load_address>0x0</load_address>
         <run_address>0x0</run_address>
         <size>0x40c</size>
         <input_file_ref idref="fl-2"/>
      </object_component>
      <object_component id="oc-cd">
         <name>.debug_info</name>
         <load_address>0x40c</load_address>
         <run_address>0x40c</run_address>
         <size>0x70a</size>
         <input_file_ref idref="fl-2"/>
      </object_component>
      <object_component id="oc-159">
         <name>.debug_info</name>
         <load_address>0xb16</load_address>
         <run_address>0xb16</run_address>
         <size>0x13f</size>
         <input_file_ref idref="fl-2"/>
      </object_component>
      <object_component id="oc-192">
         <name>.debug_info</name>
         <load_address>0xc55</load_address>
         <run_address>0xc55</run_address>
         <size>0xc8</size>
         <input_file_ref idref="fl-2"/>
      </object_component>
      <object_component id="oc-32c">
         <name>.debug_info</name>
         <load_address>0xd1d</load_address>
         <run_address>0xd1d</run_address>
         <size>0x62</size>
         <input_file_ref idref="fl-2"/>
      </object_component>
      <object_component id="oc-47">
         <name>.debug_info</name>
         <load_address>0xd7f</load_address>
         <run_address>0xd7f</run_address>
         <size>0x84</size>
         <input_file_ref idref="fl-2"/>
      </object_component>
      <object_component id="oc-216">
         <name>.debug_info</name>
         <load_address>0xe03</load_address>
         <run_address>0xe03</run_address>
         <size>0x2c</size>
         <input_file_ref idref="fl-2"/>
      </object_component>
      <object_component id="oc-204">
         <name>.debug_info</name>
         <load_address>0xe2f</load_address>
         <run_address>0xe2f</run_address>
         <size>0x4e</size>
         <input_file_ref idref="fl-2"/>
      </object_component>
      <object_component id="oc-150">
         <name>.debug_info</name>
         <load_address>0xe7d</load_address>
         <run_address>0xe7d</run_address>
         <size>0x147</size>
         <input_file_ref idref="fl-3"/>
      </object_component>
      <object_component id="oc-40">
         <name>.debug_info</name>
         <load_address>0xfc4</load_address>
         <run_address>0xfc4</run_address>
         <size>0x197</size>
         <input_file_ref idref="fl-4"/>
      </object_component>
      <object_component id="oc-10">
         <name>.debug_info</name>
         <load_address>0x115b</load_address>
         <run_address>0x115b</run_address>
         <size>0x102</size>
         <input_file_ref idref="fl-4"/>
      </object_component>
      <object_component id="oc-2e">
         <name>.debug_info</name>
         <load_address>0x125d</load_address>
         <run_address>0x125d</run_address>
         <size>0x3dd</size>
         <input_file_ref idref="fl-4"/>
      </object_component>
      <object_component id="oc-203">
         <name>.debug_info</name>
         <load_address>0x163a</load_address>
         <run_address>0x163a</run_address>
         <size>0x3c6</size>
         <input_file_ref idref="fl-5"/>
      </object_component>
      <object_component id="oc-200">
         <name>.debug_info</name>
         <load_address>0x1a00</load_address>
         <run_address>0x1a00</run_address>
         <size>0xf9</size>
         <input_file_ref idref="fl-5"/>
      </object_component>
      <object_component id="oc-132">
         <name>.debug_info</name>
         <load_address>0x1af9</load_address>
         <run_address>0x1af9</run_address>
         <size>0x893</size>
         <input_file_ref idref="fl-5"/>
      </object_component>
      <object_component id="oc-209">
         <name>.debug_info</name>
         <load_address>0x238c</load_address>
         <run_address>0x238c</run_address>
         <size>0x110</size>
         <input_file_ref idref="fl-5"/>
      </object_component>
      <object_component id="oc-25">
         <name>.debug_info</name>
         <load_address>0x249c</load_address>
         <run_address>0x249c</run_address>
         <size>0x160</size>
         <input_file_ref idref="fl-c1"/>
      </object_component>
      <object_component id="oc-ab">
         <name>.debug_info</name>
         <load_address>0x25fc</load_address>
         <run_address>0x25fc</run_address>
         <size>0xf9</size>
         <input_file_ref idref="fl-c2"/>
      </object_component>
      <object_component id="oc-16">
         <name>.debug_info</name>
         <load_address>0x26f5</load_address>
         <run_address>0x26f5</run_address>
         <size>0x245</size>
         <input_file_ref idref="fl-c2"/>
      </object_component>
      <object_component id="oc-42">
         <name>.debug_info</name>
         <load_address>0x293a</load_address>
         <run_address>0x293a</run_address>
         <size>0x60</size>
         <input_file_ref idref="fl-c2"/>
      </object_component>
      <object_component id="oc-a6">
         <name>.debug_info</name>
         <load_address>0x299a</load_address>
         <run_address>0x299a</run_address>
         <size>0x46</size>
         <input_file_ref idref="fl-c2"/>
      </object_component>
      <object_component id="oc-57">
         <name>.debug_info</name>
         <load_address>0x29e0</load_address>
         <run_address>0x29e0</run_address>
         <size>0x140</size>
         <input_file_ref idref="fl-c3"/>
      </object_component>
      <object_component id="oc-19">
         <name>.debug_info</name>
         <load_address>0x2b20</load_address>
         <run_address>0x2b20</run_address>
         <size>0x1df</size>
         <input_file_ref idref="fl-c3"/>
      </object_component>
      <object_component id="oc-52">
         <name>.debug_info</name>
         <load_address>0x2cff</load_address>
         <run_address>0x2cff</run_address>
         <size>0x46</size>
         <input_file_ref idref="fl-c3"/>
      </object_component>
      <object_component id="oc-ad">
         <name>.debug_info</name>
         <load_address>0x2d45</load_address>
         <run_address>0x2d45</run_address>
         <size>0x2c</size>
         <input_file_ref idref="fl-c3"/>
      </object_component>
      <object_component id="oc-63">
         <name>.debug_info</name>
         <load_address>0x2d71</load_address>
         <run_address>0x2d71</run_address>
         <size>0x12f</size>
         <input_file_ref idref="fl-c4"/>
      </object_component>
      <object_component id="oc-1f">
         <name>.debug_info</name>
         <load_address>0x2ea0</load_address>
         <run_address>0x2ea0</run_address>
         <size>0x1aa</size>
         <input_file_ref idref="fl-c4"/>
      </object_component>
      <object_component id="oc-5e">
         <name>.debug_info</name>
         <load_address>0x304a</load_address>
         <run_address>0x304a</run_address>
         <size>0x46</size>
         <input_file_ref idref="fl-c4"/>
      </object_component>
      <object_component id="oc-b5">
         <name>.debug_info</name>
         <load_address>0x3090</load_address>
         <run_address>0x3090</run_address>
         <size>0x2c</size>
         <input_file_ref idref="fl-c4"/>
      </object_component>
      <object_component id="oc-db">
         <name>.debug_info</name>
         <load_address>0x30bc</load_address>
         <run_address>0x30bc</run_address>
         <size>0x234</size>
         <input_file_ref idref="fl-c5"/>
      </object_component>
      <object_component id="oc-d5">
         <name>.debug_info</name>
         <load_address>0x32f0</load_address>
         <run_address>0x32f0</run_address>
         <size>0x185</size>
         <input_file_ref idref="fl-c5"/>
      </object_component>
      <object_component id="oc-7d">
         <name>.debug_info</name>
         <load_address>0x3475</load_address>
         <run_address>0x3475</run_address>
         <size>0x214</size>
         <input_file_ref idref="fl-c5"/>
      </object_component>
      <object_component id="oc-4d">
         <name>.debug_info</name>
         <load_address>0x3689</load_address>
         <run_address>0x3689</run_address>
         <size>0x111</size>
         <input_file_ref idref="fl-c6"/>
      </object_component>
      <object_component id="oc-296">
         <name>.debug_info</name>
         <load_address>0x379a</load_address>
         <run_address>0x379a</run_address>
         <size>0x12c</size>
         <input_file_ref idref="fl-c7"/>
      </object_component>
      <object_component id="oc-1fa">
         <name>.debug_info</name>
         <load_address>0x38c6</load_address>
         <run_address>0x38c6</run_address>
         <size>0x1ab</size>
         <input_file_ref idref="fl-c7"/>
      </object_component>
      <object_component id="oc-88">
         <name>.debug_info</name>
         <load_address>0x3a71</load_address>
         <run_address>0x3a71</run_address>
         <size>0x222</size>
         <input_file_ref idref="fl-c8"/>
      </object_component>
      <object_component id="oc-2b">
         <name>.debug_info</name>
         <load_address>0x3c93</load_address>
         <run_address>0x3c93</run_address>
         <size>0x101</size>
         <input_file_ref idref="fl-c8"/>
      </object_component>
      <object_component id="oc-254">
         <name>.debug_info</name>
         <load_address>0x3d94</load_address>
         <run_address>0x3d94</run_address>
         <size>0x14c</size>
         <input_file_ref idref="fl-c8"/>
      </object_component>
      <object_component id="oc-189">
         <name>.debug_info</name>
         <load_address>0x3ee0</load_address>
         <run_address>0x3ee0</run_address>
         <size>0x885</size>
         <input_file_ref idref="fl-c8"/>
      </object_component>
      <object_component id="oc-e1">
         <name>.debug_info</name>
         <load_address>0x4765</load_address>
         <run_address>0x4765</run_address>
         <size>0x2c</size>
         <input_file_ref idref="fl-c8"/>
      </object_component>
      <object_component id="oc-e6">
         <name>.debug_info</name>
         <load_address>0x4791</load_address>
         <run_address>0x4791</run_address>
         <size>0x62</size>
         <input_file_ref idref="fl-c8"/>
      </object_component>
      <object_component id="oc-59">
         <name>.debug_info</name>
         <load_address>0x47f3</load_address>
         <run_address>0x47f3</run_address>
         <size>0x13f</size>
         <input_file_ref idref="fl-c9"/>
      </object_component>
      <object_component id="oc-65">
         <name>.debug_info</name>
         <load_address>0x4932</load_address>
         <run_address>0x4932</run_address>
         <size>0x138</size>
         <input_file_ref idref="fl-ca"/>
      </object_component>
      <object_component id="oc-6b">
         <name>.debug_info</name>
         <load_address>0x4a6a</load_address>
         <run_address>0x4a6a</run_address>
         <size>0x148</size>
         <input_file_ref idref="fl-cb"/>
      </object_component>
      <object_component id="oc-83">
         <name>.debug_info</name>
         <load_address>0x4bb2</load_address>
         <run_address>0x4bb2</run_address>
         <size>0x109</size>
         <input_file_ref idref="fl-cc"/>
      </object_component>
      <object_component id="oc-294">
         <name>.debug_info</name>
         <load_address>0x4cbb</load_address>
         <run_address>0x4cbb</run_address>
         <size>0xea</size>
         <input_file_ref idref="fl-cd"/>
      </object_component>
      <object_component id="oc-1f4">
         <name>.debug_info</name>
         <load_address>0x4da5</load_address>
         <run_address>0x4da5</run_address>
         <size>0x22a</size>
         <input_file_ref idref="fl-cd"/>
      </object_component>
      <object_component id="oc-286">
         <name>.debug_info</name>
         <load_address>0x4fcf</load_address>
         <run_address>0x4fcf</run_address>
         <size>0x1c8</size>
         <input_file_ref idref="fl-ce"/>
      </object_component>
      <object_component id="oc-1e2">
         <name>.debug_info</name>
         <load_address>0x5197</load_address>
         <run_address>0x5197</run_address>
         <size>0x35c</size>
         <input_file_ref idref="fl-ce"/>
      </object_component>
      <object_component id="oc-287">
         <name>.debug_info</name>
         <load_address>0x54f3</load_address>
         <run_address>0x54f3</run_address>
         <size>0x2c</size>
         <input_file_ref idref="fl-ce"/>
      </object_component>
      <object_component id="oc-28c">
         <name>.debug_info</name>
         <load_address>0x551f</load_address>
         <run_address>0x551f</run_address>
         <size>0x69</size>
         <input_file_ref idref="fl-ce"/>
      </object_component>
      <object_component id="oc-16f">
         <name>.debug_info</name>
         <load_address>0x5588</load_address>
         <run_address>0x5588</run_address>
         <size>0x124</size>
         <input_file_ref idref="fl-cf"/>
      </object_component>
      <object_component id="oc-d8">
         <name>.debug_info</name>
         <load_address>0x56ac</load_address>
         <run_address>0x56ac</run_address>
         <size>0x113</size>
         <input_file_ref idref="fl-cf"/>
      </object_component>
      <object_component id="oc-168">
         <name>.debug_info</name>
         <load_address>0x57bf</load_address>
         <run_address>0x57bf</run_address>
         <size>0x21f</size>
         <input_file_ref idref="fl-cf"/>
      </object_component>
      <object_component id="oc-317">
         <name>.debug_info</name>
         <load_address>0x59de</load_address>
         <run_address>0x59de</run_address>
         <size>0x385</size>
         <input_file_ref idref="fl-d0"/>
      </object_component>
      <object_component id="oc-280">
         <name>.debug_info</name>
         <load_address>0x5d63</load_address>
         <run_address>0x5d63</run_address>
         <size>0x1554</size>
         <input_file_ref idref="fl-d0"/>
      </object_component>
      <object_component id="oc-318">
         <name>.debug_info</name>
         <load_address>0x72b7</load_address>
         <run_address>0x72b7</run_address>
         <size>0x86</size>
         <input_file_ref idref="fl-d0"/>
      </object_component>
      <object_component id="oc-35d">
         <name>.debug_info</name>
         <load_address>0x733d</load_address>
         <run_address>0x733d</run_address>
         <size>0x46</size>
         <input_file_ref idref="fl-d0"/>
      </object_component>
      <object_component id="oc-31d">
         <name>.debug_info</name>
         <load_address>0x7383</load_address>
         <run_address>0x7383</run_address>
         <size>0x39</size>
         <input_file_ref idref="fl-d0"/>
      </object_component>
      <object_component id="oc-d3">
         <name>.debug_info</name>
         <load_address>0x73bc</load_address>
         <run_address>0x73bc</run_address>
         <size>0x166</size>
         <input_file_ref idref="fl-d1"/>
      </object_component>
      <object_component id="oc-77">
         <name>.debug_info</name>
         <load_address>0x7522</load_address>
         <run_address>0x7522</run_address>
         <size>0x167</size>
         <input_file_ref idref="fl-d1"/>
      </object_component>
      <object_component id="oc-160">
         <name>.debug_info</name>
         <load_address>0x7689</load_address>
         <run_address>0x7689</run_address>
         <size>0x5e</size>
         <input_file_ref idref="fl-d1"/>
      </object_component>
      <object_component id="oc-358">
         <name>.debug_info</name>
         <load_address>0x76e7</load_address>
         <run_address>0x76e7</run_address>
         <size>0x114</size>
         <input_file_ref idref="fl-d2"/>
      </object_component>
      <object_component id="oc-30b">
         <name>.debug_info</name>
         <load_address>0x77fb</load_address>
         <run_address>0x77fb</run_address>
         <size>0x171</size>
         <input_file_ref idref="fl-d2"/>
      </object_component>
      <object_component id="oc-cb">
         <name>.debug_info</name>
         <load_address>0x796c</load_address>
         <run_address>0x796c</run_address>
         <size>0x2e9</size>
         <input_file_ref idref="fl-d3"/>
      </object_component>
      <object_component id="oc-71">
         <name>.debug_info</name>
         <load_address>0x7c55</load_address>
         <run_address>0x7c55</run_address>
         <size>0x190</size>
         <input_file_ref idref="fl-d3"/>
      </object_component>
      <object_component id="oc-121">
         <name>.debug_info</name>
         <load_address>0x7de5</load_address>
         <run_address>0x7de5</run_address>
         <size>0x39</size>
         <input_file_ref idref="fl-d3"/>
      </object_component>
      <object_component id="oc-1a8">
         <name>.debug_info</name>
         <load_address>0x7e1e</load_address>
         <run_address>0x7e1e</run_address>
         <size>0x39</size>
         <input_file_ref idref="fl-d3"/>
      </object_component>
      <object_component id="oc-126">
         <name>.debug_info</name>
         <load_address>0x7e57</load_address>
         <run_address>0x7e57</run_address>
         <size>0xcd</size>
         <input_file_ref idref="fl-d3"/>
      </object_component>
      <object_component id="oc-11d">
         <name>.debug_info</name>
         <load_address>0x7f24</load_address>
         <run_address>0x7f24</run_address>
         <size>0x1e0</size>
         <input_file_ref idref="fl-d4"/>
      </object_component>
      <object_component id="oc-bf">
         <name>.debug_info</name>
         <load_address>0x8104</load_address>
         <run_address>0x8104</run_address>
         <size>0x183</size>
         <input_file_ref idref="fl-d4"/>
      </object_component>
      <object_component id="oc-1a3">
         <name>.debug_info</name>
         <load_address>0x8287</load_address>
         <run_address>0x8287</run_address>
         <size>0x2c</size>
         <input_file_ref idref="fl-d4"/>
      </object_component>
      <object_component id="oc-372">
         <name>.debug_info</name>
         <load_address>0x82b3</load_address>
         <run_address>0x82b3</run_address>
         <size>0xee</size>
         <input_file_ref idref="fl-d5"/>
      </object_component>
      <object_component id="oc-355">
         <name>.debug_info</name>
         <load_address>0x83a1</load_address>
         <run_address>0x83a1</run_address>
         <size>0xfa</size>
         <input_file_ref idref="fl-d5"/>
      </object_component>
      <object_component id="oc-2f4">
         <name>.debug_info</name>
         <load_address>0x849b</load_address>
         <run_address>0x849b</run_address>
         <size>0x144</size>
         <input_file_ref idref="fl-d6"/>
      </object_component>
      <object_component id="oc-2d0">
         <name>.debug_info</name>
         <load_address>0x85df</load_address>
         <run_address>0x85df</run_address>
         <size>0x120</size>
         <input_file_ref idref="fl-d7"/>
      </object_component>
      <object_component id="oc-2df">
         <name>.debug_info</name>
         <load_address>0x86ff</load_address>
         <run_address>0x86ff</run_address>
         <size>0x122</size>
         <input_file_ref idref="fl-d7"/>
      </object_component>
      <object_component id="oc-2da">
         <name>.debug_info</name>
         <load_address>0x8821</load_address>
         <run_address>0x8821</run_address>
         <size>0x132</size>
         <input_file_ref idref="fl-d8"/>
      </object_component>
      <object_component id="oc-2d5">
         <name>.debug_info</name>
         <load_address>0x8953</load_address>
         <run_address>0x8953</run_address>
         <size>0x132</size>
         <input_file_ref idref="fl-d9"/>
      </object_component>
      <object_component id="oc-2e4">
         <name>.debug_info</name>
         <load_address>0x8a85</load_address>
         <run_address>0x8a85</run_address>
         <size>0x126</size>
         <input_file_ref idref="fl-da"/>
      </object_component>
      <object_component id="oc-2ef">
         <name>.debug_info</name>
         <load_address>0x8bab</load_address>
         <run_address>0x8bab</run_address>
         <size>0x124</size>
         <input_file_ref idref="fl-db"/>
      </object_component>
      <object_component id="oc-33d">
         <name>.debug_info</name>
         <load_address>0x8ccf</load_address>
         <run_address>0x8ccf</run_address>
         <size>0x14c</size>
         <input_file_ref idref="fl-dc"/>
      </object_component>
      <object_component id="oc-2e9">
         <name>.debug_info</name>
         <load_address>0x8e1b</load_address>
         <run_address>0x8e1b</run_address>
         <size>0x1c2</size>
         <input_file_ref idref="fl-dc"/>
      </object_component>
      <object_component id="oc-35a">
         <name>.debug_info</name>
         <load_address>0x8fdd</load_address>
         <run_address>0x8fdd</run_address>
         <size>0xf1</size>
         <input_file_ref idref="fl-dd"/>
      </object_component>
      <object_component id="oc-311">
         <name>.debug_info</name>
         <load_address>0x90ce</load_address>
         <run_address>0x90ce</run_address>
         <size>0x1ab</size>
         <input_file_ref idref="fl-dd"/>
      </object_component>
      <object_component id="oc-341">
         <name>.debug_info</name>
         <load_address>0x9279</load_address>
         <run_address>0x9279</run_address>
         <size>0x13f</size>
         <input_file_ref idref="fl-de"/>
      </object_component>
      <object_component id="oc-2f9">
         <name>.debug_info</name>
         <load_address>0x93b8</load_address>
         <run_address>0x93b8</run_address>
         <size>0x189</size>
         <input_file_ref idref="fl-de"/>
      </object_component>
      <object_component id="oc-342">
         <name>.debug_info</name>
         <load_address>0x9541</load_address>
         <run_address>0x9541</run_address>
         <size>0x2c</size>
         <input_file_ref idref="fl-de"/>
      </object_component>
      <object_component id="oc-351">
         <name>.debug_info</name>
         <load_address>0x956d</load_address>
         <run_address>0x956d</run_address>
         <size>0x17c</size>
         <input_file_ref idref="fl-df"/>
      </object_component>
      <object_component id="oc-2ff">
         <name>.debug_info</name>
         <load_address>0x96e9</load_address>
         <run_address>0x96e9</run_address>
         <size>0x1e6</size>
         <input_file_ref idref="fl-df"/>
      </object_component>
      <object_component id="oc-c5">
         <name>.debug_info</name>
         <load_address>0x98cf</load_address>
         <run_address>0x98cf</run_address>
         <size>0x145</size>
         <input_file_ref idref="fl-e0"/>
      </object_component>
      <object_component id="oc-353">
         <name>.debug_info</name>
         <load_address>0x9a14</load_address>
         <run_address>0x9a14</run_address>
         <size>0xf5</size>
         <input_file_ref idref="fl-e1"/>
      </object_component>
      <object_component id="oc-305">
         <name>.debug_info</name>
         <load_address>0x9b09</load_address>
         <run_address>0x9b09</run_address>
         <size>0x244</size>
         <input_file_ref idref="fl-e1"/>
      </object_component>
      <object_component id="oc-2cb">
         <name>.debug_info</name>
         <load_address>0x9d4d</load_address>
         <run_address>0x9d4d</run_address>
         <size>0x17d</size>
         <input_file_ref idref="fl-e2"/>
      </object_component>
      <object_component id="oc-34e">
         <name>.debug_info</name>
         <load_address>0x9eca</load_address>
         <run_address>0x9eca</run_address>
         <size>0xf3</size>
         <input_file_ref idref="fl-e3"/>
      </object_component>
      <object_component id="oc-348">
         <name>.debug_info</name>
         <load_address>0x9fbd</load_address>
         <run_address>0x9fbd</run_address>
         <size>0x154</size>
         <input_file_ref idref="fl-e4"/>
      </object_component>
      <object_component id="oc-119">
         <name>.debug_info</name>
         <load_address>0xa111</load_address>
         <run_address>0xa111</run_address>
         <size>0x6fd</size>
         <input_file_ref idref="fl-e5"/>
      </object_component>
      <object_component id="oc-1cc">
         <name>.debug_info</name>
         <load_address>0xa80e</load_address>
         <run_address>0xa80e</run_address>
         <size>0x1d8</size>
         <input_file_ref idref="fl-e5"/>
      </object_component>
      <object_component id="oc-12c">
         <name>.debug_info</name>
         <load_address>0xa9e6</load_address>
         <run_address>0xa9e6</run_address>
         <size>0x2e22</size>
         <input_file_ref idref="fl-e5"/>
      </object_component>
      <object_component id="oc-104">
         <name>.debug_info</name>
         <load_address>0xd808</load_address>
         <run_address>0xd808</run_address>
         <size>0x2ab</size>
         <input_file_ref idref="fl-e5"/>
      </object_component>
      <object_component id="oc-19c">
         <name>.debug_info</name>
         <load_address>0xdab3</load_address>
         <run_address>0xdab3</run_address>
         <size>0x46</size>
         <input_file_ref idref="fl-e5"/>
      </object_component>
      <object_component id="oc-197">
         <name>.debug_info</name>
         <load_address>0xdaf9</load_address>
         <run_address>0xdaf9</run_address>
         <size>0x2c</size>
         <input_file_ref idref="fl-e5"/>
      </object_component>
      <object_component id="oc-9a">
         <name>.debug_info</name>
         <load_address>0xdb25</load_address>
         <run_address>0xdb25</run_address>
         <size>0x2c</size>
         <input_file_ref idref="fl-e5"/>
      </object_component>
      <object_component id="oc-109">
         <name>.debug_info</name>
         <load_address>0xdb51</load_address>
         <run_address>0xdb51</run_address>
         <size>0x18b</size>
         <input_file_ref idref="fl-e5"/>
      </object_component>
      <object_component id="oc-9f">
         <name>.debug_info</name>
         <load_address>0xdcdc</load_address>
         <run_address>0xdcdc</run_address>
         <size>0x53</size>
         <input_file_ref idref="fl-e5"/>
      </object_component>
      <object_component id="oc-114">
         <name>.debug_info</name>
         <load_address>0xdd2f</load_address>
         <run_address>0xdd2f</run_address>
         <size>0x14c</size>
         <input_file_ref idref="fl-e5"/>
      </object_component>
      <object_component id="oc-99">
         <name>.debug_info</name>
         <load_address>0xde7b</load_address>
         <run_address>0xde7b</run_address>
         <size>0x282</size>
         <input_file_ref idref="fl-e6"/>
      </object_component>
      <object_component id="oc-96">
         <name>.debug_info</name>
         <load_address>0xe0fd</load_address>
         <run_address>0xe0fd</run_address>
         <size>0x170</size>
         <input_file_ref idref="fl-e6"/>
      </object_component>
      <object_component id="oc-39">
         <name>.debug_info</name>
         <load_address>0xe26d</load_address>
         <run_address>0xe26d</run_address>
         <size>0xe0a</size>
         <input_file_ref idref="fl-e6"/>
      </object_component>
      <object_component id="oc-35">
         <name>.debug_info</name>
         <load_address>0xf077</load_address>
         <run_address>0xf077</run_address>
         <size>0x229</size>
         <input_file_ref idref="fl-e7"/>
      </object_component>
      <object_component id="oc-252">
         <name>.debug_info</name>
         <load_address>0xf2a0</load_address>
         <run_address>0xf2a0</run_address>
         <size>0x636</size>
         <input_file_ref idref="fl-e8"/>
      </object_component>
      <object_component id="oc-26b">
         <name>.debug_info</name>
         <load_address>0xf8d6</load_address>
         <run_address>0xf8d6</run_address>
         <size>0x157</size>
         <input_file_ref idref="fl-e8"/>
      </object_component>
      <object_component id="oc-1c6">
         <name>.debug_info</name>
         <load_address>0xfa2d</load_address>
         <run_address>0xfa2d</run_address>
         <size>0x4803</size>
         <input_file_ref idref="fl-e8"/>
      </object_component>
      <object_component id="oc-179">
         <name>.debug_info</name>
         <load_address>0x14230</load_address>
         <run_address>0x14230</run_address>
         <size>0x110</size>
         <input_file_ref idref="fl-e8"/>
      </object_component>
      <object_component id="oc-2b8">
         <name>.debug_info</name>
         <load_address>0x14340</load_address>
         <run_address>0x14340</run_address>
         <size>0x1ef</size>
         <input_file_ref idref="fl-e8"/>
      </object_component>
      <object_component id="oc-f5">
         <name>.debug_info</name>
         <load_address>0x1452f</load_address>
         <run_address>0x1452f</run_address>
         <size>0x805</size>
         <input_file_ref idref="fl-e9"/>
      </object_component>
      <object_component id="oc-92">
         <name>.debug_info</name>
         <load_address>0x14d34</load_address>
         <run_address>0x14d34</run_address>
         <size>0x38d</size>
         <input_file_ref idref="fl-e9"/>
      </object_component>
      <object_component id="oc-f2">
         <name>.debug_info</name>
         <load_address>0x150c1</load_address>
         <run_address>0x150c1</run_address>
         <size>0x15c</size>
         <input_file_ref idref="fl-e9"/>
      </object_component>
      <object_component id="oc-8c">
         <name>.debug_info</name>
         <load_address>0x1521d</load_address>
         <run_address>0x1521d</run_address>
         <size>0x55fa</size>
         <input_file_ref idref="fl-e9"/>
      </object_component>
      <object_component id="oc-17e">
         <name>.debug_info</name>
         <load_address>0x1a817</load_address>
         <run_address>0x1a817</run_address>
         <size>0x46</size>
         <input_file_ref idref="fl-e9"/>
      </object_component>
      <object_component id="oc-183">
         <name>.debug_info</name>
         <load_address>0x1a85d</load_address>
         <run_address>0x1a85d</run_address>
         <size>0x109</size>
         <input_file_ref idref="fl-e9"/>
      </object_component>
      <object_component id="oc-18f">
         <name>.debug_info</name>
         <load_address>0x1a966</load_address>
         <run_address>0x1a966</run_address>
         <size>0x29a</size>
         <input_file_ref idref="fl-ea"/>
      </object_component>
      <object_component id="oc-fc">
         <name>.debug_info</name>
         <load_address>0x1ac00</load_address>
         <run_address>0x1ac00</run_address>
         <size>0x499</size>
         <input_file_ref idref="fl-ea"/>
      </object_component>
      <object_component id="oc-174">
         <name>.debug_info</name>
         <load_address>0x1b099</load_address>
         <run_address>0x1b099</run_address>
         <size>0x196</size>
         <input_file_ref idref="fl-eb"/>
      </object_component>
      <object_component id="oc-ee">
         <name>.debug_info</name>
         <load_address>0x1b22f</load_address>
         <run_address>0x1b22f</run_address>
         <size>0x857</size>
         <input_file_ref idref="fl-eb"/>
      </object_component>
      <object_component id="oc-25a">
         <name>.debug_info</name>
         <load_address>0x1ba86</load_address>
         <run_address>0x1ba86</run_address>
         <size>0x19a</size>
         <input_file_ref idref="fl-ec"/>
      </object_component>
      <object_component id="oc-25c">
         <name>.debug_info</name>
         <load_address>0x1bc20</load_address>
         <run_address>0x1bc20</run_address>
         <size>0xf5</size>
         <input_file_ref idref="fl-ec"/>
      </object_component>
      <object_component id="oc-21c">
         <name>.debug_info</name>
         <load_address>0x1bd15</load_address>
         <run_address>0x1bd15</run_address>
         <size>0xf9</size>
         <input_file_ref idref="fl-ec"/>
      </object_component>
      <object_component id="oc-260">
         <name>.debug_info</name>
         <load_address>0x1be0e</load_address>
         <run_address>0x1be0e</run_address>
         <size>0xfb</size>
         <input_file_ref idref="fl-ec"/>
      </object_component>
      <object_component id="oc-264">
         <name>.debug_info</name>
         <load_address>0x1bf09</load_address>
         <run_address>0x1bf09</run_address>
         <size>0x170</size>
         <input_file_ref idref="fl-ec"/>
      </object_component>
      <object_component id="oc-13e">
         <name>.debug_info</name>
         <load_address>0x1c079</load_address>
         <run_address>0x1c079</run_address>
         <size>0x18b</size>
         <input_file_ref idref="fl-ec"/>
      </object_component>
      <object_component id="oc-138">
         <name>.debug_info</name>
         <load_address>0x1c204</load_address>
         <run_address>0x1c204</run_address>
         <size>0x1bd</size>
         <input_file_ref idref="fl-ec"/>
      </object_component>
      <object_component id="oc-1ae">
         <name>.debug_info</name>
         <load_address>0x1c3c1</load_address>
         <run_address>0x1c3c1</run_address>
         <size>0x207</size>
         <input_file_ref idref="fl-ec"/>
      </object_component>
      <object_component id="oc-1c0">
         <name>.debug_info</name>
         <load_address>0x1c5c8</load_address>
         <run_address>0x1c5c8</run_address>
         <size>0x1d2</size>
         <input_file_ref idref="fl-ec"/>
      </object_component>
      <object_component id="oc-1b4">
         <name>.debug_info</name>
         <load_address>0x1c79a</load_address>
         <run_address>0x1c79a</run_address>
         <size>0x209</size>
         <input_file_ref idref="fl-ec"/>
      </object_component>
      <object_component id="oc-144">
         <name>.debug_info</name>
         <load_address>0x1c9a3</load_address>
         <run_address>0x1c9a3</run_address>
         <size>0x1ae</size>
         <input_file_ref idref="fl-ec"/>
      </object_component>
      <object_component id="oc-1ba">
         <name>.debug_info</name>
         <load_address>0x1cb51</load_address>
         <run_address>0x1cb51</run_address>
         <size>0x1b0</size>
         <input_file_ref idref="fl-ec"/>
      </object_component>
      <object_component id="oc-364">
         <name>.debug_info</name>
         <load_address>0x1cd01</load_address>
         <run_address>0x1cd01</run_address>
         <size>0xe7</size>
         <input_file_ref idref="fl-ed"/>
      </object_component>
      <object_component id="oc-332">
         <name>.debug_info</name>
         <load_address>0x1cde8</load_address>
         <run_address>0x1cde8</run_address>
         <size>0xfb</size>
         <input_file_ref idref="fl-ed"/>
      </object_component>
      <object_component id="oc-2aa">
         <name>.debug_info</name>
         <load_address>0x1cee3</load_address>
         <run_address>0x1cee3</run_address>
         <size>0x1ce</size>
         <input_file_ref idref="fl-ed"/>
      </object_component>
      <object_component id="oc-2b0">
         <name>.debug_info</name>
         <load_address>0x1d0b1</load_address>
         <run_address>0x1d0b1</run_address>
         <size>0x21c</size>
         <input_file_ref idref="fl-ed"/>
      </object_component>
      <object_component id="oc-245">
         <name>.debug_info</name>
         <load_address>0x1d2cd</load_address>
         <run_address>0x1d2cd</run_address>
         <size>0x1e3</size>
         <input_file_ref idref="fl-ed"/>
      </object_component>
      <object_component id="oc-2a7">
         <name>.debug_info</name>
         <load_address>0x1d4b0</load_address>
         <run_address>0x1d4b0</run_address>
         <size>0x1f7</size>
         <input_file_ref idref="fl-ee"/>
      </object_component>
      <object_component id="oc-2a3">
         <name>.debug_info</name>
         <load_address>0x1d6a7</load_address>
         <run_address>0x1d6a7</run_address>
         <size>0x104</size>
         <input_file_ref idref="fl-ee"/>
      </object_component>
      <object_component id="oc-220">
         <name>.debug_info</name>
         <load_address>0x1d7ab</load_address>
         <run_address>0x1d7ab</run_address>
         <size>0x1b5</size>
         <input_file_ref idref="fl-ee"/>
      </object_component>
      <object_component id="oc-232">
         <name>.debug_info</name>
         <load_address>0x1d960</load_address>
         <run_address>0x1d960</run_address>
         <size>0x1fa</size>
         <input_file_ref idref="fl-ee"/>
      </object_component>
      <object_component id="oc-23e">
         <name>.debug_info</name>
         <load_address>0x1db5a</load_address>
         <run_address>0x1db5a</run_address>
         <size>0x1fc</size>
         <input_file_ref idref="fl-ee"/>
      </object_component>
      <object_component id="oc-1d0">
         <name>.debug_info</name>
         <load_address>0x1dd56</load_address>
         <run_address>0x1dd56</run_address>
         <size>0x225</size>
         <input_file_ref idref="fl-ee"/>
      </object_component>
      <object_component id="oc-238">
         <name>.debug_info</name>
         <load_address>0x1df7b</load_address>
         <run_address>0x1df7b</run_address>
         <size>0x1cf</size>
         <input_file_ref idref="fl-ee"/>
      </object_component>
      <object_component id="oc-14a">
         <name>.debug_info</name>
         <load_address>0x1e14a</load_address>
         <run_address>0x1e14a</run_address>
         <size>0x292</size>
         <input_file_ref idref="fl-ee"/>
      </object_component>
      <object_component id="oc-226">
         <name>.debug_info</name>
         <load_address>0x1e3dc</load_address>
         <run_address>0x1e3dc</run_address>
         <size>0x1ce</size>
         <input_file_ref idref="fl-ee"/>
      </object_component>
      <object_component id="oc-22c">
         <name>.debug_info</name>
         <load_address>0x1e5aa</load_address>
         <run_address>0x1e5aa</run_address>
         <size>0x1e3</size>
         <input_file_ref idref="fl-ee"/>
      </object_component>
      <object_component id="oc-1d6">
         <name>.debug_info</name>
         <load_address>0x1e78d</load_address>
         <run_address>0x1e78d</run_address>
         <size>0x26b</size>
         <input_file_ref idref="fl-ef"/>
      </object_component>
      <object_component id="oc-278">
         <name>.debug_info</name>
         <load_address>0x1e9f8</load_address>
         <run_address>0x1e9f8</run_address>
         <size>0x18d</size>
         <input_file_ref idref="fl-ef"/>
      </object_component>
      <object_component id="oc-272">
         <name>.debug_info</name>
         <load_address>0x1eb85</load_address>
         <run_address>0x1eb85</run_address>
         <size>0x18f</size>
         <input_file_ref idref="fl-ef"/>
      </object_component>
      <object_component id="oc-1e8">
         <name>.debug_info</name>
         <load_address>0x1ed14</load_address>
         <run_address>0x1ed14</run_address>
         <size>0x199</size>
         <input_file_ref idref="fl-ef"/>
      </object_component>
      <object_component id="oc-1ee">
         <name>.debug_info</name>
         <load_address>0x1eead</load_address>
         <run_address>0x1eead</run_address>
         <size>0x1a9</size>
         <input_file_ref idref="fl-ef"/>
[...]
         <name>osi_TaskDisable</name>
         <value>0x200076d1</value>
         <object_component_ref idref="oc-12b"/>
      </symbol>
      <symbol id="sm-5d7">
         <name>osi_Spawn</name>
         <value>0x200074af</value>
         <object_component_ref idref="oc-12b"/>
      </symbol>
      <symbol id="sm-5d8">
         <name>mem_Free</name>
         <value>0x20007671</value>
         <object_component_ref idref="oc-12b"/>
      </symbol>
      <symbol id="sm-5d9">
         <name>osi_ContextSave</name>
         <value>0x200076e5</value>
         <object_component_ref idref="oc-12b"/>
      </symbol>
      <symbol id="sm-5da">
         <name>xSimpleLinkSpawnQueue</name>
         <value>0x2001b1dc</value>
         <object_component_ref idref="oc-1cb"/>
      </symbol>
      <symbol id="sm-5db">
         <name>xSimpleLinkSpawnTaskHndl</name>
         <value>0x2001b1e0</value>
         <object_component_ref idref="oc-1cb"/>
      </symbol>
      <symbol id="sm-603">
         <name>vPortSetupTimerInterrupt</name>
         <value>0x200087b9</value>
         <object_component_ref idref="oc-38"/>
      </symbol>
      <symbol id="sm-604">
         <name>vPortEndScheduler</name>
         <value>0x20008759</value>
         <object_component_ref idref="oc-38"/>
      </symbol>
      <symbol id="sm-605">
         <name>vPortYield</name>
         <value>0x2000875b</value>
         <object_component_ref idref="oc-38"/>
      </symbol>
      <symbol id="sm-606">
         <name>xPortSysTickHandler</name>
         <value>0x2000879d</value>
         <object_component_ref idref="oc-38"/>
      </symbol>
      <symbol id="sm-607">
         <name>pxPortInitialiseStack</name>
         <value>0x200086dd</value>
         <object_component_ref idref="oc-38"/>
      </symbol>
      <symbol id="sm-608">
         <name>vPortExitCritical</name>
         <value>0x20008785</value>
         <object_component_ref idref="oc-38"/>
      </symbol>
      <symbol id="sm-609">
         <name>xPortStartScheduler</name>
         <value>0x2000872d</value>
         <object_component_ref idref="oc-38"/>
      </symbol>
      <symbol id="sm-60a">
         <name>vPortEnterCritical</name>
         <value>0x2000876d</value>
         <object_component_ref idref="oc-38"/>
      </symbol>
      <symbol id="sm-61b">
         <name>portCLZ</name>
         <value>0x20008a6d</value>
         <object_component_ref idref="oc-33"/>
      </symbol>
      <symbol id="sm-61c">
         <name>xPortPendSVHandler</name>
         <value>0x200089e1</value>
         <object_component_ref idref="oc-33"/>
      </symbol>
      <symbol id="sm-61d">
         <name>vPortClearInterruptMask</name>
         <value>0x200089d3</value>
         <object_component_ref idref="oc-33"/>
      </symbol>
      <symbol id="sm-61e">
         <name>ulPortSetInterruptMask</name>
         <value>0x200089bd</value>
         <object_component_ref idref="oc-33"/>
      </symbol>
      <symbol id="sm-61f">
         <name>prvPortStartFirstTask</name>
         <value>0x20008a55</value>
         <object_component_ref idref="oc-33"/>
      </symbol>
      <symbol id="sm-620">
         <name>vPortSVCHandler</name>
         <value>0x20008a2d</value>
         <object_component_ref idref="oc-33"/>
      </symbol>
      <symbol id="sm-6d4">
         <name>xQueuePeekFromISR</name>
         <value>0x20006e31</value>
         <object_component_ref idref="oc-1c5"/>
      </symbol>
      <symbol id="sm-6d5">
         <name>xQueueIsQueueEmptyFromISR</name>
         <value>0x200070b7</value>
         <object_component_ref idref="oc-1c5"/>
      </symbol>
      <symbol id="sm-6d6">
         <name>xQueueGenericSendFromISR</name>
         <value>0x20006bdb</value>
         <object_component_ref idref="oc-1c5"/>
      </symbol>
      <symbol id="sm-6d7">
         <name>uxQueueMessagesWaiting</name>
         <value>0x20006e75</value>
         <object_component_ref idref="oc-1c5"/>
      </symbol>
      <symbol id="sm-6d8">
         <name>vQueueAddToRegistry</name>
         <value>0x2000711b</value>
         <object_component_ref idref="oc-1c5"/>
      </symbol>
      <symbol id="sm-6d9">
         <name>xQueueIsQueueFullFromISR</name>
         <value>0x200070f9</value>
         <object_component_ref idref="oc-1c5"/>
      </symbol>
      <symbol id="sm-6da">
         <name>xQueueSelectFromSet</name>
         <value>0x20007221</value>
         <object_component_ref idref="oc-1c5"/>
      </symbol>
      <symbol id="sm-6db">
         <name>xQueueGenericCreate</name>
         <value>0x20006811</value>
         <object_component_ref idref="oc-1c5"/>
      </symbol>
      <symbol id="sm-6dc">
         <name>xQueueSelectFromSetFromISR</name>
         <value>0x2000723b</value>
         <object_component_ref idref="oc-1c5"/>
      </symbol>
      <symbol id="sm-6dd">
         <name>xQueueCreateMutex</name>
         <value>0x20006887</value>
         <object_component_ref idref="oc-1c5"/>
      </symbol>
      <symbol id="sm-6de">
         <name>vQueueSetQueueNumber</name>
         <value>0x20006eef</value>
         <object_component_ref idref="oc-1c5"/>
      </symbol>
      <symbol id="sm-6df">
         <name>xQueueGenericSend</name>
         <value>0x20006925</value>
         <object_component_ref idref="oc-1c5"/>
      </symbol>
      <symbol id="sm-6e0">
         <name>xQueueGenericReset</name>
         <value>0x20006781</value>
         <object_component_ref idref="oc-1c5"/>
      </symbol>
      <symbol id="sm-6e1">
         <name>xQueueReceiveFromISR</name>
         <value>0x20006db9</value>
         <object_component_ref idref="oc-1c5"/>
      </symbol>
      <symbol id="sm-6e2">
         <name>uxQueueSpacesAvailable</name>
         <value>0x20006e8b</value>
         <object_component_ref idref="oc-1c5"/>
      </symbol>
      <symbol id="sm-6e3">
         <name>xQueueRegistry</name>
         <value>0x2001b0c8</value>
         <object_component_ref idref="oc-26a"/>
      </symbol>
      <symbol id="sm-6e4">
         <name>vQueueUnregisterQueue</name>
         <value>0x2000715d</value>
         <object_component_ref idref="oc-1c5"/>
      </symbol>
      <symbol id="sm-6e5">
         <name>xQueueAltGenericReceive</name>
         <value>0x20006add</value>
         <object_component_ref idref="oc-1c5"/>
      </symbol>
      <symbol id="sm-6e6">
         <name>uxQueueMessagesWaitingFromISR</name>
         <value>0x20006eab</value>
         <object_component_ref idref="oc-1c5"/>
      </symbol>
      <symbol id="sm-6e7">
         <name>uxQueueGetQueueNumber</name>
         <value>0x20006ee1</value>
         <object_component_ref idref="oc-1c5"/>
      </symbol>
      <symbol id="sm-6e8">
         <name>xQueueGenericReceive</name>
         <value>0x20006c77</value>
         <object_component_ref idref="oc-1c5"/>
      </symbol>
      <symbol id="sm-6e9">
         <name>xQueueCreateCountingSemaphore</name>
         <value>0x20006905</value>
         <object_component_ref idref="oc-1c5"/>
      </symbol>
      <symbol id="sm-6ea">
         <name>vQueueDelete</name>
         <value>0x20006ebd</value>
         <object_component_ref idref="oc-1c5"/>
      </symbol>
      <symbol id="sm-6eb">
         <name>xQueueAddToSet</name>
         <value>0x200071ab</value>
         <object_component_ref idref="oc-1c5"/>
      </symbol>
      <symbol id="sm-6ec">
         <name>xQueueAltGenericSend</name>
         <value>0x20006a31</value>
         <object_component_ref idref="oc-1c5"/>
      </symbol>
      <symbol id="sm-6ed">
         <name>xQueueCreateSet</name>
         <value>0x20007197</value>
         <object_component_ref idref="oc-1c5"/>
      </symbol>
      <symbol id="sm-6ee">
         <name>xQueueRemoveFromSet</name>
         <value>0x200071df</value>
         <object_component_ref idref="oc-1c5"/>
      </symbol>
      <symbol id="sm-6ef">
         <name>ucQueueGetQueueType</name>
         <value>0x20006f01</value>
         <object_component_ref idref="oc-1c5"/>
      </symbol>
      <symbol id="sm-862">
         <name>vTaskDelay</name>
         <value>0x2000463b</value>
         <object_component_ref idref="oc-8b"/>
      </symbol>
      <symbol id="sm-863">
         <name>vTaskSuspendAll</name>
         <value>0x20004a9f</value>
         <object_component_ref idref="oc-8b"/>
      </symbol>
      <symbol id="sm-864">
         <name>vTaskPriorityInherit</name>
         <value>0x200054e1</value>
         <object_component_ref idref="oc-8b"/>
      </symbol>
      <symbol id="sm-865">
         <name>vTaskPlaceOnEventList</name>
         <value>0x20004e55</value>
         <object_component_ref idref="oc-8b"/>
      </symbol>
      <symbol id="sm-866">
         <name>vTaskSetTaskNumber</name>
         <value>0x200050ed</value>
         <object_component_ref idref="oc-8b"/>
      </symbol>
      <symbol id="sm-867">
         <name>xTaskCheckForTimeOut</name>
         <value>0x20005045</value>
         <object_component_ref idref="oc-8b"/>
      </symbol>
      <symbol id="sm-868">
         <name>xTaskRemoveFromUnorderedEventList</name>
         <value>0x20004fb1</value>
         <object_component_ref idref="oc-8b"/>
      </symbol>
      <symbol id="sm-869">
         <name>vTaskPrioritySet</name>
         <value>0x2000475d</value>
         <object_component_ref idref="oc-8b"/>
      </symbol>
      <symbol id="sm-86a">
         <name>vTaskStartScheduler</name>
         <value>0x20004a43</value>
         <object_component_ref idref="oc-8b"/>
      </symbol>
      <symbol id="sm-86b">
         <name>pcTaskGetTaskName</name>
         <value>0x20004bb5</value>
         <object_component_ref idref="oc-8b"/>
      </symbol>
      <symbol id="sm-86c">
         <name>vTaskPriorityDisinherit</name>
         <value>0x2000559b</value>
         <object_component_ref idref="oc-8b"/>
      </symbol>
      <symbol id="sm-86d">
         <name>vTaskDelayUntil</name>
         <value>0x2000459f</value>
         <object_component_ref idref="oc-8b"/>
      </symbol>
      <symbol id="sm-86e">
         <name>uxTaskGetTaskNumber</name>
         <value>0x200050cd</value>
         <object_component_ref idref="oc-8b"/>
      </symbol>
      <symbol id="sm-86f">
         <name>vTaskEndScheduler</name>
         <value>0x20004a8d</value>
         <object_component_ref idref="oc-8b"/>
      </symbol>
      <symbol id="sm-870">
         <name>vTaskMissedYield</name>
         <value>0x200050bf</value>
         <object_component_ref idref="oc-8b"/>
      </symbol>
      <symbol id="sm-871">
         <name>uxTaskGetNumberOfTasks</name>
         <value>0x20004ba9</value>
         <object_component_ref idref="oc-8b"/>
      </symbol>
      <symbol id="sm-872">
         <name>uxTaskPriorityGet</name>
         <value>0x20004725</value>
         <object_component_ref idref="oc-8b"/>
      </symbol>
      <symbol id="sm-873">
         <name>xTaskResumeAll</name>
         <value>0x20004ab1</value>
         <object_component_ref idref="oc-8b"/>
      </symbol>
      <symbol id="sm-874">
         <name>xTaskGetTickCount</name>
         <value>0x20004b7d</value>
         <object_component_ref idref="oc-8b"/>
      </symbol>
      <symbol id="sm-875">
         <name>xTaskGenericCreate</name>
         <value>0x20004401</value>
         <object_component_ref idref="oc-8b"/>
      </symbol>
      <symbol id="sm-876">
         <name>uxTaskGetSystemState</name>
         <value>0x20004bd9</value>
         <object_component_ref idref="oc-8b"/>
      </symbol>
      <symbol id="sm-877">
         <name>vTaskDelete</name>
         <value>0x2000450f</value>
         <object_component_ref idref="oc-8b"/>
      </symbol>
      <symbol id="sm-878">
         <name>pxCurrentTCB</name>
         <value>0x2001b18c</value>
         <object_component_ref idref="oc-91"/>
      </symbol>
      <symbol id="sm-879">
         <name>eTaskGetState</name>
         <value>0x20004691</value>
         <object_component_ref idref="oc-8b"/>
      </symbol>
      <symbol id="sm-87a">
         <name>vTaskSuspend</name>
         <value>0x20004861</value>
         <object_component_ref idref="oc-8b"/>
      </symbol>
      <symbol id="sm-87b">
         <name>xTaskGetIdleTaskHandle</name>
         <value>0x20004c97</value>
         <object_component_ref idref="oc-8b"/>
      </symbol>
      <symbol id="sm-87c">
         <name>xTaskGetTickCountFromISR</name>
         <value>0x20004b91</value>
         <object_component_ref idref="oc-8b"/>
      </symbol>
      <symbol id="sm-87d">
         <name>vTaskResume</name>
         <value>0x20004955</value>
         <object_component_ref idref="oc-8b"/>
      </symbol>
      <symbol id="sm-87e">
         <name>vTaskSetTimeOutState</name>
         <value>0x2000501f</value>
         <object_component_ref idref="oc-8b"/>
      </symbol>
      <symbol id="sm-87f">
         <name>xTaskIncrementTick</name>
         <value>0x20004cb1</value>
         <object_component_ref idref="oc-8b"/>
      </symbol>
      <symbol id="sm-880">
         <name>vTaskSwitchContext</name>
         <value>0x20004dd5</value>
         <object_component_ref idref="oc-8b"/>
      </symbol>
      <symbol id="sm-881">
         <name>uxTaskResetEventItemValue</name>
         <value>0x20005625</value>
         <object_component_ref idref="oc-8b"/>
      </symbol>
      <symbol id="sm-882">
         <name>xTaskGetSchedulerState</name>
         <value>0x200054a9</value>
         <object_component_ref idref="oc-8b"/>
      </symbol>
      <symbol id="sm-883">
         <name>xTaskResumeFromISR</name>
         <value>0x200049c9</value>
         <object_component_ref idref="oc-8b"/>
      </symbol>
      <symbol id="sm-884">
         <name>xTaskGetCurrentTaskHandle</name>
         <value>0x20005495</value>
         <object_component_ref idref="oc-8b"/>
      </symbol>
      <symbol id="sm-885">
         <name>vTaskPlaceOnUnorderedEventList</name>
         <value>0x20004eb9</value>
         <object_component_ref idref="oc-8b"/>
      </symbol>
      <symbol id="sm-886">
         <name>xTaskRemoveFromEventList</name>
         <value>0x20004f2d</value>
         <object_component_ref idref="oc-8b"/>
      </symbol>
      <symbol id="sm-896">
         <name>pvPortMalloc</name>
         <value>0x20009425</value>
         <object_component_ref idref="oc-fb"/>
      </symbol>
      <symbol id="sm-897">
         <name>vPortFree</name>
         <value>0x20009445</value>
         <object_component_ref idref="oc-fb"/>
      </symbol>
      <symbol id="sm-8ad">
         <name>uxListRemove</name>
         <value>0x20008695</value>
         <object_component_ref idref="oc-eb"/>
      </symbol>
      <symbol id="sm-8ae">
         <name>vListInsert</name>
         <value>0x2000862f</value>
         <object_component_ref idref="oc-eb"/>
      </symbol>
      <symbol id="sm-8af">
         <name>vListInitialiseItem</name>
         <value>0x200085e3</value>
         <object_component_ref idref="oc-eb"/>
      </symbol>
      <symbol id="sm-8b0">
         <name>vListInsertEnd</name>
         <value>0x200085f3</value>
         <object_component_ref idref="oc-eb"/>
      </symbol>
      <symbol id="sm-8b1">
         <name>vListInitialise</name>
         <value>0x200085b3</value>
         <object_component_ref idref="oc-eb"/>
      </symbol>
      <symbol id="sm-928">
         <name>IntPrioritySet</name>
         <value>0x2000918d</value>
         <object_component_ref idref="oc-1b3"/>
      </symbol>
      <symbol id="sm-929">
         <name>IntVTableBaseSet</name>
         <value>0x200096b1</value>
         <object_component_ref idref="oc-137"/>
      </symbol>
      <symbol id="sm-92a">
         <name>IntEnable</name>
         <value>0x20008b1d</value>
         <object_component_ref idref="oc-143"/>
      </symbol>
      <symbol id="sm-92b">
         <name>IntDisable</name>
         <value>0x20008a75</value>
         <object_component_ref idref="oc-1b9"/>
      </symbol>
      <symbol id="sm-92c">
         <name>IntRegister</name>
         <value>0x2000957d</value>
         <object_component_ref idref="oc-1ad"/>
      </symbol>
      <symbol id="sm-92d">
         <name>IntUnregister</name>
         <value>0x20009511</value>
         <object_component_ref idref="oc-1bf"/>
      </symbol>
      <symbol id="sm-92e">
         <name>IntMasterEnable</name>
         <value>0x20009715</value>
         <object_component_ref idref="oc-13d"/>
      </symbol>
      <symbol id="sm-95b">
         <name>PinTypeUART</name>
         <value>0x2000960f</value>
         <object_component_ref idref="oc-244"/>
      </symbol>
      <symbol id="sm-95c">
         <name>PinConfigSet</name>
         <value>0x20008cf5</value>
         <object_component_ref idref="oc-2af"/>
      </symbol>
      <symbol id="sm-95d">
         <name>PinModeSet</name>
         <value>0x20009369</value>
         <object_component_ref idref="oc-2a9"/>
      </symbol>
      <symbol id="sm-9e3">
         <name>PRCMPeripheralReset</name>
         <value>0x20009135</value>
         <object_component_ref idref="oc-237"/>
      </symbol>
      <symbol id="sm-9e4">
         <name>PRCMPeripheralClkEnable</name>
         <value>0x200093e9</value>
         <object_component_ref idref="oc-231"/>
      </symbol>
      <symbol id="sm-9e5">
         <name>PRCMPeripheralClockGet</name>
         <value>0x20008c61</value>
         <object_component_ref idref="oc-1cf"/>
      </symbol>
      <symbol id="sm-9e6">
         <name>PRCMCC3200MCUInit</name>
         <value>0x20008305</value>
         <object_component_ref idref="oc-149"/>
      </symbol>
      <symbol id="sm-9e7">
         <name>PRCMHIBRegWrite</name>
         <value>0x2000966f</value>
         <object_component_ref idref="oc-22b"/>
      </symbol>
      <symbol id="sm-9e8">
         <name>PRCMSysResetCauseGet</name>
         <value>0x200094bd</value>
         <object_component_ref idref="oc-21f"/>
      </symbol>
      <symbol id="sm-9e9">
         <name>PRCMPeripheralClkDisable</name>
         <value>0x200094e9</value>
         <object_component_ref idref="oc-23d"/>
      </symbol>
      <symbol id="sm-9ea">
         <name>PRCMHIBRegRead</name>
         <value>0x20009659</value>
         <object_component_ref idref="oc-225"/>
      </symbol>
      <symbol id="sm-a26">
         <name>UARTConfigSetExpClk</name>
         <value>0x20008f8b</value>
         <object_component_ref idref="oc-1d5"/>
      </symbol>
      <symbol id="sm-a27">
         <name>UARTDisable</name>
         <value>0x2000945d</value>
         <object_component_ref idref="oc-271"/>
      </symbol>
      <symbol id="sm-a28">
         <name>UARTCharsAvail</name>
         <value>0x20009629</value>
         <object_component_ref idref="oc-1e7"/>
      </symbol>
      <symbol id="sm-a29">
         <name>UARTCharGetNonBlocking</name>
         <value>0x200095bb</value>
         <object_component_ref idref="oc-1ed"/>
      </symbol>
      <symbol id="sm-a2a">
         <name>UARTCharPut</name>
         <value>0x2000959d</value>
         <object_component_ref idref="oc-1db"/>
      </symbol>
      <symbol id="sm-a2b">
         <name>UARTEnable</name>
         <value>0x20009535</value>
         <object_component_ref idref="oc-277"/>
      </symbol>
      <symbol id="sm-a2f">
         <name>UtilsDelay</name>
         <value>0x20009727</value>
         <object_component_ref idref="oc-29f"/>
      </symbol>
      <symbol id="sm-a39">
         <name>CPUcpsie</name>
         <value>0x2000969b</value>
         <object_component_ref idref="oc-20f"/>
      </symbol>
      <symbol id="sm-a3b">
         <name>__TI_static_base__</name>
         <value>0x20009ae0</value>
      </symbol>
      <symbol id="sm-a3e">
         <name>SHT$$INIT_ARRAY$$Limit</name>
         <value>0x0</value>
      </symbol>
      <symbol id="sm-a3f">
         <name>SHT$$INIT_ARRAY$$Base</name>
         <value>0x0</value>
      </symbol>
   </symbol_table>
   <title>Link successful</title>
</link_info>
